Archive member included to satisfy reference by file (symbol)

c:/program files (x86)/atollic/truestudio for stm32 9.3.0/armtools/bin/../lib/gcc/arm-atollic-eabi/6.3.1/../../../../arm-atollic-eabi/lib/armv7e-m/fpu\libc_nano.a(lib_a-errno.o)
                              Src\syscalls.o (__errno)
c:/program files (x86)/atollic/truestudio for stm32 9.3.0/armtools/bin/../lib/gcc/arm-atollic-eabi/6.3.1/../../../../arm-atollic-eabi/lib/armv7e-m/fpu\libc_nano.a(lib_a-impure.o)
                              c:/program files (x86)/atollic/truestudio for stm32 9.3.0/armtools/bin/../lib/gcc/arm-atollic-eabi/6.3.1/../../../../arm-atollic-eabi/lib/armv7e-m/fpu\libc_nano.a(lib_a-errno.o) (_impure_ptr)
c:/program files (x86)/atollic/truestudio for stm32 9.3.0/armtools/bin/../lib/gcc/arm-atollic-eabi/6.3.1/../../../../arm-atollic-eabi/lib/armv7e-m/fpu\libc_nano.a(lib_a-init.o)
                              startup\startup_stm32f407xx.o (__libc_init_array)
c:/program files (x86)/atollic/truestudio for stm32 9.3.0/armtools/bin/../lib/gcc/arm-atollic-eabi/6.3.1/../../../../arm-atollic-eabi/lib/armv7e-m/fpu\libc_nano.a(lib_a-lcltime_r.o)
                              Platform\esp8266_task\esp8266_task.o (localtime_r)
c:/program files (x86)/atollic/truestudio for stm32 9.3.0/armtools/bin/../lib/gcc/arm-atollic-eabi/6.3.1/../../../../arm-atollic-eabi/lib/armv7e-m/fpu\libc_nano.a(lib_a-memcmp.o)
                              Application\engine\json_parcer.o (memcmp)
c:/program files (x86)/atollic/truestudio for stm32 9.3.0/armtools/bin/../lib/gcc/arm-atollic-eabi/6.3.1/../../../../arm-atollic-eabi/lib/armv7e-m/fpu\libc_nano.a(lib_a-memcpy-stub.o)
                              Application\engine\json_parcer.o (memcpy)
c:/program files (x86)/atollic/truestudio for stm32 9.3.0/armtools/bin/../lib/gcc/arm-atollic-eabi/6.3.1/../../../../arm-atollic-eabi/lib/armv7e-m/fpu\libc_nano.a(lib_a-memset.o)
                              Application\engine\telegram.o (memset)
c:/program files (x86)/atollic/truestudio for stm32 9.3.0/armtools/bin/../lib/gcc/arm-atollic-eabi/6.3.1/../../../../arm-atollic-eabi/lib/armv7e-m/fpu\libc_nano.a(lib_a-mktime.o)
                              Application\engine\bit_engine.o (mktime)
c:/program files (x86)/atollic/truestudio for stm32 9.3.0/armtools/bin/../lib/gcc/arm-atollic-eabi/6.3.1/../../../../arm-atollic-eabi/lib/armv7e-m/fpu\libc_nano.a(lib_a-month_lengths.o)
                              c:/program files (x86)/atollic/truestudio for stm32 9.3.0/armtools/bin/../lib/gcc/arm-atollic-eabi/6.3.1/../../../../arm-atollic-eabi/lib/armv7e-m/fpu\libc_nano.a(lib_a-lcltime_r.o) (__month_lengths)
c:/program files (x86)/atollic/truestudio for stm32 9.3.0/armtools/bin/../lib/gcc/arm-atollic-eabi/6.3.1/../../../../arm-atollic-eabi/lib/armv7e-m/fpu\libc_nano.a(lib_a-sprintf.o)
                              Application\esp8266\esp8266.o (sprintf)
c:/program files (x86)/atollic/truestudio for stm32 9.3.0/armtools/bin/../lib/gcc/arm-atollic-eabi/6.3.1/../../../../arm-atollic-eabi/lib/armv7e-m/fpu\libc_nano.a(lib_a-strcat.o)
                              Platform\esp8266_task\esp8266_task.o (strcat)
c:/program files (x86)/atollic/truestudio for stm32 9.3.0/armtools/bin/../lib/gcc/arm-atollic-eabi/6.3.1/../../../../arm-atollic-eabi/lib/armv7e-m/fpu\libc_nano.a(lib_a-strchr.o)
                              Platform\esp8266_task\esp8266_task.o (strchr)
c:/program files (x86)/atollic/truestudio for stm32 9.3.0/armtools/bin/../lib/gcc/arm-atollic-eabi/6.3.1/../../../../arm-atollic-eabi/lib/armv7e-m/fpu\libc_nano.a(lib_a-strcpy.o)
                              Platform\esp8266_task\esp8266_task.o (strcpy)
c:/program files (x86)/atollic/truestudio for stm32 9.3.0/armtools/bin/../lib/gcc/arm-atollic-eabi/6.3.1/../../../../arm-atollic-eabi/lib/armv7e-m/fpu\libc_nano.a(lib_a-strlen.o)
                              Application\engine\json_parcer.o (strlen)
c:/program files (x86)/atollic/truestudio for stm32 9.3.0/armtools/bin/../lib/gcc/arm-atollic-eabi/6.3.1/../../../../arm-atollic-eabi/lib/armv7e-m/fpu\libc_nano.a(lib_a-strncmp.o)
                              Application\engine\json_parcer.o (strncmp)
c:/program files (x86)/atollic/truestudio for stm32 9.3.0/armtools/bin/../lib/gcc/arm-atollic-eabi/6.3.1/../../../../arm-atollic-eabi/lib/armv7e-m/fpu\libc_nano.a(lib_a-strstr.o)
                              Application\esp8266\esp8266.o (strstr)
c:/program files (x86)/atollic/truestudio for stm32 9.3.0/armtools/bin/../lib/gcc/arm-atollic-eabi/6.3.1/../../../../arm-atollic-eabi/lib/armv7e-m/fpu\libc_nano.a(lib_a-strtol.o)
                              Application\engine\json_parcer.o (strtol)
c:/program files (x86)/atollic/truestudio for stm32 9.3.0/armtools/bin/../lib/gcc/arm-atollic-eabi/6.3.1/../../../../arm-atollic-eabi/lib/armv7e-m/fpu\libc_nano.a(lib_a-tzcalc_limits.o)
[...]
Memory Configuration

Name             Origin             Length             Attributes
RAM              0x20000000         0x00020000         xrw
CCMRAM           0x10000000         0x00010000         xrw
FLASH            0x08000000         0x00100000         xr
*default*        0x00000000         0xffffffff

Linker script and memory map

LOAD c:/program files (x86)/atollic/truestudio for stm32 9.3.0/armtools/bin/../lib/gcc/arm-atollic-eabi/6.3.1/armv7e-m/fpu/crti.o
LOAD c:/program files (x86)/atollic/truestudio for stm32 9.3.0/armtools/bin/../lib/gcc/arm-atollic-eabi/6.3.1/armv7e-m/fpu/crtbegin.o
LOAD Application\engine\bit_engine.o
LOAD Application\engine\json_parcer.o
LOAD Application\engine\telegram.o
LOAD Application\engine\time_engine.o
LOAD Application\esp8266\esp8266.o
LOAD Application\ring_buffer\ring_buffer.o
LOAD Application\w25q\w25q.o
LOAD Drivers\STM32F4xx_HAL_Driver\Src\stm32f4xx_hal.o
LOAD Drivers\STM32F4xx_HAL_Driver\Src\stm32f4xx_hal_cortex.o
LOAD Drivers\STM32F4xx_HAL_Driver\Src\stm32f4xx_hal_dma.o
LOAD Drivers\STM32F4xx_HAL_Driver\Src\stm32f4xx_hal_dma_ex.o
LOAD Drivers\STM32F4xx_HAL_Driver\Src\stm32f4xx_hal_exti.o
LOAD Drivers\STM32F4xx_HAL_Driver\Src\stm32f4xx_hal_flash.o
LOAD Drivers\STM32F4xx_HAL_Driver\Src\stm32f4xx_hal_flash_ex.o
LOAD Drivers\STM32F4xx_HAL_Driver\Src\stm32f4xx_hal_flash_ramfunc.o
LOAD Drivers\STM32F4xx_HAL_Driver\Src\stm32f4xx_hal_gpio.o
LOAD Drivers\STM32F4xx_HAL_Driver\Src\stm32f4xx_hal_pwr.o
LOAD Drivers\STM32F4xx_HAL_Driver\Src\stm32f4xx_hal_pwr_ex.o
LOAD Drivers\STM32F4xx_HAL_Driver\Src\stm32f4xx_hal_rcc.o
LOAD Drivers\STM32F4xx_HAL_Driver\Src\stm32f4xx_hal_rcc_ex.o
LOAD Drivers\STM32F4xx_HAL_Driver\Src\stm32f4xx_hal_sd.o
LOAD Drivers\STM32F4xx_HAL_Driver\Src\stm32f4xx_hal_tim.o
LOAD Drivers\STM32F4xx_HAL_Driver\Src\stm32f4xx_hal_tim_ex.o
LOAD Drivers\STM32F4xx_HAL_Driver\Src\stm32f4xx_ll_adc.o
LOAD Drivers\STM32F4xx_HAL_Driver\Src\stm32f4xx_ll_dma.o
LOAD Drivers\STM32F4xx_HAL_Driver\Src\stm32f4xx_ll_exti.o
LOAD Drivers\STM32F4xx_HAL_Driver\Src\stm32f4xx_ll_gpio.o
LOAD Drivers\STM32F4xx_HAL_Driver\Src\stm32f4xx_ll_i2c.o
LOAD Drivers\STM32F4xx_HAL_Driver\Src\stm32f4xx_ll_rcc.o
LOAD Drivers\STM32F4xx_HAL_Driver\Src\stm32f4xx_ll_rtc.o
LOAD Drivers\STM32F4xx_HAL_Driver\Src\stm32f4xx_ll_sdmmc.o
LOAD Drivers\STM32F4xx_HAL_Driver\Src\stm32f4xx_ll_spi.o
LOAD Drivers\STM32F4xx_HAL_Driver\Src\stm32f4xx_ll_usart.o
LOAD Drivers\STM32F4xx_HAL_Driver\Src\stm32f4xx_ll_utils.o
LOAD Middlewares\Third_Party\FatFs\src\diskio.o
LOAD Middlewares\Third_Party\FatFs\src\ff.o
LOAD Middlewares\Third_Party\FatFs\src\ff_gen_drv.o
LOAD Middlewares\Third_Party\FatFs\src\option\syscall.o
LOAD Middlewares\Third_Party\FreeRTOS\Source\CMSIS_RTOS_V2\cmsis_os2.o
LOAD Middlewares\Third_Party\FreeRTOS\Source\croutine.o
LOAD Middlewares\Third_Party\FreeRTOS\Source\event_groups.o
LOAD Middlewares\Third_Party\FreeRTOS\Source\list.o
LOAD Middlewares\Third_Party\FreeRTOS\Source\portable\GCC\ARM_CM4F\port.o
LOAD Middlewares\Third_Party\FreeRTOS\Source\portable\MemMang\heap_4.o
LOAD Middlewares\Third_Party\FreeRTOS\Source\queue.o
LOAD Middlewares\Third_Party\FreeRTOS\Source\stream_buffer.o
LOAD Middlewares\Third_Party\FreeRTOS\Source\tasks.o
LOAD Middlewares\Third_Party\FreeRTOS\Source\timers.o
LOAD Platform\bit_engine_task\bit_engine_task.o
LOAD Platform\esp8266_task\esp8266_task.o
LOAD Platform\ino\ino.o
LOAD Platform\led_task\led_task.o
LOAD Platform\relay_task\relay_task.o
LOAD Platform\sensor_task\sensor.o
LOAD Platform\sensor_task\sensor_task.o
LOAD Platform\uart\uart2.o
LOAD Platform\uart\uart3.o
LOAD Src\adc.o
LOAD Src\bsp_driver_sd.o
LOAD Src\fatfs.o
LOAD Src\fatfs_platform.o
LOAD Src\freertos.o
LOAD Src\gpio.o
LOAD Src\i2c.o
LOAD Src\main.o
LOAD Src\rtc.o
LOAD Src\sd_diskio.o
LOAD Src\sdio.o
LOAD Src\spi.o
LOAD Src\stm32f4xx_hal_msp.o
LOAD Src\stm32f4xx_hal_timebase_tim.o
LOAD Src\stm32f4xx_it.o
LOAD Src\syscalls.o
LOAD Src\system_stm32f4xx.o
LOAD Src\usart.o
LOAD startup\startup_stm32f407xx.o
                0x00000080                malloc_getpagesize_P = 0x80
START GROUP
LOAD c:/program files (x86)/atollic/truestudio for stm32 9.3.0/armtools/bin/../lib/gcc/arm-atollic-eabi/6.3.1/../../../../arm-atollic-eabi/lib/armv7e-m/fpu\libc_nano.a
LOAD c:/program files (x86)/atollic/truestudio for stm32 9.3.0/armtools/bin/../lib/gcc/arm-atollic-eabi/6.3.1/../../../../arm-atollic-eabi/lib/armv7e-m/fpu\libm.a
END GROUP
START GROUP
LOAD c:/program files (x86)/atollic/truestudio for stm32 9.3.0/armtools/bin/../lib/gcc/arm-atollic-eabi/6.3.1/armv7e-m/fpu\libgcc.a
LOAD c:/program files (x86)/atollic/truestudio for stm32 9.3.0/armtools/bin/../lib/gcc/arm-atollic-eabi/6.3.1/../../../../arm-atollic-eabi/lib/armv7e-m/fpu\libc_nano.a
END GROUP
START GROUP
LOAD c:/program files (x86)/atollic/truestudio for stm32 9.3.0/armtools/bin/../lib/gcc/arm-atollic-eabi/6.3.1/armv7e-m/fpu\libgcc.a
LOAD c:/program files (x86)/atollic/truestudio for stm32 9.3.0/armtools/bin/../lib/gcc/arm-atollic-eabi/6.3.1/../../../../arm-atollic-eabi/lib/armv7e-m/fpu\libc_nano.a
LOAD c:/program files (x86)/atollic/truestudio for stm32 9.3.0/armtools/bin/../lib/gcc/arm-atollic-eabi/6.3.1/../../../../arm-atollic-eabi/lib/armv7e-m/fpu\libnosys.a
END GROUP
START GROUP
LOAD c:/program files (x86)/atollic/truestudio for stm32 9.3.0/armtools/bin/../lib/gcc/arm-atollic-eabi/6.3.1/armv7e-m/fpu\libgcc.a
LOAD c:/program files (x86)/atollic/truestudio for stm32 9.3.0/armtools/bin/../lib/gcc/arm-atollic-eabi/6.3.1/../../../../arm-atollic-eabi/lib/armv7e-m/fpu\libc_nano.a
LOAD c:/program files (x86)/atollic/truestudio for stm32 9.3.0/armtools/bin/../lib/gcc/arm-atollic-eabi/6.3.1/../../../../arm-atollic-eabi/lib/armv7e-m/fpu\libnosys.a
END GROUP
LOAD c:/program files (x86)/atollic/truestudio for stm32 9.3.0/armtools/bin/../lib/gcc/arm-atollic-eabi/6.3.1/armv7e-m/fpu/crtend.o
LOAD c:/program files (x86)/atollic/truestudio for stm32 9.3.0/armtools/bin/../lib/gcc/arm-atollic-eabi/6.3.1/armv7e-m/fpu/crtn.o
                0x20020000                _estack = 0x20020000
                0x00000200                _Min_Heap_Size = 0x200
                0x00000400                _Min_Stack_Size = 0x400

.isr_vector     0x08000000      0x188
                0x08000000                . = ALIGN (0x4)
 *(.isr_vector)
 .isr_vector    0x08000000      0x188 startup\startup_stm32f407xx.o
                0x08000000                g_pfnVectors
                0x08000188                . = ALIGN (0x4)

.text           0x08000190     0xabd8
                0x08000190                . = ALIGN (0x4)
 *(.text)
 .text          0x08000190       0x40 c:/program files (x86)/atollic/truestudio for stm32 9.3.0/armtools/bin/../lib/gcc/arm-atollic-eabi/6.3.1/armv7e-m/fpu/crtbegin.o
 .text          0x080001d0       0x10 c:/program files (x86)/atollic/truestudio for stm32 9.3.0/armtools/bin/../lib/gcc/arm-atollic-eabi/6.3.1/../../../../arm-atollic-eabi/lib/armv7e-m/fpu\libc_nano.a(lib_a-strlen.o)
                0x080001d0                strlen
 .text          0x080001e0       0x14 c:/program files (x86)/atollic/truestudio for stm32 9.3.0/armtools/bin/../lib/gcc/arm-atollic-eabi/6.3.1/../../../../arm-atollic-eabi/lib/armv7e-m/fpu\libc_nano.a(lib_a-strcmp.o)
                0x080001e0                strcmp
 *fill*         0x080001f4        0xc 
 .text          0x08000200       0xa0 c:/program files (x86)/atollic/truestudio for stm32 9.3.0/armtools/bin/../lib/gcc/arm-atollic-eabi/6.3.1/../../../../arm-atollic-eabi/lib/armv7e-m/fpu\libc_nano.a(lib_a-memchr.o)
                0x08000200                memchr
 .text          0x080002a0       0x30 c:/program files (x86)/atollic/truestudio for stm32 9.3.0/armtools/bin/../lib/gcc/arm-atollic-eabi/6.3.1/armv7e-m/fpu\libgcc.a(_aeabi_uldivmod.o)
                0x080002a0                __aeabi_uldivmod
 .text          0x080002d0      0x2dc c:/program files (x86)/atollic/truestudio for stm32 9.3.0/armtools/bin/../lib/gcc/arm-atollic-eabi/6.3.1/armv7e-m/fpu\libgcc.a(_udivmoddi4.o)
                0x080002d0                __udivmoddi4
 .text          0x080005ac        0x4 c:/program files (x86)/atollic/truestudio for stm32 9.3.0/armtools/bin/../lib/gcc/arm-atollic-eabi/6.3.1/armv7e-m/fpu\libgcc.a(_dvmd_tls.o)
                0x080005ac                __aeabi_idiv0
                0x080005ac                __aeabi_ldiv0
 *(.text*)
 .text.bit_proces
                0x080005b0      0x15c Application\engine\bit_engine.o
                0x080005b0                bit_proces
 .text.map_op_on_root
                0x0800070c       0xaa Application\engine\bit_engine.o
                0x0800070c                map_op_on_root
 .text.t_trigger_update
                0x080007b6       0x98 Application\engine\bit_engine.o
 .text.rs_trigger_update
                0x0800084e       0xe0 Application\engine\bit_engine.o
 .text.counter_update
                0x0800092e       0xc4 Application\engine\bit_engine.o
 .text.delay_update
                0x080009f2       0xc4 Application\engine\bit_engine.o
 *fill*         0x08000ab6        0x2 
 .text.start_bit_engine
                0x08000ab8      0x344 Application\engine\bit_engine.o
                0x08000ab8                start_bit_engine
 .text.jsmn_alloc_token
                0x08000dfc       0x50 Application\engine\json_parcer.o
 .text.jsmn_fill_token
                0x08000e4c       0x34 Application\engine\json_parcer.o
 .text.jsmn_parse_primitive
                0x08000e80       0xf0 Application\engine\json_parcer.o
 .text.jsmn_parse_string
                0x08000f70      0x2e8 Application\engine\json_parcer.o
 .text.jsmn_parse
                0x08001258      0x33c Application\engine\json_parcer.o
                0x08001258                jsmn_parse
 .text.jsmn_init
                0x08001594       0x28 Application\engine\json_parcer.o
                0x08001594                jsmn_init
 .text.jsoneq   0x080015bc       0x5e Application\engine\json_parcer.o
 *fill*         0x0800161a        0x2 
 .text.json_get_op
                0x0800161c      0xd08 Application\engine\json_parcer.o
                0x0800161c                json_get_op
 .text.Telegram_GetValue
                0x08002324       0x48 Application\engine\telegram.o
                0x08002324                Telegram_GetValue
 .text.get_cur_time
                0x0800236c       0x18 Application\engine\time_engine.o
                0x0800236c                get_cur_time
 .text.is_cur_time
                0x08002384       0x7c Application\engine\time_engine.o
                0x08002384                is_cur_time
 .text.is_cur_day_of_week
                0x08002400       0x40 Application\engine\time_engine.o
                0x08002400                is_cur_day_of_week
 .text.ESP_Init
                0x08002440       0x38 Application\esp8266\esp8266.o
                0x08002440                ESP_Init
 .text.requestFlush
                0x08002478       0x18 Application\esp8266\esp8266.o
 .text.charCallBack
                0x08002490       0x54 Application\esp8266\esp8266.o
 .text.waitCallBack
                0x080024e4       0x54 Application\esp8266\esp8266.o
 .text.ESP_GetRxData
                0x08002538       0x14 Application\esp8266\esp8266.o
                0x08002538                ESP_GetRxData
 .text.ESP_SetMode
                0x0800254c       0x80 Application\esp8266\esp8266.o
                0x0800254c                ESP_SetMode
 .text.ESP_SetCipmuxZero
                0x080025cc       0x5c Application\esp8266\esp8266.o
                0x080025cc                ESP_SetCipmuxZero
 .text.ESP_SetParamsSoftAP
                0x08002628       0x6c Application\esp8266\esp8266.o
                0x08002628                ESP_SetParamsSoftAP
 .text.ESP_SendData
                0x08002694      0x11c Application\esp8266\esp8266.o
                0x08002694                ESP_SendData
 .text.RingBuffInit
                0x080027b0       0x22 Application\ring_buffer\ring_buffer.o
                0x080027b0                RingBuffInit
 .text.RingBuffPush
                0x080027d2       0x3c Application\ring_buffer\ring_buffer.o
                0x080027d2                RingBuffPush
 .text.RingBuffClear
                0x0800280e       0x34 Application\ring_buffer\ring_buffer.o
                0x0800280e                RingBuffClear
 .text.RingBuffGetArray
                0x08002842       0x18 Application\ring_buffer\ring_buffer.o
                0x08002842                RingBuffGetArray
 *fill*         0x0800285a        0x2 
 .text.HAL_Init
                0x0800285c       0x44 Drivers\STM32F4xx_HAL_Driver\Src\stm32f4xx_hal.o
                0x0800285c                HAL_Init
 .text.HAL_IncTick
                0x080028a0       0x28 Drivers\STM32F4xx_HAL_Driver\Src\stm32f4xx_hal.o
                0x080028a0                HAL_IncTick
 .text.__NVIC_SetPriorityGrouping
                0x080028c8       0x48 Drivers\STM32F4xx_HAL_Driver\Src\stm32f4xx_hal_cortex.o
 .text.__NVIC_GetPriorityGrouping
                0x08002910       0x1c Drivers\STM32F4xx_HAL_Driver\Src\stm32f4xx_hal_cortex.o
 .text.__NVIC_EnableIRQ
                0x0800292c       0x3c Drivers\STM32F4xx_HAL_Driver\Src\stm32f4xx_hal_cortex.o
 .text.__NVIC_SetPriority
                0x08002968       0x54 Drivers\STM32F4xx_HAL_Driver\Src\stm32f4xx_hal_cortex.o
 .text.NVIC_EncodePriority
                0x080029bc       0x62 Drivers\STM32F4xx_HAL_Driver\Src\stm32f4xx_hal_cortex.o
 .text.HAL_NVIC_SetPriorityGrouping
                0x08002a1e       0x16 Drivers\STM32F4xx_HAL_Driver\Src\stm32f4xx_hal_cortex.o
                0x08002a1e                HAL_NVIC_SetPriorityGrouping
 .text.HAL_NVIC_SetPriority
                0x08002a34       0x38 Drivers\STM32F4xx_HAL_Driver\Src\stm32f4xx_hal_cortex.o
                0x08002a34                HAL_NVIC_SetPriority
 .text.HAL_NVIC_EnableIRQ
                0x08002a6c       0x1c Drivers\STM32F4xx_HAL_Driver\Src\stm32f4xx_hal_cortex.o
                0x08002a6c                HAL_NVIC_EnableIRQ
 .text.HAL_RCC_GetHCLKFreq
                0x08002a88       0x18 Drivers\STM32F4xx_HAL_Driver\Src\stm32f4xx_hal_rcc.o
                0x08002a88                HAL_RCC_GetHCLKFreq
 .text.HAL_RCC_GetPCLK2Freq
                0x08002aa0       0x28 Drivers\STM32F4xx_HAL_Driver\Src\stm32f4xx_hal_rcc.o
                0x08002aa0                HAL_RCC_GetPCLK2Freq
 .text.HAL_RCC_GetClockConfig
                0x08002ac8       0x64 Drivers\STM32F4xx_HAL_Driver\Src\stm32f4xx_hal_rcc.o
                0x08002ac8                HAL_RCC_GetClockConfig
 .text.HAL_TIM_Base_Init
                0x08002b2c       0x56 Drivers\STM32F4xx_HAL_Driver\Src\stm32f4xx_hal_tim.o
                0x08002b2c                HAL_TIM_Base_Init
 .text.HAL_TIM_Base_MspInit
                0x08002b82       0x14 Drivers\STM32F4xx_HAL_Driver\Src\stm32f4xx_hal_tim.o
                0x08002b82                HAL_TIM_Base_MspInit
 .text.HAL_TIM_Base_Start_IT
                0x08002b96       0x48 Drivers\STM32F4xx_HAL_Driver\Src\stm32f4xx_hal_tim.o
                0x08002b96                HAL_TIM_Base_Start_IT
 .text.HAL_TIM_IRQHandler
                0x08002bde      0x210 Drivers\STM32F4xx_HAL_Driver\Src\stm32f4xx_hal_tim.o
                0x08002bde                HAL_TIM_IRQHandler
 .text.HAL_TIM_OC_DelayElapsedCallback
                0x08002dee       0x14 Drivers\STM32F4xx_HAL_Driver\Src\stm32f4xx_hal_tim.o
                0x08002dee                HAL_TIM_OC_DelayElapsedCallback
 .text.HAL_TIM_IC_CaptureCallback
                0x08002e02       0x14 Drivers\STM32F4xx_HAL_Driver\Src\stm32f4xx_hal_tim.o
                0x08002e02                HAL_TIM_IC_CaptureCallback
 .text.HAL_TIM_PWM_PulseFinishedCallback
                0x08002e16       0x14 Drivers\STM32F4xx_HAL_Driver\Src\stm32f4xx_hal_tim.o
                0x08002e16                HAL_TIM_PWM_PulseFinishedCallback
 .text.HAL_TIM_TriggerCallback
                0x08002e2a       0x14 Drivers\STM32F4xx_HAL_Driver\Src\stm32f4xx_hal_tim.o
                0x08002e2a                HAL_TIM_TriggerCallback
 *fill*         0x08002e3e        0x2 
 .text.TIM_Base_SetConfig
                0x08002e40      0x140 Drivers\STM32F4xx_HAL_Driver\Src\stm32f4xx_hal_tim.o
                0x08002e40                TIM_Base_SetConfig
 .text.HAL_TIMEx_CommutCallback
                0x08002f80       0x14 Drivers\STM32F4xx_HAL_Driver\Src\stm32f4xx_hal_tim_ex.o
                0x08002f80                HAL_TIMEx_CommutCallback
 .text.HAL_TIMEx_BreakCallback
                0x08002f94       0x14 Drivers\STM32F4xx_HAL_Driver\Src\stm32f4xx_hal_tim_ex.o
                0x08002f94                HAL_TIMEx_BreakCallback
 .text.LL_GPIO_SetPinMode
                0x08002fa8       0x5e Drivers\STM32F4xx_HAL_Driver\Src\stm32f4xx_ll_gpio.o
 .text.LL_GPIO_SetPinOutputType
                0x08003006       0x30 Drivers\STM32F4xx_HAL_Driver\Src\stm32f4xx_ll_gpio.o
 .text.LL_GPIO_SetPinSpeed
                0x08003036       0x5e Drivers\STM32F4xx_HAL_Driver\Src\stm32f4xx_ll_gpio.o
 .text.LL_GPIO_SetPinPull
                0x08003094       0x5e Drivers\STM32F4xx_HAL_Driver\Src\stm32f4xx_ll_gpio.o
 .text.LL_GPIO_SetAFPin_0_7
                0x080030f2       0x5e Drivers\STM32F4xx_HAL_Driver\Src\stm32f4xx_ll_gpio.o
 .text.LL_GPIO_SetAFPin_8_15
                0x08003150       0x62 Drivers\STM32F4xx_HAL_Driver\Src\stm32f4xx_ll_gpio.o
 .text.LL_GPIO_Init
                0x080031b2       0xe6 Drivers\STM32F4xx_HAL_Driver\Src\stm32f4xx_ll_gpio.o
                0x080031b2                LL_GPIO_Init
 .text.LL_RCC_GetSysClkSource
                0x08003298       0x1c Drivers\STM32F4xx_HAL_Driver\Src\stm32f4xx_ll_rcc.o
 .text.LL_RCC_GetAHBPrescaler
                0x080032b4       0x1c Drivers\STM32F4xx_HAL_Driver\Src\stm32f4xx_ll_rcc.o
 .text.LL_RCC_GetAPB1Prescaler
                0x080032d0       0x1c Drivers\STM32F4xx_HAL_Driver\Src\stm32f4xx_ll_rcc.o
 .text.LL_RCC_GetAPB2Prescaler
                0x080032ec       0x1c Drivers\STM32F4xx_HAL_Driver\Src\stm32f4xx_ll_rcc.o
 .text.LL_RCC_PLL_GetMainSource
                0x08003308       0x1c Drivers\STM32F4xx_HAL_Driver\Src\stm32f4xx_ll_rcc.o
 .text.LL_RCC_PLL_GetN
                0x08003324       0x1c Drivers\STM32F4xx_HAL_Driver\Src\stm32f4xx_ll_rcc.o
 .text.LL_RCC_PLL_GetP
                0x08003340       0x1c Drivers\STM32F4xx_HAL_Driver\Src\stm32f4xx_ll_rcc.o
 .text.LL_RCC_PLL_GetDivider
                0x0800335c       0x1c Drivers\STM32F4xx_HAL_Driver\Src\stm32f4xx_ll_rcc.o
 .text.LL_RCC_GetSystemClocksFreq
                0x08003378       0x4a Drivers\STM32F4xx_HAL_Driver\Src\stm32f4xx_ll_rcc.o
                0x08003378                LL_RCC_GetSystemClocksFreq
 *fill*         0x080033c2        0x2 
 .text.RCC_GetSystemClockFreq
                0x080033c4       0x4c Drivers\STM32F4xx_HAL_Driver\Src\stm32f4xx_ll_rcc.o
                0x080033c4                RCC_GetSystemClockFreq
 .text.RCC_GetHCLKClockFreq
                0x08003410       0x2c Drivers\STM32F4xx_HAL_Driver\Src\stm32f4xx_ll_rcc.o
                0x08003410                RCC_GetHCLKClockFreq
 .text.RCC_GetPCLK1ClockFreq
                0x0800343c       0x28 Drivers\STM32F4xx_HAL_Driver\Src\stm32f4xx_ll_rcc.o
                0x0800343c                RCC_GetPCLK1ClockFreq
 .text.RCC_GetPCLK2ClockFreq
                0x08003464       0x28 Drivers\STM32F4xx_HAL_Driver\Src\stm32f4xx_ll_rcc.o
                0x08003464                RCC_GetPCLK2ClockFreq
 .text.RCC_PLL_GetFreqDomain_SYS
                0x0800348c       0x7c Drivers\STM32F4xx_HAL_Driver\Src\stm32f4xx_ll_rcc.o
                0x0800348c                RCC_PLL_GetFreqDomain_SYS
 .text.LL_RTC_SetHourFormat
                0x08003508       0x26 Drivers\STM32F4xx_HAL_Driver\Src\stm32f4xx_ll_rtc.o
 .text.LL_RTC_GetHourFormat
                0x0800352e       0x1c Drivers\STM32F4xx_HAL_Driver\Src\stm32f4xx_ll_rtc.o
 .text.LL_RTC_EnableInitMode
                0x0800354a       0x1c Drivers\STM32F4xx_HAL_Driver\Src\stm32f4xx_ll_rtc.o
 .text.LL_RTC_DisableInitMode
                0x08003566       0x1c Drivers\STM32F4xx_HAL_Driver\Src\stm32f4xx_ll_rtc.o
 .text.LL_RTC_IsShadowRegBypassEnabled
                0x08003582       0x26 Drivers\STM32F4xx_HAL_Driver\Src\stm32f4xx_ll_rtc.o
 .text.LL_RTC_SetAsynchPrescaler
                0x080035a8       0x28 Drivers\STM32F4xx_HAL_Driver\Src\stm32f4xx_ll_rtc.o
 .text.LL_RTC_SetSynchPrescaler
                0x080035d0       0x2a Drivers\STM32F4xx_HAL_Driver\Src\stm32f4xx_ll_rtc.o
 .text.LL_RTC_EnableWriteProtection
                0x080035fa       0x1a Drivers\STM32F4xx_HAL_Driver\Src\stm32f4xx_ll_rtc.o
 .text.LL_RTC_DisableWriteProtection
                0x08003614       0x20 Drivers\STM32F4xx_HAL_Driver\Src\stm32f4xx_ll_rtc.o
 .text.LL_RTC_TIME_Config
                0x08003634       0x48 Drivers\STM32F4xx_HAL_Driver\Src\stm32f4xx_ll_rtc.o
 .text.LL_RTC_DATE_Config
                0x0800367c       0x4c Drivers\STM32F4xx_HAL_Driver\Src\stm32f4xx_ll_rtc.o
 .text.LL_RTC_IsActiveFlag_INIT
                0x080036c8       0x26 Drivers\STM32F4xx_HAL_Driver\Src\stm32f4xx_ll_rtc.o
 .text.LL_RTC_IsActiveFlag_RS
                0x080036ee       0x26 Drivers\STM32F4xx_HAL_Driver\Src\stm32f4xx_ll_rtc.o
 .text.LL_RTC_ClearFlag_RS
                0x08003714       0x24 Drivers\STM32F4xx_HAL_Driver\Src\stm32f4xx_ll_rtc.o
 .text.LL_SYSTICK_IsActiveCounterFlag
                0x08003738       0x28 Drivers\STM32F4xx_HAL_Driver\Src\stm32f4xx_ll_rtc.o
 .text.LL_RTC_Init
                0x08003760       0x5e Drivers\STM32F4xx_HAL_Driver\Src\stm32f4xx_ll_rtc.o
                0x08003760                LL_RTC_Init
 *fill*         0x080037be        0x2 
 .text.LL_RTC_TIME_Init
                0x080037c0      0x150 Drivers\STM32F4xx_HAL_Driver\Src\stm32f4xx_ll_rtc.o
                0x080037c0                LL_RTC_TIME_Init
 .text.LL_RTC_DATE_Init
                0x08003910      0x14c Drivers\STM32F4xx_HAL_Driver\Src\stm32f4xx_ll_rtc.o
                0x08003910                LL_RTC_DATE_Init
 .text.LL_RTC_EnterInitMode
                0x08003a5c       0x6a Drivers\STM32F4xx_HAL_Driver\Src\stm32f4xx_ll_rtc.o
                0x08003a5c                LL_RTC_EnterInitMode
 .text.LL_RTC_WaitForSynchro
                0x08003ac6       0xa2 Drivers\STM32F4xx_HAL_Driver\Src\stm32f4xx_ll_rtc.o
                0x08003ac6                LL_RTC_WaitForSynchro
 .text.LL_SPI_IsEnabled
                0x08003b68       0x26 Drivers\STM32F4xx_HAL_Driver\Src\stm32f4xx_ll_spi.o
 .text.LL_SPI_SetCRCPolynomial
                0x08003b8e       0x20 Drivers\STM32F4xx_HAL_Driver\Src\stm32f4xx_ll_spi.o
 .text.LL_SPI_Init
                0x08003bae       0xa4 Drivers\STM32F4xx_HAL_Driver\Src\stm32f4xx_ll_spi.o
                0x08003bae                LL_SPI_Init
 .text.LL_USART_IsEnabled
                0x08003c52       0x28 Drivers\STM32F4xx_HAL_Driver\Src\stm32f4xx_ll_usart.o
 .text.LL_USART_SetStopBitsLength
                0x08003c7a       0x26 Drivers\STM32F4xx_HAL_Driver\Src\stm32f4xx_ll_usart.o
 .text.LL_USART_SetHWFlowCtrl
                0x08003ca0       0x26 Drivers\STM32F4xx_HAL_Driver\Src\stm32f4xx_ll_usart.o
 *fill*         0x08003cc6        0x2 
 .text.LL_USART_SetBaudRate
                0x08003cc8      0x2ec Drivers\STM32F4xx_HAL_Driver\Src\stm32f4xx_ll_usart.o
 .text.LL_USART_Init
                0x08003fb4      0x100 Drivers\STM32F4xx_HAL_Driver\Src\stm32f4xx_ll_usart.o
                0x08003fb4                LL_USART_Init
 .text.LL_SetSystemCoreClock
                0x080040b4       0x20 Drivers\STM32F4xx_HAL_Driver\Src\stm32f4xx_ll_utils.o
                0x080040b4                LL_SetSystemCoreClock
 .text.SVC_Setup
                0x080040d4        0xe Middlewares\Third_Party\FreeRTOS\Source\CMSIS_RTOS_V2\cmsis_os2.o
 *fill*         0x080040e2        0x2 
 .text.osKernelInitialize
                0x080040e4       0x68 Middlewares\Third_Party\FreeRTOS\Source\CMSIS_RTOS_V2\cmsis_os2.o
                0x080040e4                osKernelInitialize
 .text.osKernelStart
                0x0800414c       0x6c Middlewares\Third_Party\FreeRTOS\Source\CMSIS_RTOS_V2\cmsis_os2.o
                0x0800414c                osKernelStart
 .text.osThreadNew
                0x080041b8      0x14c Middlewares\Third_Party\FreeRTOS\Source\CMSIS_RTOS_V2\cmsis_os2.o
                0x080041b8                osThreadNew
 .text.osDelay  0x08004304       0x5c Middlewares\Third_Party\FreeRTOS\Source\CMSIS_RTOS_V2\cmsis_os2.o
                0x08004304                osDelay
 .text.vApplicationGetIdleTaskMemory
                0x08004360       0x34 Middlewares\Third_Party\FreeRTOS\Source\CMSIS_RTOS_V2\cmsis_os2.o
                0x08004360                vApplicationGetIdleTaskMemory
 .text.vApplicationGetTimerTaskMemory
                0x08004394       0x34 Middlewares\Third_Party\FreeRTOS\Source\CMSIS_RTOS_V2\cmsis_os2.o
                0x08004394                vApplicationGetTimerTaskMemory
 .text.vListInitialise
                0x080043c8       0x40 Middlewares\Third_Party\FreeRTOS\Source\list.o
                0x080043c8                vListInitialise
 .text.vListInitialiseItem
                0x08004408       0x1a Middlewares\Third_Party\FreeRTOS\Source\list.o
                0x08004408                vListInitialiseItem
 .text.vListInsertEnd
                0x08004422       0x48 Middlewares\Third_Party\FreeRTOS\Source\list.o
                0x08004422                vListInsertEnd
 .text.vListInsert
                0x0800446a       0x72 Middlewares\Third_Party\FreeRTOS\Source\list.o
                0x0800446a                vListInsert
 .text.uxListRemove
                0x080044dc       0x54 Middlewares\Third_Party\FreeRTOS\Source\list.o
                0x080044dc                uxListRemove
 .text.pxPortInitialiseStack
                0x08004530       0x68 Middlewares\Third_Party\FreeRTOS\Source\portable\GCC\ARM_CM4F\port.o
                0x08004530                pxPortInitialiseStack
 .text.prvTaskExitError
                0x08004598       0x54 Middlewares\Third_Party\FreeRTOS\Source\portable\GCC\ARM_CM4F\port.o
 *fill*         0x080045ec        0x4 
 .text.SVC_Handler
                0x080045f0       0x28 Middlewares\Third_Party\FreeRTOS\Source\portable\GCC\ARM_CM4F\port.o
                0x080045f0                SVC_Handler
 .text.prvPortStartFirstTask
                0x08004618       0x28 Middlewares\Third_Party\FreeRTOS\Source\portable\GCC\ARM_CM4F\port.o
 .text.xPortStartScheduler
                0x08004640      0x13c Middlewares\Third_Party\FreeRTOS\Source\portable\GCC\ARM_CM4F\port.o
                0x08004640                xPortStartScheduler
 .text.vPortEnterCritical
                0x0800477c       0x5c Middlewares\Third_Party\FreeRTOS\Source\portable\GCC\ARM_CM4F\port.o
                0x0800477c                vPortEnterCritical
 .text.vPortExitCritical
                0x080047d8       0x50 Middlewares\Third_Party\FreeRTOS\Source\portable\GCC\ARM_CM4F\port.o
                0x080047d8                vPortExitCritical
 *fill*         0x08004828        0x8 
 .text.PendSV_Handler
                0x08004830       0x68 Middlewares\Third_Party\FreeRTOS\Source\portable\GCC\ARM_CM4F\port.o
                0x08004830                PendSV_Handler
 .text.SysTick_Handler
                0x08004898       0x40 Middlewares\Third_Party\FreeRTOS\Source\portable\GCC\ARM_CM4F\port.o
                0x08004898                SysTick_Handler
 .text.vPortSetupTimerInterrupt
                0x080048d8       0x48 Middlewares\Third_Party\FreeRTOS\Source\portable\GCC\ARM_CM4F\port.o
                0x080048d8                vPortSetupTimerInterrupt
 .text.vPortEnableVFP
                0x08004920       0x14 Middlewares\Third_Party\FreeRTOS\Source\portable\GCC\ARM_CM4F\port.o
 .text.vPortValidateInterruptPriority
                0x08004934       0x7c Middlewares\Third_Party\FreeRTOS\Source\portable\GCC\ARM_CM4F\port.o
                0x08004934                vPortValidateInterruptPriority
 .text.pvPortMalloc
                0x080049b0      0x184 Middlewares\Third_Party\FreeRTOS\Source\portable\MemMang\heap_4.o
                0x080049b0                pvPortMalloc
 .text.vPortFree
                0x08004b34       0xb0 Middlewares\Third_Party\FreeRTOS\Source\portable\MemMang\heap_4.o
                0x08004b34                vPortFree
 .text.prvHeapInit
                0x08004be4       0xc4 Middlewares\Third_Party\FreeRTOS\Source\portable\MemMang\heap_4.o
 .text.prvInsertBlockIntoFreeList
                0x08004ca8       0xb4 Middlewares\Third_Party\FreeRTOS\Source\portable\MemMang\heap_4.o
 .text.xQueueGenericReset
                0x08004d5c       0xd0 Middlewares\Third_Party\FreeRTOS\Source\queue.o
                0x08004d5c                xQueueGenericReset
 .text.xQueueGenericCreateStatic
                0x08004e2c       0xe6 Middlewares\Third_Party\FreeRTOS\Source\queue.o
                0x08004e2c                xQueueGenericCreateStatic
 .text.prvInitialiseNewQueue
                0x08004f12       0x46 Middlewares\Third_Party\FreeRTOS\Source\queue.o
 .text.xQueueGenericSend
                0x08004f58      0x1f4 Middlewares\Third_Party\FreeRTOS\Source\queue.o
                0x08004f58                xQueueGenericSend
 .text.xQueueGenericSendFromISR
                0x0800514c      0x128 Middlewares\Third_Party\FreeRTOS\Source\queue.o
                0x0800514c                xQueueGenericSendFromISR
 .text.xQueueReceive
                0x08005274      0x1b8 Middlewares\Third_Party\FreeRTOS\Source\queue.o
                0x08005274                xQueueReceive
 .text.prvCopyDataToQueue
                0x0800542c       0xd4 Middlewares\Third_Party\FreeRTOS\Source\queue.o
 .text.prvCopyDataFromQueue
                0x08005500       0x4c Middlewares\Third_Party\FreeRTOS\Source\queue.o
 .text.prvUnlockQueue
                0x0800554c       0xa4 Middlewares\Third_Party\FreeRTOS\Source\queue.o
 .text.prvIsQueueEmpty
                0x080055f0       0x2c Middlewares\Third_Party\FreeRTOS\Source\queue.o
 .text.prvIsQueueFull
                0x0800561c       0x30 Middlewares\Third_Party\FreeRTOS\Source\queue.o
 .text.vQueueAddToRegistry
                0x0800564c       0x50 Middlewares\Third_Party\FreeRTOS\Source\queue.o
                0x0800564c                vQueueAddToRegistry
 .text.vQueueWaitForMessageRestricted
                0x0800569c       0x68 Middlewares\Third_Party\FreeRTOS\Source\queue.o
                0x0800569c                vQueueWaitForMessageRestricted
 .text.xTaskCreateStatic
                0x08005704       0xb4 Middlewares\Third_Party\FreeRTOS\Source\tasks.o
                0x08005704                xTaskCreateStatic
 .text.xTaskCreate
                0x080057b8       0x8a Middlewares\Third_Party\FreeRTOS\Source\tasks.o
                0x080057b8                xTaskCreate
 .text.prvInitialiseNewTask
                0x08005842      0x11c Middlewares\Third_Party\FreeRTOS\Source\tasks.o
 *fill*         0x0800595e        0x2 
 .text.prvAddNewTaskToReadyList
                0x08005960       0xe0 Middlewares\Third_Party\FreeRTOS\Source\tasks.o
 .text.vTaskDelay
                0x08005a40       0x68 Middlewares\Third_Party\FreeRTOS\Source\tasks.o
                0x08005a40                vTaskDelay
 .text.vTaskStartScheduler
                0x08005aa8       0xc8 Middlewares\Third_Party\FreeRTOS\Source\tasks.o
                0x08005aa8                vTaskStartScheduler
 .text.vTaskSuspendAll
                0x08005b70       0x1c Middlewares\Third_Party\FreeRTOS\Source\tasks.o
                0x08005b70                vTaskSuspendAll
 .text.xTaskResumeAll
                0x08005b8c      0x138 Middlewares\Third_Party\FreeRTOS\Source\tasks.o
                0x08005b8c                xTaskResumeAll
 .text.xTaskGetTickCount
                0x08005cc4       0x20 Middlewares\Third_Party\FreeRTOS\Source\tasks.o
                0x08005cc4                xTaskGetTickCount
 .text.xTaskIncrementTick
                0x08005ce4      0x170 Middlewares\Third_Party\FreeRTOS\Source\tasks.o
                0x08005ce4                xTaskIncrementTick
 .text.vTaskSwitchContext
                0x08005e54       0xb8 Middlewares\Third_Party\FreeRTOS\Source\tasks.o
                0x08005e54                vTaskSwitchContext
 .text.vTaskPlaceOnEventList
                0x08005f0c       0x48 Middlewares\Third_Party\FreeRTOS\Source\tasks.o
                0x08005f0c                vTaskPlaceOnEventList
 .text.vTaskPlaceOnEventListRestricted
                0x08005f54       0x54 Middlewares\Third_Party\FreeRTOS\Source\tasks.o
                0x08005f54                vTaskPlaceOnEventListRestricted
 .text.xTaskRemoveFromEventList
                0x08005fa8       0xc4 Middlewares\Third_Party\FreeRTOS\Source\tasks.o
                0x08005fa8                xTaskRemoveFromEventList
 .text.vTaskInternalSetTimeOutState
                0x0800606c       0x2c Middlewares\Third_Party\FreeRTOS\Source\tasks.o
                0x0800606c                vTaskInternalSetTimeOutState
 .text.xTaskCheckForTimeOut
                0x08006098       0xc0 Middlewares\Third_Party\FreeRTOS\Source\tasks.o
                0x08006098                xTaskCheckForTimeOut
 .text.vTaskMissedYield
                0x08006158       0x18 Middlewares\Third_Party\FreeRTOS\Source\tasks.o
                0x08006158                vTaskMissedYield
 .text.prvIdleTask
                0x08006170       0x30 Middlewares\Third_Party\FreeRTOS\Source\tasks.o
 .text.prvInitialiseTaskLists
                0x080061a0       0x80 Middlewares\Third_Party\FreeRTOS\Source\tasks.o
 .text.prvCheckTasksWaitingTermination
                0x08006220       0x58 Middlewares\Third_Party\FreeRTOS\Source\tasks.o
 .text.prvDeleteTCB
                0x08006278       0x5c Middlewares\Third_Party\FreeRTOS\Source\tasks.o
 .text.prvResetNextTaskUnblockTime
                0x080062d4       0x40 Middlewares\Third_Party\FreeRTOS\Source\tasks.o
 .text.xTaskGetSchedulerState
                0x08006314       0x3c Middlewares\Third_Party\FreeRTOS\Source\tasks.o
                0x08006314                xTaskGetSchedulerState
 .text.xTaskPriorityDisinherit
                0x08006350       0xd8 Middlewares\Third_Party\FreeRTOS\Source\tasks.o
                0x08006350                xTaskPriorityDisinherit
 .text.prvAddCurrentTaskToDelayedList
                0x08006428       0xa8 Middlewares\Third_Party\FreeRTOS\Source\tasks.o
 .text.xTimerCreateTimerTask
                0x080064d0       0x90 Middlewares\Third_Party\FreeRTOS\Source\timers.o
                0x080064d0                xTimerCreateTimerTask
 .text.xTimerGenericCommand
                0x08006560       0x98 Middlewares\Third_Party\FreeRTOS\Source\timers.o
                0x08006560                xTimerGenericCommand
 .text.prvProcessExpiredTimer
                0x080065f8       0x98 Middlewares\Third_Party\FreeRTOS\Source\timers.o
 .text.prvTimerTask
                0x08006690       0x24 Middlewares\Third_Party\FreeRTOS\Source\timers.o
 .text.prvProcessTimerOrBlockTask
                0x080066b4       0x9c Middlewares\Third_Party\FreeRTOS\Source\timers.o
 .text.prvGetNextExpireTime
                0x08006750       0x48 Middlewares\Third_Party\FreeRTOS\Source\timers.o
 .text.prvSampleTimeNow
                0x08006798       0x40 Middlewares\Third_Party\FreeRTOS\Source\timers.o
 .text.prvInsertTimerInActiveList
                0x080067d8       0x84 Middlewares\Third_Party\FreeRTOS\Source\timers.o
 .text.prvProcessReceivedCommands
                0x0800685c      0x1b8 Middlewares\Third_Party\FreeRTOS\Source\timers.o
 .text.prvSwitchTimerLists
                0x08006a14       0xc8 Middlewares\Third_Party\FreeRTOS\Source\timers.o
 .text.prvCheckForValidListAndQueue
                0x08006adc       0x80 Middlewares\Third_Party\FreeRTOS\Source\timers.o
 .text.Get_OutValue
                0x08006b5c       0x18 Platform\bit_engine_task\bit_engine_task.o
                0x08006b5c                Get_OutValue
 .text.update_info_from_json
                0x08006b74       0x94 Platform\bit_engine_task\bit_engine_task.o
                0x08006b74                update_info_from_json
 .text.clear_info
                0x08006c08       0x7a Platform\bit_engine_task\bit_engine_task.o
                0x08006c08                clear_info
 *fill*         0x08006c82        0x2 
 .text.BitEngine_task
                0x08006c84      0x138 Platform\bit_engine_task\bit_engine_task.o
                0x08006c84                BitEngine_task
 .text.BitEngine_TaskInit
                0x08006dbc       0x30 Platform\bit_engine_task\bit_engine_task.o
                0x08006dbc                BitEngine_TaskInit
 .text.ESP_GetJson
                0x08006dec       0x7c Platform\esp8266_task\esp8266_task.o
                0x08006dec                ESP_GetJson
 .text.ESP_UpdateTime
                0x08006e68       0xc4 Platform\esp8266_task\esp8266_task.o
                0x08006e68                ESP_UpdateTime
 .text.ESP_SendSensorList
                0x08006f2c      0x194 Platform\esp8266_task\esp8266_task.o
                0x08006f2c                ESP_SendSensorList
 .text.ESP_Task
                0x080070c0       0x5c Platform\esp8266_task\esp8266_task.o
                0x080070c0                ESP_Task
 .text.ESP_TaskInit
                0x0800711c       0x30 Platform\esp8266_task\esp8266_task.o
                0x0800711c                ESP_TaskInit
 .text.LL_GPIO_ReadInputPort
                0x0800714c       0x18 Platform\ino\ino.o
 .text.INO_Init
                0x08007164       0x38 Platform\ino\ino.o
                0x08007164                INO_Init
 .text.INO_GetValue
                0x0800719c       0x30 Platform\ino\ino.o
                0x0800719c                INO_GetValue
 .text.LL_GPIO_SetOutputPin
                0x080071cc       0x1c Platform\led_task\led_task.o
 .text.LL_GPIO_ResetOutputPin
                0x080071e8       0x1e Platform\led_task\led_task.o
 *fill*         0x08007206        0x2 
 .text.BoardLED_Init
                0x08007208       0x3c Platform\led_task\led_task.o
 .text.BoardLED_Set
                0x08007244       0x30 Platform\led_task\led_task.o
 .text.Led_Task
                0x08007274       0x44 Platform\led_task\led_task.o
                0x08007274                Led_Task
 .text.Led_TaskInit
                0x080072b8       0x30 Platform\led_task\led_task.o
                0x080072b8                Led_TaskInit
 .text.LL_SPI_Enable
                0x080072e8       0x20 Platform\relay_task\relay_task.o
 .text.LL_SPI_SetStandard
                0x08007308       0x26 Platform\relay_task\relay_task.o
 .text.LL_SPI_TransmitData8
                0x0800732e       0x24 Platform\relay_task\relay_task.o
 .text.LL_GPIO_SetOutputPin
                0x08007352       0x1c Platform\relay_task\relay_task.o
 .text.LL_GPIO_ResetOutputPin
                0x0800736e       0x1e Platform\relay_task\relay_task.o
 .text.SPI2_Init
                0x0800738c       0xc4 Platform\relay_task\relay_task.o
                0x0800738c                SPI2_Init
 .text.SPI2_SendByte
                0x08007450       0x3c Platform\relay_task\relay_task.o
 .text.GPIO_Init
                0x0800748c       0x3c Platform\relay_task\relay_task.o
 .text.LATCH_Set
                0x080074c8       0x30 Platform\relay_task\relay_task.o
 .text.Relay_SetValue
                0x080074f8       0x3e Platform\relay_task\relay_task.o
 .text.Relay_Task
                0x08007536       0xca Platform\relay_task\relay_task.o
                0x08007536                Relay_Task
 .text.Relay_TaskInit
                0x08007600       0x30 Platform\relay_task\relay_task.o
                0x08007600                Relay_TaskInit
 .text.Sensor_ClearList
                0x08007630       0x24 Platform\sensor_task\sensor.o
                0x08007630                Sensor_ClearList
 .text.Sensor_Init
                0x08007654       0x2c Platform\sensor_task\sensor.o
                0x08007654                Sensor_Init
 .text.Sensor_GPIOUpdateList
                0x08007680        0xe Platform\sensor_task\sensor.o
                0x08007680                Sensor_GPIOUpdateList
 *fill*         0x0800768e        0x2 
 .text.Sensor_UpdateList
                0x08007690       0xd8 Platform\sensor_task\sensor.o
                0x08007690                Sensor_UpdateList
 .text.Sensor_UpdateValue
                0x08007768      0x148 Platform\sensor_task\sensor.o
                0x08007768                Sensor_UpdateValue
 .text.Sensor_CheckValue
                0x080078b0       0x84 Platform\sensor_task\sensor.o
                0x080078b0                Sensor_CheckValue
 .text.Sensor_task
                0x08007934       0x4c Platform\sensor_task\sensor_task.o
                0x08007934                Sensor_task
 .text.Sensor_TaskInit
                0x08007980       0x30 Platform\sensor_task\sensor_task.o
                0x08007980                Sensor_TaskInit
 .text.__NVIC_GetPriorityGrouping
                0x080079b0       0x1c Platform\uart\uart2.o
 .text.__NVIC_EnableIRQ
                0x080079cc       0x3c Platform\uart\uart2.o
 .text.__NVIC_SetPriority
                0x08007a08       0x54 Platform\uart\uart2.o
 .text.NVIC_EncodePriority
                0x08007a5c       0x62 Platform\uart\uart2.o
 .text.LL_USART_Enable
                0x08007abe       0x20 Platform\uart\uart2.o
 .text.LL_USART_ConfigAsyncMode
                0x08007ade       0x2c Platform\uart\uart2.o
 .text.LL_USART_IsActiveFlag_RXNE
                0x08007b0a       0x26 Platform\uart\uart2.o
 .text.LL_USART_IsActiveFlag_TC
                0x08007b30       0x26 Platform\uart\uart2.o
 .text.LL_USART_ClearFlag_RXNE
                0x08007b56       0x1c Platform\uart\uart2.o
 .text.LL_USART_EnableIT_RXNE
                0x08007b72       0x20 Platform\uart\uart2.o
 .text.LL_USART_ReceiveData8
                0x08007b92       0x1a Platform\uart\uart2.o
 .text.LL_USART_TransmitData8
                0x08007bac       0x1e Platform\uart\uart2.o
 *fill*         0x08007bca        0x2 
 .text.UART2_Init
                0x08007bcc       0xf0 Platform\uart\uart2.o
                0x08007bcc                UART2_Init
 .text.UART2_SendData_byte
                0x08007cbc       0x30 Platform\uart\uart2.o
                0x08007cbc                UART2_SendData_byte
 .text.UART2_SendData
                0x08007cec       0x34 Platform\uart\uart2.o
                0x08007cec                UART2_SendData
 .text.UART2_CharReception_Callback
                0x08007d20       0x30 Platform\uart\uart2.o
                0x08007d20                UART2_CharReception_Callback
 .text.Error_Callback
                0x08007d50        0xe Platform\uart\uart2.o
 *fill*         0x08007d5e        0x2 
 .text.USART2_IRQHandler
                0x08007d60       0x28 Platform\uart\uart2.o
                0x08007d60                USART2_IRQHandler
 .text.__NVIC_GetPriorityGrouping
                0x08007d88       0x1c Platform\uart\uart3.o
 .text.__NVIC_EnableIRQ
                0x08007da4       0x3c Platform\uart\uart3.o
 .text.__NVIC_SetPriority
                0x08007de0       0x54 Platform\uart\uart3.o
 .text.NVIC_EncodePriority
                0x08007e34       0x62 Platform\uart\uart3.o
 .text.LL_GPIO_ReadInputPort
                0x08007e96       0x18 Platform\uart\uart3.o
 .text.LL_USART_Enable
                0x08007eae       0x20 Platform\uart\uart3.o
 .text.LL_USART_ConfigAsyncMode
                0x08007ece       0x2c Platform\uart\uart3.o
 .text.LL_USART_IsActiveFlag_RXNE
                0x08007efa       0x26 Platform\uart\uart3.o
 .text.LL_USART_IsActiveFlag_TC
                0x08007f20       0x26 Platform\uart\uart3.o
 .text.LL_USART_ClearFlag_RXNE
                0x08007f46       0x1c Platform\uart\uart3.o
 .text.LL_USART_EnableIT_RXNE
                0x08007f62       0x20 Platform\uart\uart3.o
 .text.LL_USART_ReceiveData8
                0x08007f82       0x1a Platform\uart\uart3.o
 .text.LL_USART_TransmitData8
                0x08007f9c       0x1e Platform\uart\uart3.o
 *fill*         0x08007fba        0x2 
 .text.UART3_Init
                0x08007fbc       0xcc Platform\uart\uart3.o
                0x08007fbc                UART3_Init
 .text.Sensor_UpdateGpioInit
                0x08008088       0x38 Platform\uart\uart3.o
                0x08008088                Sensor_UpdateGpioInit
 .text.Sensor_GpioValue
                0x080080c0       0x1c Platform\uart\uart3.o
                0x080080c0                Sensor_GpioValue
 .text.UART3_SendData_byte
                0x080080dc       0x30 Platform\uart\uart3.o
                0x080080dc                UART3_SendData_byte
 .text.UART3_SendData
                0x0800810c       0x34 Platform\uart\uart3.o
                0x0800810c                UART3_SendData
 .text.UART3_CharReception_Callback
                0x08008140       0x30 Platform\uart\uart3.o
                0x08008140                UART3_CharReception_Callback
 .text.Error_Callback
                0x08008170        0xe Platform\uart\uart3.o
 *fill*         0x0800817e        0x2 
 .text.USART3_IRQHandler
                0x08008180       0x28 Platform\uart\uart3.o
                0x08008180                USART3_IRQHandler
 .text.MX_FREERTOS_Init
                0x080081a8       0x38 Src\freertos.o
                0x080081a8                MX_FREERTOS_Init
 .text.StartDefaultTask
                0x080081e0       0x10 Src\freertos.o
                0x080081e0                StartDefaultTask
 .text.LL_RCC_HSI_Enable
                0x080081f0       0x20 Src\main.o
 .text.LL_RCC_HSI_IsReady
                0x08008210       0x24 Src\main.o
 .text.LL_RCC_HSI_SetCalibTrimming
                0x08008234       0x2c Src\main.o
 .text.LL_RCC_LSI_Enable
                0x08008260       0x20 Src\main.o
 .text.LL_RCC_LSI_IsReady
                0x08008280       0x24 Src\main.o
 .text.LL_RCC_SetSysClkSource
                0x080082a4       0x28 Src\main.o
 .text.LL_RCC_GetSysClkSource
                0x080082cc       0x1c Src\main.o
 .text.LL_RCC_SetAHBPrescaler
                0x080082e8       0x28 Src\main.o
 .text.LL_RCC_SetAPB1Prescaler
                0x08008310       0x28 Src\main.o
 .text.LL_RCC_SetAPB2Prescaler
                0x08008338       0x28 Src\main.o
 .text.LL_RCC_SetRTCClockSource
                0x08008360       0x28 Src\main.o
 .text.LL_RCC_EnableRTC
                0x08008388       0x20 Src\main.o
 .text.LL_RCC_ForceBackupDomainReset
                0x080083a8       0x20 Src\main.o
 .text.LL_RCC_ReleaseBackupDomainReset
                0x080083c8       0x20 Src\main.o
 .text.LL_RCC_PLL_Enable
                0x080083e8       0x20 Src\main.o
 .text.LL_RCC_PLL_IsReady
                0x08008408       0x28 Src\main.o
 .text.LL_RCC_PLL_ConfigDomain_SYS
                0x08008430       0x4c Src\main.o
 .text.LL_AHB1_GRP1_EnableClock
                0x0800847c       0x30 Src\main.o
 .text.LL_APB1_GRP1_EnableClock
                0x080084ac       0x30 Src\main.o
 .text.LL_FLASH_SetLatency
                0x080084dc       0x28 Src\main.o
 .text.LL_FLASH_GetLatency
                0x08008504       0x1c Src\main.o
 .text.LL_PWR_SetRegulVoltageScaling
                0x08008520       0x28 Src\main.o
 .text.LL_PWR_EnableBkUpAccess
                0x08008548       0x20 Src\main.o
 .text.main     0x08008568       0x54 Src\main.o
                0x08008568                main
 .text.SystemClock_Config
                0x080085bc       0xc0 Src\main.o
                0x080085bc                SystemClock_Config
 .text.HAL_TIM_PeriodElapsedCallback
                0x0800867c       0x24 Src\main.o
                0x0800867c                HAL_TIM_PeriodElapsedCallback
 .text.Error_Handler
                0x080086a0        0xe Src\main.o
                0x080086a0                Error_Handler
 *fill*         0x080086ae        0x2 
 .text.LL_RCC_EnableRTC
                0x080086b0       0x20 Src\rtc.o
 .text.LL_RTC_DisableInitMode
                0x080086d0       0x1c Src\rtc.o
 .text.LL_RTC_SetAsynchPrescaler
                0x080086ec       0x28 Src\rtc.o
 .text.LL_RTC_SetSynchPrescaler
                0x08008714       0x2a Src\rtc.o
 .text.LL_RTC_EnableWriteProtection
                0x0800873e       0x1a Src\rtc.o
 .text.LL_RTC_DisableWriteProtection
                0x08008758       0x20 Src\rtc.o
 .text.LL_RTC_TIME_GetHour
                0x08008778       0x1e Src\rtc.o
 .text.LL_RTC_TIME_GetMinute
                0x08008796       0x1e Src\rtc.o
 .text.LL_RTC_DATE_GetWeekDay
                0x080087b4       0x1e Src\rtc.o
 .text.LL_RTC_BAK_SetRegister
                0x080087d2       0x28 Src\rtc.o
 .text.LL_RTC_BAK_GetRegister
                0x080087fa       0x24 Src\rtc.o
 *fill*         0x0800881e        0x2 
 .text.RTC_Init
                0x08008820       0xa4 Src\rtc.o
                0x08008820                RTC_Init
 .text.RTC_GetTime
                0x080088c4       0xf4 Src\rtc.o
                0x080088c4                RTC_GetTime
 .text.RTC_SetTime
                0x080089b8       0xe8 Src\rtc.o
                0x080089b8                RTC_SetTime
 .text.HAL_MspInit
                0x08008aa0       0x58 Src\stm32f4xx_hal_msp.o
                0x08008aa0                HAL_MspInit
 .text.HAL_InitTick
                0x08008af8       0xb4 Src\stm32f4xx_hal_timebase_tim.o
                0x08008af8                HAL_InitTick
 .text.NMI_Handler
                0x08008bac        0xe Src\stm32f4xx_it.o
                0x08008bac                NMI_Handler
 .text.HardFault_Handler
                0x08008bba        0x6 Src\stm32f4xx_it.o
                0x08008bba                HardFault_Handler
 .text.MemManage_Handler
                0x08008bc0        0x6 Src\stm32f4xx_it.o
                0x08008bc0                MemManage_Handler
 .text.BusFault_Handler
                0x08008bc6        0x6 Src\stm32f4xx_it.o
                0x08008bc6                BusFault_Handler
 .text.UsageFault_Handler
                0x08008bcc        0x6 Src\stm32f4xx_it.o
                0x08008bcc                UsageFault_Handler
 .text.DebugMon_Handler
                0x08008bd2        0xe Src\stm32f4xx_it.o
                0x08008bd2                DebugMon_Handler
 .text.TIM1_UP_TIM10_IRQHandler
                0x08008be0       0x14 Src\stm32f4xx_it.o
                0x08008be0                TIM1_UP_TIM10_IRQHandler
 .text._sbrk    0x08008bf4       0x58 Src\syscalls.o
                0x08008bf4                _sbrk
 .text.SystemInit
                0x08008c4c       0x2c Src\system_stm32f4xx.o
                0x08008c4c                SystemInit
 .text.Reset_Handler
                0x08008c78       0x50 startup\startup_stm32f407xx.o
                0x08008c78                Reset_Handler
 .text.Default_Handler
                0x08008cc8        0x2 startup\startup_stm32f407xx.o
                0x08008cc8                RTC_Alarm_IRQHandler
                0x08008cc8                HASH_RNG_IRQHandler
                0x08008cc8                EXTI2_IRQHandler
                0x08008cc8                TIM8_CC_IRQHandler
                0x08008cc8                TIM1_CC_IRQHandler
                0x08008cc8                DMA2_Stream5_IRQHandler
                0x08008cc8                DMA1_Stream5_IRQHandler
                0x08008cc8                PVD_IRQHandler
                0x08008cc8                SDIO_IRQHandler
                0x08008cc8                TAMP_STAMP_IRQHandler
                0x08008cc8                CAN2_RX1_IRQHandler
                0x08008cc8                EXTI3_IRQHandler
                0x08008cc8                TIM8_TRG_COM_TIM14_IRQHandler
                0x08008cc8                TIM8_UP_TIM13_IRQHandler
                0x08008cc8                I2C3_ER_IRQHandler
                0x08008cc8                EXTI0_IRQHandler
                0x08008cc8                I2C2_EV_IRQHandler
                0x08008cc8                DMA1_Stream2_IRQHandler
                0x08008cc8                CAN1_RX0_IRQHandler
                0x08008cc8                FPU_IRQHandler
                0x08008cc8                OTG_HS_WKUP_IRQHandler
                0x08008cc8                CAN2_SCE_IRQHandler
                0x08008cc8                DMA2_Stream2_IRQHandler
                0x08008cc8                SPI1_IRQHandler
                0x08008cc8                TIM6_DAC_IRQHandler
                0x08008cc8                TIM1_BRK_TIM9_IRQHandler
                0x08008cc8                DCMI_IRQHandler
                0x08008cc8                CAN2_RX0_IRQHandler
                0x08008cc8                DMA2_Stream3_IRQHandler
                0x08008cc8                USART6_IRQHandler
                0x08008cc8                CAN1_RX1_IRQHandler
                0x08008cc8                UART5_IRQHandler
                0x08008cc8                DMA2_Stream0_IRQHandler
                0x08008cc8                TIM4_IRQHandler
                0x08008cc8                I2C1_EV_IRQHandler
                0x08008cc8                DMA1_Stream6_IRQHandler
                0x08008cc8                DMA1_Stream1_IRQHandler
                0x08008cc8                UART4_IRQHandler
                0x08008cc8                TIM3_IRQHandler
                0x08008cc8                RCC_IRQHandler
                0x08008cc8                TIM8_BRK_TIM12_IRQHandler
                0x08008cc8                Default_Handler
                0x08008cc8                EXTI15_10_IRQHandler
                0x08008cc8                ADC_IRQHandler
                0x08008cc8                DMA1_Stream7_IRQHandler
                0x08008cc8                TIM7_IRQHandler
                0x08008cc8                CAN2_TX_IRQHandler
                0x08008cc8                TIM5_IRQHandler
                0x08008cc8                DMA2_Stream7_IRQHandler
                0x08008cc8                I2C3_EV_IRQHandler
                0x08008cc8                EXTI9_5_IRQHandler
                0x08008cc8                RTC_WKUP_IRQHandler
                0x08008cc8                ETH_WKUP_IRQHandler
                0x08008cc8                SPI2_IRQHandler
                0x08008cc8                OTG_HS_EP1_IN_IRQHandler
                0x08008cc8                DMA1_Stream0_IRQHandler
                0x08008cc8                CAN1_TX_IRQHandler
                0x08008cc8                EXTI4_IRQHandler
                0x08008cc8                FSMC_IRQHandler
                0x08008cc8                ETH_IRQHandler
                0x08008cc8                OTG_HS_EP1_OUT_IRQHandler
                0x08008cc8                WWDG_IRQHandler
                0x08008cc8                TIM2_IRQHandler
                0x08008cc8                OTG_FS_WKUP_IRQHandler
                0x08008cc8                TIM1_TRG_COM_TIM11_IRQHandler
                0x08008cc8                OTG_HS_IRQHandler
                0x08008cc8                EXTI1_IRQHandler
                0x08008cc8                I2C2_ER_IRQHandler
                0x08008cc8                DMA2_Stream1_IRQHandler
                0x08008cc8                CAN1_SCE_IRQHandler
                0x08008cc8                FLASH_IRQHandler
                0x08008cc8                DMA2_Stream4_IRQHandler
                0x08008cc8                USART1_IRQHandler
                0x08008cc8                OTG_FS_IRQHandler
                0x08008cc8                SPI3_IRQHandler
                0x08008cc8                DMA1_Stream4_IRQHandler
                0x08008cc8                I2C1_ER_IRQHandler
                0x08008cc8                DMA2_Stream6_IRQHandler
                0x08008cc8                DMA1_Stream3_IRQHandler
 *fill*         0x08008cca        0x2 
 .text.__errno  0x08008ccc        0xc c:/program files (x86)/atollic/truestudio for stm32 9.3.0/armtools/bin/../lib/gcc/arm-atollic-eabi/6.3.1/../../../../arm-atollic-eabi/lib/armv7e-m/fpu\libc_nano.a(lib_a-errno.o)
                0x08008ccc                __errno
 .text.__libc_init_array
                0x08008cd8       0x48 c:/program files (x86)/atollic/truestudio for stm32 9.3.0/armtools/bin/../lib/gcc/arm-atollic-eabi/6.3.1/../../../../arm-atollic-eabi/lib/armv7e-m/fpu\libc_nano.a(lib_a-init.o)
                0x08008cd8                __libc_init_array
 .text.localtime_r
                0x08008d20      0x1c8 c:/program files (x86)/atollic/truestudio for stm32 9.3.0/armtools/bin/../lib/gcc/arm-atollic-eabi/6.3.1/../../../../arm-atollic-eabi/lib/armv7e-m/fpu\libc_nano.a(lib_a-lcltime_r.o)
                0x08008d20                localtime_r
 .text.memcmp   0x08008ee8       0x1e c:/program files (x86)/atollic/truestudio for stm32 9.3.0/armtools/bin/../lib/gcc/arm-atollic-eabi/6.3.1/../../../../arm-atollic-eabi/lib/armv7e-m/fpu\libc_nano.a(lib_a-memcmp.o)
                0x08008ee8                memcmp
 .text.memcpy   0x08008f06       0x16 c:/program files (x86)/atollic/truestudio for stm32 9.3.0/armtools/bin/../lib/gcc/arm-atollic-eabi/6.3.1/../../../../arm-atollic-eabi/lib/armv7e-m/fpu\libc_nano.a(lib_a-memcpy-stub.o)
                0x08008f06                memcpy
 .text.memset   0x08008f1c       0x10 c:/program files (x86)/atollic/truestudio for stm32 9.3.0/armtools/bin/../lib/gcc/arm-atollic-eabi/6.3.1/../../../../arm-atollic-eabi/lib/armv7e-m/fpu\libc_nano.a(lib_a-memset.o)
                0x08008f1c                memset
 .text.validate_structure
                0x08008f2c      0x1c0 c:/program files (x86)/atollic/truestudio for stm32 9.3.0/armtools/bin/../lib/gcc/arm-atollic-eabi/6.3.1/../../../../arm-atollic-eabi/lib/armv7e-m/fpu\libc_nano.a(lib_a-mktime.o)
 .text.mktime   0x080090ec      0x2f8 c:/program files (x86)/atollic/truestudio for stm32 9.3.0/armtools/bin/../lib/gcc/arm-atollic-eabi/6.3.1/../../../../arm-atollic-eabi/lib/armv7e-m/fpu\libc_nano.a(lib_a-mktime.o)
                0x080090ec                mktime
 .text.sprintf  0x080093e4       0x48 c:/program files (x86)/atollic/truestudio for stm32 9.3.0/armtools/bin/../lib/gcc/arm-atollic-eabi/6.3.1/../../../../arm-atollic-eabi/lib/armv7e-m/fpu\libc_nano.a(lib_a-sprintf.o)
                0x080093e4                siprintf
                0x080093e4                sprintf
 .text.strcat   0x0800942c       0x1e c:/program files (x86)/atollic/truestudio for stm32 9.3.0/armtools/bin/../lib/gcc/arm-atollic-eabi/6.3.1/../../../../arm-atollic-eabi/lib/armv7e-m/fpu\libc_nano.a(lib_a-strcat.o)
                0x0800942c                strcat
 .text.strchr   0x0800944a       0x1c c:/program files (x86)/atollic/truestudio for stm32 9.3.0/armtools/bin/../lib/gcc/arm-atollic-eabi/6.3.1/../../../../arm-atollic-eabi/lib/armv7e-m/fpu\libc_nano.a(lib_a-strchr.o)
                0x0800944a                strchr
 .text.strcpy   0x08009466       0x10 c:/program files (x86)/atollic/truestudio for stm32 9.3.0/armtools/bin/../lib/gcc/arm-atollic-eabi/6.3.1/../../../../arm-atollic-eabi/lib/armv7e-m/fpu\libc_nano.a(lib_a-strcpy.o)
                0x08009466                strcpy
 .text.strncmp  0x08009476       0x24 c:/program files (x86)/atollic/truestudio for stm32 9.3.0/armtools/bin/../lib/gcc/arm-atollic-eabi/6.3.1/../../../../arm-atollic-eabi/lib/armv7e-m/fpu\libc_nano.a(lib_a-strncmp.o)
                0x08009476                strncmp
 .text.strstr   0x0800949a       0x36 c:/program files (x86)/atollic/truestudio for stm32 9.3.0/armtools/bin/../lib/gcc/arm-atollic-eabi/6.3.1/../../../../arm-atollic-eabi/lib/armv7e-m/fpu\libc_nano.a(lib_a-strstr.o)
                0x0800949a                strstr
 .text._strtol_l.isra.0
                0x080094d0      0x100 c:/program files (x86)/atollic/truestudio for stm32 9.3.0/armtools/bin/../lib/gcc/arm-atollic-eabi/6.3.1/../../../../arm-atollic-eabi/lib/armv7e-m/fpu\libc_nano.a(lib_a-strtol.o)
 .text._strtol_r
                0x080095d0       0x24 c:/program files (x86)/atollic/truestudio for stm32 9.3.0/armtools/bin/../lib/gcc/arm-atollic-eabi/6.3.1/../../../../arm-atollic-eabi/lib/armv7e-m/fpu\libc_nano.a(lib_a-strtol.o)
                0x080095d0                _strtol_r
 .text.strtol   0x080095f4       0x2c c:/program files (x86)/atollic/truestudio for stm32 9.3.0/armtools/bin/../lib/gcc/arm-atollic-eabi/6.3.1/../../../../arm-atollic-eabi/lib/armv7e-m/fpu\libc_nano.a(lib_a-strtol.o)
                0x080095f4                strtol
 .text.__tzcalc_limits
                0x08009620      0x150 c:/program files (x86)/atollic/truestudio for stm32 9.3.0/armtools/bin/../lib/gcc/arm-atollic-eabi/6.3.1/../../../../arm-atollic-eabi/lib/armv7e-m/fpu\libc_nano.a(lib_a-tzcalc_limits.o)
                0x08009620                __tzcalc_limits
 .text.__tz_lock
                0x08009770        0x2 c:/program files (x86)/atollic/truestudio for stm32 9.3.0/armtools/bin/../lib/gcc/arm-atollic-eabi/6.3.1/../../../../arm-atollic-eabi/lib/armv7e-m/fpu\libc_nano.a(lib_a-tzlock.o)
                0x08009770                __tz_lock
 .text.__tz_unlock
                0x08009772        0x2 c:/program files (x86)/atollic/truestudio for stm32 9.3.0/armtools/bin/../lib/gcc/arm-atollic-eabi/6.3.1/../../../../arm-atollic-eabi/lib/armv7e-m/fpu\libc_nano.a(lib_a-tzlock.o)
                0x08009772                __tz_unlock
 .text._tzset_unlocked
                0x08009774        0xc c:/program files (x86)/atollic/truestudio for stm32 9.3.0/armtools/bin/../lib/gcc/arm-atollic-eabi/6.3.1/../../../../arm-atollic-eabi/lib/armv7e-m/fpu\libc_nano.a(lib_a-tzset.o)
                0x08009774                _tzset_unlocked
 .text._tzset_unlocked_r
                0x08009780      0x304 c:/program files (x86)/atollic/truestudio for stm32 9.3.0/armtools/bin/../lib/gcc/arm-atollic-eabi/6.3.1/../../../../arm-atollic-eabi/lib/armv7e-m/fpu\libc_nano.a(lib_a-tzset_r.o)
                0x08009780                _tzset_unlocked_r
 .text.div      0x08009a84       0x28 c:/program files (x86)/atollic/truestudio for stm32 9.3.0/armtools/bin/../lib/gcc/arm-atollic-eabi/6.3.1/../../../../arm-atollic-eabi/lib/armv7e-m/fpu\libc_nano.a(lib_a-div.o)
                0x08009a84                div
 .text._findenv_r
                0x08009aac       0x80 c:/program files (x86)/atollic/truestudio for stm32 9.3.0/armtools/bin/../lib/gcc/arm-atollic-eabi/6.3.1/../../../../arm-atollic-eabi/lib/armv7e-m/fpu\libc_nano.a(lib_a-getenv_r.o)
                0x08009aac                _findenv_r
 .text._getenv_r
                0x08009b2c        0xe c:/program files (x86)/atollic/truestudio for stm32 9.3.0/armtools/bin/../lib/gcc/arm-atollic-eabi/6.3.1/../../../../arm-atollic-eabi/lib/armv7e-m/fpu\libc_nano.a(lib_a-getenv_r.o)
                0x08009b2c                _getenv_r
 *fill*         0x08009b3a        0x2 
 .text.__gettzinfo
                0x08009b3c        0x8 c:/program files (x86)/atollic/truestudio for stm32 9.3.0/armtools/bin/../lib/gcc/arm-atollic-eabi/6.3.1/../../../../arm-atollic-eabi/lib/armv7e-m/fpu\libc_nano.a(lib_a-gettzinfo.o)
                0x08009b3c                __gettzinfo
 .text.gmtime_r
                0x08009b44      0x134 c:/program files (x86)/atollic/truestudio for stm32 9.3.0/armtools/bin/../lib/gcc/arm-atollic-eabi/6.3.1/../../../../arm-atollic-eabi/lib/armv7e-m/fpu\libc_nano.a(lib_a-gmtime_r.o)
                0x08009b44                gmtime_r
 .text.__locale_ctype_ptr_l
                0x08009c78        0x6 c:/program files (x86)/atollic/truestudio for stm32 9.3.0/armtools/bin/../lib/gcc/arm-atollic-eabi/6.3.1/../../../../arm-atollic-eabi/lib/armv7e-m/fpu\libc_nano.a(lib_a-locale.o)
                0x08009c78                __locale_ctype_ptr_l
 *fill*         0x08009c7e        0x2 
 .text.__locale_ctype_ptr
                0x08009c80       0x1c c:/program files (x86)/atollic/truestudio for stm32 9.3.0/armtools/bin/../lib/gcc/arm-atollic-eabi/6.3.1/../../../../arm-atollic-eabi/lib/armv7e-m/fpu\libc_nano.a(lib_a-locale.o)
                0x08009c80                __locale_ctype_ptr
 .text.free     0x08009c9c       0x10 c:/program files (x86)/atollic/truestudio for stm32 9.3.0/armtools/bin/../lib/gcc/arm-atollic-eabi/6.3.1/../../../../arm-atollic-eabi/lib/armv7e-m/fpu\libc_nano.a(lib_a-malloc.o)
                0x08009c9c                free
 .text.__ascii_mbtowc
                0x08009cac       0x24 c:/program files (x86)/atollic/truestudio for stm32 9.3.0/armtools/bin/../lib/gcc/arm-atollic-eabi/6.3.1/../../../../arm-atollic-eabi/lib/armv7e-m/fpu\libc_nano.a(lib_a-mbtowc_r.o)
                0x08009cac                __ascii_mbtowc
 .text._free_r  0x08009cd0       0x9c c:/program files (x86)/atollic/truestudio for stm32 9.3.0/armtools/bin/../lib/gcc/arm-atollic-eabi/6.3.1/../../../../arm-atollic-eabi/lib/armv7e-m/fpu\libc_nano.a(lib_a-nano-freer.o)
                0x08009cd0                _free_r
 .text._malloc_r
                0x08009d6c       0xbc c:/program files (x86)/atollic/truestudio for stm32 9.3.0/armtools/bin/../lib/gcc/arm-atollic-eabi/6.3.1/../../../../arm-atollic-eabi/lib/armv7e-m/fpu\libc_nano.a(lib_a-nano-mallocr.o)
                0x08009d6c                _malloc_r
 .text.__ssputs_r
                0x08009e28       0xb6 c:/program files (x86)/atollic/truestudio for stm32 9.3.0/armtools/bin/../lib/gcc/arm-atollic-eabi/6.3.1/../../../../arm-atollic-eabi/lib/armv7e-m/fpu\libc_nano.a(lib_a-nano-svfprintf.o)
                0x08009e28                __ssputs_r
 *fill*         0x08009ede        0x2 
 .text._svfprintf_r
                0x08009ee0      0x1e8 c:/program files (x86)/atollic/truestudio for stm32 9.3.0/armtools/bin/../lib/gcc/arm-atollic-eabi/6.3.1/../../../../arm-atollic-eabi/lib/armv7e-m/fpu\libc_nano.a(lib_a-nano-svfprintf.o)
                0x08009ee0                _svfiprintf_r
                0x08009ee0                _svfprintf_r
 .text._printf_common
                0x0800a0c8       0xec c:/program files (x86)/atollic/truestudio for stm32 9.3.0/armtools/bin/../lib/gcc/arm-atollic-eabi/6.3.1/../../../../arm-atollic-eabi/lib/armv7e-m/fpu\libc_nano.a(lib_a-nano-vfprintf_i.o)
                0x0800a0c8                _printf_common
 .text._printf_i
                0x0800a1b4      0x240 c:/program files (x86)/atollic/truestudio for stm32 9.3.0/armtools/bin/../lib/gcc/arm-atollic-eabi/6.3.1/../../../../arm-atollic-eabi/lib/armv7e-m/fpu\libc_nano.a(lib_a-nano-vfprintf_i.o)
                0x0800a1b4                _printf_i
 .text._sbrk_r  0x0800a3f4       0x20 c:/program files (x86)/atollic/truestudio for stm32 9.3.0/armtools/bin/../lib/gcc/arm-atollic-eabi/6.3.1/../../../../arm-atollic-eabi/lib/armv7e-m/fpu\libc_nano.a(lib_a-sbrkr.o)
                0x0800a3f4                _sbrk_r
 .text.sscanf   0x0800a414       0x54 c:/program files (x86)/atollic/truestudio for stm32 9.3.0/armtools/bin/../lib/gcc/arm-atollic-eabi/6.3.1/../../../../arm-atollic-eabi/lib/armv7e-m/fpu\libc_nano.a(lib_a-sscanf.o)
                0x0800a414                siscanf
                0x0800a414                sscanf
 .text.__seofread
                0x0800a468        0x4 c:/program files (x86)/atollic/truestudio for stm32 9.3.0/armtools/bin/../lib/gcc/arm-atollic-eabi/6.3.1/../../../../arm-atollic-eabi/lib/armv7e-m/fpu\libc_nano.a(lib_a-stdio.o)
                0x0800a468                __seofread
 .text._strtoul_l.isra.0
                0x0800a46c       0xfa c:/program files (x86)/atollic/truestudio for stm32 9.3.0/armtools/bin/../lib/gcc/arm-atollic-eabi/6.3.1/../../../../arm-atollic-eabi/lib/armv7e-m/fpu\libc_nano.a(lib_a-strtoul.o)
 *fill*         0x0800a566        0x2 
 .text._strtoul_r
                0x0800a568       0x24 c:/program files (x86)/atollic/truestudio for stm32 9.3.0/armtools/bin/../lib/gcc/arm-atollic-eabi/6.3.1/../../../../arm-atollic-eabi/lib/armv7e-m/fpu\libc_nano.a(lib_a-strtoul.o)
                0x0800a568                _strtoul_r
 .text.strtoul  0x0800a58c       0x2c c:/program files (x86)/atollic/truestudio for stm32 9.3.0/armtools/bin/../lib/gcc/arm-atollic-eabi/6.3.1/../../../../arm-atollic-eabi/lib/armv7e-m/fpu\libc_nano.a(lib_a-strtoul.o)
                0x0800a58c                strtoul
 .text.__ascii_wctomb
                0x0800a5b8       0x1a c:/program files (x86)/atollic/truestudio for stm32 9.3.0/armtools/bin/../lib/gcc/arm-atollic-eabi/6.3.1/../../../../arm-atollic-eabi/lib/armv7e-m/fpu\libc_nano.a(lib_a-wctomb_r.o)
                0x0800a5b8                __ascii_wctomb
 .text.__env_lock
                0x0800a5d2        0x2 c:/program files (x86)/atollic/truestudio for stm32 9.3.0/armtools/bin/../lib/gcc/arm-atollic-eabi/6.3.1/../../../../arm-atollic-eabi/lib/armv7e-m/fpu\libc_nano.a(lib_a-envlock.o)
                0x0800a5d2                __env_lock
 .text.__env_unlock
                0x0800a5d4        0x2 c:/program files (x86)/atollic/truestudio for stm32 9.3.0/armtools/bin/../lib/gcc/arm-atollic-eabi/6.3.1/../../../../arm-atollic-eabi/lib/armv7e-m/fpu\libc_nano.a(lib_a-envlock.o)
                0x0800a5d4                __env_unlock
 .text.memmove  0x0800a5d6       0x34 c:/program files (x86)/atollic/truestudio for stm32 9.3.0/armtools/bin/../lib/gcc/arm-atollic-eabi/6.3.1/../../../../arm-atollic-eabi/lib/armv7e-m/fpu\libc_nano.a(lib_a-memmove.o)
                0x0800a5d6                memmove
 .text.__malloc_lock
                0x0800a60a        0x2 c:/program files (x86)/atollic/truestudio for stm32 9.3.0/armtools/bin/../lib/gcc/arm-atollic-eabi/6.3.1/../../../../arm-atollic-eabi/lib/armv7e-m/fpu\libc_nano.a(lib_a-mlock.o)
                0x0800a60a                __malloc_lock
 .text.__malloc_unlock
                0x0800a60c        0x2 c:/program files (x86)/atollic/truestudio for stm32 9.3.0/armtools/bin/../lib/gcc/arm-atollic-eabi/6.3.1/../../../../arm-atollic-eabi/lib/armv7e-m/fpu\libc_nano.a(lib_a-mlock.o)
                0x0800a60c                __malloc_unlock
 .text._realloc_r
                0x0800a60e       0x4c c:/program files (x86)/atollic/truestudio for stm32 9.3.0/armtools/bin/../lib/gcc/arm-atollic-eabi/6.3.1/../../../../arm-atollic-eabi/lib/armv7e-m/fpu\libc_nano.a(lib_a-nano-reallocr.o)
                0x0800a60e                _realloc_r
 .text._sungetc_r
                0x0800a65a       0x7a c:/program files (x86)/atollic/truestudio for stm32 9.3.0/armtools/bin/../lib/gcc/arm-atollic-eabi/6.3.1/../../../../arm-atollic-eabi/lib/armv7e-m/fpu\libc_nano.a(lib_a-nano-svfscanf.o)
                0x0800a65a                _sungetc_r
 .text.__ssrefill_r
                0x0800a6d4       0x3a c:/program files (x86)/atollic/truestudio for stm32 9.3.0/armtools/bin/../lib/gcc/arm-atollic-eabi/6.3.1/../../../../arm-atollic-eabi/lib/armv7e-m/fpu\libc_nano.a(lib_a-nano-svfscanf.o)
                0x0800a6d4                __ssrefill_r
 *fill*         0x0800a70e        0x2 
 .text.__ssvfscanf_r
                0x0800a710      0x2a8 c:/program files (x86)/atollic/truestudio for stm32 9.3.0/armtools/bin/../lib/gcc/arm-atollic-eabi/6.3.1/../../../../arm-atollic-eabi/lib/armv7e-m/fpu\libc_nano.a(lib_a-nano-svfscanf.o)
                0x0800a710                __ssvfiscanf_r
                0x0800a710                __ssvfscanf_r
 .text._scanf_chars
                0x0800a9b8       0xc8 c:/program files (x86)/atollic/truestudio for stm32 9.3.0/armtools/bin/../lib/gcc/arm-atollic-eabi/6.3.1/../../../../arm-atollic-eabi/lib/armv7e-m/fpu\libc_nano.a(lib_a-nano-vfscanf_i.o)
                0x0800a9b8                _scanf_chars
 .text._scanf_i
                0x0800aa80      0x1e8 c:/program files (x86)/atollic/truestudio for stm32 9.3.0/armtools/bin/../lib/gcc/arm-atollic-eabi/6.3.1/../../../../arm-atollic-eabi/lib/armv7e-m/fpu\libc_nano.a(lib_a-nano-vfscanf_i.o)
                0x0800aa80                _scanf_i
 .text.__sccl   0x0800ac68       0x60 c:/program files (x86)/atollic/truestudio for stm32 9.3.0/armtools/bin/../lib/gcc/arm-atollic-eabi/6.3.1/../../../../arm-atollic-eabi/lib/armv7e-m/fpu\libc_nano.a(lib_a-sccl.o)
                0x0800ac68                __sccl
 .text.__submore
                0x0800acc8       0x76 c:/program files (x86)/atollic/truestudio for stm32 9.3.0/armtools/bin/../lib/gcc/arm-atollic-eabi/6.3.1/../../../../arm-atollic-eabi/lib/armv7e-m/fpu\libc_nano.a(lib_a-ungetc.o)
                0x0800acc8                __submore
 .text._malloc_usable_size_r
                0x0800ad3e       0x12 c:/program files (x86)/atollic/truestudio for stm32 9.3.0/armtools/bin/../lib/gcc/arm-atollic-eabi/6.3.1/../../../../arm-atollic-eabi/lib/armv7e-m/fpu\libc_nano.a(lib_a-nano-msizer.o)
                0x0800ad3e                _malloc_usable_size_r
 *(.glue_7)
 .glue_7        0x0800ad50        0x0 linker stubs
 *(.glue_7t)
 .glue_7t       0x0800ad50        0x0 linker stubs
 *(.eh_frame)
 .eh_frame      0x0800ad50        0x0 c:/program files (x86)/atollic/truestudio for stm32 9.3.0/armtools/bin/../lib/gcc/arm-atollic-eabi/6.3.1/armv7e-m/fpu/crtbegin.o
 *(.init)
 .init          0x0800ad50        0x4 c:/program files (x86)/atollic/truestudio for stm32 9.3.0/armtools/bin/../lib/gcc/arm-atollic-eabi/6.3.1/armv7e-m/fpu/crti.o
                0x0800ad50                _init
 .init          0x0800ad54        0x8 c:/program files (x86)/atollic/truestudio for stm32 9.3.0/armtools/bin/../lib/gcc/arm-atollic-eabi/6.3.1/armv7e-m/fpu/crtn.o
 *(.fini)
 .fini          0x0800ad5c        0x4 c:/program files (x86)/atollic/truestudio for stm32 9.3.0/armtools/bin/../lib/gcc/arm-atollic-eabi/6.3.1/armv7e-m/fpu/crti.o
                0x0800ad5c                _fini
 .fini          0x0800ad60        0x8 c:/program files (x86)/atollic/truestudio for stm32 9.3.0/armtools/bin/../lib/gcc/arm-atollic-eabi/6.3.1/armv7e-m/fpu/crtn.o
                0x0800ad68                . = ALIGN (0x4)
                0x0800ad68                _etext = .

.vfp11_veneer   0x0800ad68        0x0
 .vfp11_veneer  0x0800ad68        0x0 linker stubs

.v4_bx          0x0800ad68        0x0
 .v4_bx         0x0800ad68        0x0 linker stubs

.iplt           0x0800ad68        0x0
 .iplt          0x0800ad68        0x0 c:/program files (x86)/atollic/truestudio for stm32 9.3.0/armtools/bin/../lib/gcc/arm-atollic-eabi/6.3.1/armv7e-m/fpu/crtbegin.o

.rodata         0x0800ad68      0x5dc
                0x0800ad68                . = ALIGN (0x4)
 *(.rodata)
 .rodata        0x0800ad68        0x9 Application\engine\json_parcer.o
 *fill*         0x0800ad71        0x3 
 .rodata        0x0800ad74       0xc6 Application\esp8266\esp8266.o
 *fill*         0x0800ae3a        0x2 
 .rodata        0x0800ae3c        0x5 Middlewares\Third_Party\FreeRTOS\Source\tasks.o
 *fill*         0x0800ae41        0x3 
 .rodata        0x0800ae44        0xd Middlewares\Third_Party\FreeRTOS\Source\timers.o
 *fill*         0x0800ae51        0x3 
 .rodata        0x0800ae54        0xf Platform\bit_engine_task\bit_engine_task.o
 *fill*         0x0800ae63        0x1 
 .rodata        0x0800ae64      0x18d Platform\esp8266_task\esp8266_task.o
 *fill*         0x0800aff1        0x3 
 .rodata        0x0800aff4        0x9 Platform\led_task\led_task.o
 *fill*         0x0800affd        0x3 
 .rodata        0x0800b000        0xb Platform\relay_task\relay_task.o
 *fill*         0x0800b00b        0x1 
 .rodata        0x0800b00c        0xf Platform\sensor_task\sensor.o
 *fill*         0x0800b01b        0x1 
 .rodata        0x0800b01c        0xc Platform\sensor_task\sensor_task.o
 .rodata        0x0800b028        0xc Src\freertos.o
 .rodata        0x0800b034        0xc c:/program files (x86)/atollic/truestudio for stm32 9.3.0/armtools/bin/../lib/gcc/arm-atollic-eabi/6.3.1/../../../../arm-atollic-eabi/lib/armv7e-m/fpu\libc_nano.a(lib_a-nano-vfscanf_i.o)
 *(.rodata*)
 .rodata.URL    0x0800b040        0xe Platform\esp8266_task\esp8266_task.o
                0x0800b040                URL
 *fill*         0x0800b04e        0x2 
 .rodata.defaultTask_attributes
                0x0800b050       0x24 Src\freertos.o
                0x0800b050                defaultTask_attributes
 .rodata.AHBPrescTable
                0x0800b074       0x10 Src\system_stm32f4xx.o
                0x0800b074                AHBPrescTable
 .rodata.APBPrescTable
                0x0800b084        0x8 Src\system_stm32f4xx.o
                0x0800b084                APBPrescTable
 .rodata.DAYS_IN_MONTH
                0x0800b08c       0x30 c:/program files (x86)/atollic/truestudio for stm32 9.3.0/armtools/bin/../lib/gcc/arm-atollic-eabi/6.3.1/../../../../arm-atollic-eabi/lib/armv7e-m/fpu\libc_nano.a(lib_a-mktime.o)
 .rodata._DAYS_BEFORE_MONTH
                0x0800b0bc       0x30 c:/program files (x86)/atollic/truestudio for stm32 9.3.0/armtools/bin/../lib/gcc/arm-atollic-eabi/6.3.1/../../../../arm-atollic-eabi/lib/armv7e-m/fpu\libc_nano.a(lib_a-mktime.o)
 .rodata.__month_lengths
                0x0800b0ec       0x60 c:/program files (x86)/atollic/truestudio for stm32 9.3.0/armtools/bin/../lib/gcc/arm-atollic-eabi/6.3.1/../../../../arm-atollic-eabi/lib/armv7e-m/fpu\libc_nano.a(lib_a-month_lengths.o)
                0x0800b0ec                __month_lengths
 .rodata._tzset_unlocked_r.str1.1
                0x0800b14c       0x3c c:/program files (x86)/atollic/truestudio for stm32 9.3.0/armtools/bin/../lib/gcc/arm-atollic-eabi/6.3.1/../../../../arm-atollic-eabi/lib/armv7e-m/fpu\libc_nano.a(lib_a-tzset_r.o)
                                 0x4e (size before relaxing)
 .rodata.str1.1
                0x0800b188        0x4 c:/program files (x86)/atollic/truestudio for stm32 9.3.0/armtools/bin/../lib/gcc/arm-atollic-eabi/6.3.1/../../../../arm-atollic-eabi/lib/armv7e-m/fpu\libc_nano.a(lib_a-tzvars.o)
 .rodata._setlocale_r.str1.1
                0x0800b188        0x8 c:/program files (x86)/atollic/truestudio for stm32 9.3.0/armtools/bin/../lib/gcc/arm-atollic-eabi/6.3.1/../../../../arm-atollic-eabi/lib/armv7e-m/fpu\libc_nano.a(lib_a-locale.o)
                                  0x9 (size before relaxing)
 .rodata.str1.1
                0x0800b190        0x2 c:/program files (x86)/atollic/truestudio for stm32 9.3.0/armtools/bin/../lib/gcc/arm-atollic-eabi/6.3.1/../../../../arm-atollic-eabi/lib/armv7e-m/fpu\libc_nano.a(lib_a-locale.o)
 .rodata._svfprintf_r.str1.1
                0x0800b192       0x11 c:/program files (x86)/atollic/truestudio for stm32 9.3.0/armtools/bin/../lib/gcc/arm-atollic-eabi/6.3.1/../../../../arm-atollic-eabi/lib/armv7e-m/fpu\libc_nano.a(lib_a-nano-svfprintf.o)
 .rodata._printf_i.str1.1
                0x0800b1a3       0x22 c:/program files (x86)/atollic/truestudio for stm32 9.3.0/armtools/bin/../lib/gcc/arm-atollic-eabi/6.3.1/../../../../arm-atollic-eabi/lib/armv7e-m/fpu\libc_nano.a(lib_a-nano-vfprintf_i.o)
 .rodata._ctype_
                0x0800b1c5      0x101 c:/program files (x86)/atollic/truestudio for stm32 9.3.0/armtools/bin/../lib/gcc/arm-atollic-eabi/6.3.1/../../../../arm-atollic-eabi/lib/armv7e-m/fpu\libc_nano.a(lib_a-ctype_.o)
                0x0800b1c5                _ctype_
 .rodata.__ssvfscanf_r.str1.1
                0x0800b2c6        0x4 c:/program files (x86)/atollic/truestudio for stm32 9.3.0/armtools/bin/../lib/gcc/arm-atollic-eabi/6.3.1/../../../../arm-atollic-eabi/lib/armv7e-m/fpu\libc_nano.a(lib_a-nano-svfscanf.o)
 .rodata._scanf_i.str1.1
                0x0800b2c6       0x12 c:/program files (x86)/atollic/truestudio for stm32 9.3.0/armtools/bin/../lib/gcc/arm-atollic-eabi/6.3.1/../../../../arm-atollic-eabi/lib/armv7e-m/fpu\libc_nano.a(lib_a-nano-vfscanf_i.o)
 .rodata.str1.1
                0x0800b2d8        0x9 c:/program files (x86)/atollic/truestudio for stm32 9.3.0/armtools/bin/../lib/gcc/arm-atollic-eabi/6.3.1/../../../../arm-atollic-eabi/lib/armv7e-m/fpu\libc_nano.a(lib_a-nano-vfscanf_i.o)
 *fill*         0x0800b2e1        0x3 
 .rodata.__sf_fake_stderr
                0x0800b2e4       0x20 c:/program files (x86)/atollic/truestudio for stm32 9.3.0/armtools/bin/../lib/gcc/arm-atollic-eabi/6.3.1/../../../../arm-atollic-eabi/lib/armv7e-m/fpu\libc_nano.a(lib_a-findfp.o)
                0x0800b2e4                __sf_fake_stderr
 .rodata.__sf_fake_stdin
                0x0800b304       0x20 c:/program files (x86)/atollic/truestudio for stm32 9.3.0/armtools/bin/../lib/gcc/arm-atollic-eabi/6.3.1/../../../../arm-atollic-eabi/lib/armv7e-m/fpu\libc_nano.a(lib_a-findfp.o)
                0x0800b304                __sf_fake_stdin
 .rodata.__sf_fake_stdout
                0x0800b324       0x20 c:/program files (x86)/atollic/truestudio for stm32 9.3.0/armtools/bin/../lib/gcc/arm-atollic-eabi/6.3.1/../../../../arm-atollic-eabi/lib/armv7e-m/fpu\libc_nano.a(lib_a-findfp.o)
                0x0800b324                __sf_fake_stdout
                0x0800b344                . = ALIGN (0x4)

.ARM.extab
 *(.ARM.extab* .gnu.linkonce.armextab.*)

.ARM            0x0800b344        0x8
                0x0800b344                __exidx_start = .
 *(.ARM.exidx*)
 .ARM.exidx     0x0800b344        0x8 c:/program files (x86)/atollic/truestudio for stm32 9.3.0/armtools/bin/../lib/gcc/arm-atollic-eabi/6.3.1/armv7e-m/fpu\libgcc.a(_udivmoddi4.o)
                0x0800b34c                __exidx_end = .

.rel.dyn        0x0800b34c        0x0
 .rel.iplt      0x0800b34c        0x0 c:/program files (x86)/atollic/truestudio for stm32 9.3.0/armtools/bin/../lib/gcc/arm-atollic-eabi/6.3.1/armv7e-m/fpu/crtbegin.o

.preinit_array  0x0800b34c        0x0
                0x0800b34c                PROVIDE (__preinit_array_start, .)
 *(.preinit_array*)
                0x0800b34c                PROVIDE (__preinit_array_end, .)

.init_array     0x0800b34c        0x4
                0x0800b34c                PROVIDE (__init_array_start, .)
 *(SORT(.init_array.*))
 *(.init_array*)
 .init_array    0x0800b34c        0x4 c:/program files (x86)/atollic/truestudio for stm32 9.3.0/armtools/bin/../lib/gcc/arm-atollic-eabi/6.3.1/armv7e-m/fpu/crtbegin.o
                0x0800b350                PROVIDE (__init_array_end, .)

.fini_array     0x0800b350        0x4
                [!provide]                PROVIDE (__fini_array_start, .)
 *(SORT(.fini_array.*))
 *(.fini_array*)
 .fini_array    0x0800b350        0x4 c:/program files (x86)/atollic/truestudio for stm32 9.3.0/armtools/bin/../lib/gcc/arm-atollic-eabi/6.3.1/armv7e-m/fpu/crtbegin.o
                [!provide]                PROVIDE (__fini_array_end, .)
                0x0800b354                _sidata = LOADADDR (.data)

.data           0x20000000      0x228 load address 0x0800b354
                0x20000000                . = ALIGN (0x4)
                0x20000000                _sdata = .
 *(.data)
 *(.data*)
 .data.uwTickFreq
                0x20000000        0x1 Drivers\STM32F4xx_HAL_Driver\Src\stm32f4xx_hal.o
                0x20000000                uwTickFreq
 *fill*         0x20000001        0x3 
 .data.uxCriticalNesting
                0x20000004        0x4 Middlewares\Third_Party\FreeRTOS\Source\portable\GCC\ARM_CM4F\port.o
 .data.environ  0x20000008        0x4 Src\syscalls.o
                0x20000008                environ
 .data.SystemCoreClock
                0x2000000c        0x4 Src\system_stm32f4xx.o
                0x2000000c                SystemCoreClock
 .data._impure_ptr
                0x20000010        0x4 c:/program files (x86)/atollic/truestudio for stm32 9.3.0/armtools/bin/../lib/gcc/arm-atollic-eabi/6.3.1/../../../../arm-atollic-eabi/lib/armv7e-m/fpu\libc_nano.a(lib_a-impure.o)
                0x20000010                _impure_ptr
 .data.impure_data
                0x20000014       0x60 c:/program files (x86)/atollic/truestudio for stm32 9.3.0/armtools/bin/../lib/gcc/arm-atollic-eabi/6.3.1/../../../../arm-atollic-eabi/lib/armv7e-m/fpu\libc_nano.a(lib_a-impure.o)
 .data._tzname  0x20000074        0x8 c:/program files (x86)/atollic/truestudio for stm32 9.3.0/armtools/bin/../lib/gcc/arm-atollic-eabi/6.3.1/../../../../arm-atollic-eabi/lib/armv7e-m/fpu\libc_nano.a(lib_a-tzvars.o)
                0x20000074                _tzname
 .data.tzinfo   0x2000007c       0x40 c:/program files (x86)/atollic/truestudio for stm32 9.3.0/armtools/bin/../lib/gcc/arm-atollic-eabi/6.3.1/../../../../arm-atollic-eabi/lib/armv7e-m/fpu\libc_nano.a(lib_a-gettzinfo.o)
 .data.__global_locale
                0x200000bc      0x16c c:/program files (x86)/atollic/truestudio for stm32 9.3.0/armtools/bin/../lib/gcc/arm-atollic-eabi/6.3.1/../../../../arm-atollic-eabi/lib/armv7e-m/fpu\libc_nano.a(lib_a-locale.o)
                0x200000bc                __global_locale
                0x20000228                . = ALIGN (0x4)
                0x20000228                _edata = .
                0x0800b57c                _siccmram = LOADADDR (.ccmram)

.igot.plt       0x20000228        0x0 load address 0x0800b57c
 .igot.plt      0x20000228        0x0 c:/program files (x86)/atollic/truestudio for stm32 9.3.0/armtools/bin/../lib/gcc/arm-atollic-eabi/6.3.1/armv7e-m/fpu/crtbegin.o

.ccmram         0x10000000        0x0 load address 0x0800b57c
                0x10000000                . = ALIGN (0x4)
                0x10000000                _sccmram = .
 *(.ccmram)
 *(.ccmram*)
                0x10000000                . = ALIGN (0x4)
                0x10000000                _eccmram = .
                0x10000000                . = ALIGN (0x4)

.bss            0x20000228    0x155d0
                0x20000228                _sbss = .
                0x20000228                __bss_start__ = _sbss
 *(.bss)
 .bss           0x20000228       0x1c c:/program files (x86)/atollic/truestudio for stm32 9.3.0/armtools/bin/../lib/gcc/arm-atollic-eabi/6.3.1/armv7e-m/fpu/crtbegin.o
 *(.bss*)
 .bss.tg        0x20000244      0x400 Application\engine\telegram.o
 .bss.delay     0x20000644        0x4 Application\esp8266\esp8266.o
 .bss.KernelState
                0x20000648        0x4 Middlewares\Third_Party\FreeRTOS\Source\CMSIS_RTOS_V2\cmsis_os2.o
 .bss.Idle_TCB  0x2000064c       0x5c Middlewares\Third_Party\FreeRTOS\Source\CMSIS_RTOS_V2\cmsis_os2.o
 .bss.Idle_Stack
                0x200006a8      0x200 Middlewares\Third_Party\FreeRTOS\Source\CMSIS_RTOS_V2\cmsis_os2.o
 .bss.Timer_TCB
                0x200008a8       0x5c Middlewares\Third_Party\FreeRTOS\Source\CMSIS_RTOS_V2\cmsis_os2.o
 .bss.Timer_Stack
                0x20000904      0x400 Middlewares\Third_Party\FreeRTOS\Source\CMSIS_RTOS_V2\cmsis_os2.o
 .bss.ucMaxSysCallPriority
                0x20000d04        0x1 Middlewares\Third_Party\FreeRTOS\Source\portable\GCC\ARM_CM4F\port.o
 *fill*         0x20000d05        0x3 
 .bss.ulMaxPRIGROUPValue
                0x20000d08        0x4 Middlewares\Third_Party\FreeRTOS\Source\portable\GCC\ARM_CM4F\port.o
 .bss.ucHeap    0x20000d0c     0x7800 Middlewares\Third_Party\FreeRTOS\Source\portable\MemMang\heap_4.o
 .bss.xStart    0x2000850c        0x8 Middlewares\Third_Party\FreeRTOS\Source\portable\MemMang\heap_4.o
 .bss.pxEnd     0x20008514        0x4 Middlewares\Third_Party\FreeRTOS\Source\portable\MemMang\heap_4.o
 .bss.xFreeBytesRemaining
                0x20008518        0x4 Middlewares\Third_Party\FreeRTOS\Source\portable\MemMang\heap_4.o
 .bss.xMinimumEverFreeBytesRemaining
                0x2000851c        0x4 Middlewares\Third_Party\FreeRTOS\Source\portable\MemMang\heap_4.o
 .bss.xBlockAllocatedBit
                0x20008520        0x4 Middlewares\Third_Party\FreeRTOS\Source\portable\MemMang\heap_4.o
 .bss.pxCurrentTCB
                0x20008524        0x4 Middlewares\Third_Party\FreeRTOS\Source\tasks.o
                0x20008524                pxCurrentTCB
 .bss.pxReadyTasksLists
                0x20008528      0x460 Middlewares\Third_Party\FreeRTOS\Source\tasks.o
 .bss.xDelayedTaskList1
                0x20008988       0x14 Middlewares\Third_Party\FreeRTOS\Source\tasks.o
 .bss.xDelayedTaskList2
                0x2000899c       0x14 Middlewares\Third_Party\FreeRTOS\Source\tasks.o
 .bss.pxDelayedTaskList
                0x200089b0        0x4 Middlewares\Third_Party\FreeRTOS\Source\tasks.o
 .bss.pxOverflowDelayedTaskList
                0x200089b4        0x4 Middlewares\Third_Party\FreeRTOS\Source\tasks.o
 .bss.xPendingReadyList
                0x200089b8       0x14 Middlewares\Third_Party\FreeRTOS\Source\tasks.o
 .bss.xTasksWaitingTermination
                0x200089cc       0x14 Middlewares\Third_Party\FreeRTOS\Source\tasks.o
 .bss.uxDeletedTasksWaitingCleanUp
                0x200089e0        0x4 Middlewares\Third_Party\FreeRTOS\Source\tasks.o
 .bss.xSuspendedTaskList
                0x200089e4       0x14 Middlewares\Third_Party\FreeRTOS\Source\tasks.o
 .bss.uxCurrentNumberOfTasks
                0x200089f8        0x4 Middlewares\Third_Party\FreeRTOS\Source\tasks.o
 .bss.xTickCount
                0x200089fc        0x4 Middlewares\Third_Party\FreeRTOS\Source\tasks.o
 .bss.uxTopReadyPriority
                0x20008a00        0x4 Middlewares\Third_Party\FreeRTOS\Source\tasks.o
 .bss.xSchedulerRunning
                0x20008a04        0x4 Middlewares\Third_Party\FreeRTOS\Source\tasks.o
 .bss.uxPendedTicks
                0x20008a08        0x4 Middlewares\Third_Party\FreeRTOS\Source\tasks.o
 .bss.xYieldPending
                0x20008a0c        0x4 Middlewares\Third_Party\FreeRTOS\Source\tasks.o
 .bss.xNumOfOverflows
                0x20008a10        0x4 Middlewares\Third_Party\FreeRTOS\Source\tasks.o
 .bss.uxTaskNumber
                0x20008a14        0x4 Middlewares\Third_Party\FreeRTOS\Source\tasks.o
 .bss.xNextTaskUnblockTime
                0x20008a18        0x4 Middlewares\Third_Party\FreeRTOS\Source\tasks.o
 .bss.xIdleTaskHandle
                0x20008a1c        0x4 Middlewares\Third_Party\FreeRTOS\Source\tasks.o
 .bss.uxSchedulerSuspended
                0x20008a20        0x4 Middlewares\Third_Party\FreeRTOS\Source\tasks.o
 .bss.xActiveTimerList1
                0x20008a24       0x14 Middlewares\Third_Party\FreeRTOS\Source\timers.o
 .bss.xActiveTimerList2
                0x20008a38       0x14 Middlewares\Third_Party\FreeRTOS\Source\timers.o
 .bss.pxCurrentTimerList
                0x20008a4c        0x4 Middlewares\Third_Party\FreeRTOS\Source\timers.o
 .bss.pxOverflowTimerList
                0x20008a50        0x4 Middlewares\Third_Party\FreeRTOS\Source\timers.o
 .bss.xTimerQueue
                0x20008a54        0x4 Middlewares\Third_Party\FreeRTOS\Source\timers.o
 .bss.xTimerTaskHandle
                0x20008a58        0x4 Middlewares\Third_Party\FreeRTOS\Source\timers.o
 .bss.xLastTime.6599
                0x20008a5c        0x4 Middlewares\Third_Party\FreeRTOS\Source\timers.o
 .bss.ucStaticTimerQueueStorage.6650
                0x20008a60       0xa0 Middlewares\Third_Party\FreeRTOS\Source\timers.o
 .bss.xStaticTimerQueue.6649
                0x20008b00       0x50 Middlewares\Third_Party\FreeRTOS\Source\timers.o
 .bss.out_value
                0x20008b50        0x2 Platform\bit_engine_task\bit_engine_task.o
 .bss.sensor_counter
                0x20008b52        0x1 Platform\sensor_task\sensor.o
 *fill*         0x20008b53        0x1 
 .bss.buff      0x20008b54       0x10 Platform\sensor_task\sensor.o
 .bss.delay     0x20008b64        0x4 Platform\sensor_task\sensor.o
 .bss.UART_rx_data
                0x20008b68        0x4 Platform\uart\uart2.o
 .bss.UART_rx_data
                0x20008b6c        0x4 Platform\uart\uart3.o
 .bss.__env     0x20008b70        0x4 Src\syscalls.o
                0x20008b70                __env
 .bss.heap_end.7010
                0x20008b74        0x4 Src\syscalls.o
 .bss.__tzname_dst
                0x20008b78        0xb c:/program files (x86)/atollic/truestudio for stm32 9.3.0/armtools/bin/../lib/gcc/arm-atollic-eabi/6.3.1/../../../../arm-atollic-eabi/lib/armv7e-m/fpu\libc_nano.a(lib_a-tzset_r.o)
 .bss.__tzname_std
                0x20008b83        0xb c:/program files (x86)/atollic/truestudio for stm32 9.3.0/armtools/bin/../lib/gcc/arm-atollic-eabi/6.3.1/../../../../arm-atollic-eabi/lib/armv7e-m/fpu\libc_nano.a(lib_a-tzset_r.o)
 *fill*         0x20008b8e        0x2 
 .bss.prev_tzenv
                0x20008b90        0x4 c:/program files (x86)/atollic/truestudio for stm32 9.3.0/armtools/bin/../lib/gcc/arm-atollic-eabi/6.3.1/../../../../arm-atollic-eabi/lib/armv7e-m/fpu\libc_nano.a(lib_a-tzset_r.o)
 .bss._daylight
                0x20008b94        0x4 c:/program files (x86)/atollic/truestudio for stm32 9.3.0/armtools/bin/../lib/gcc/arm-atollic-eabi/6.3.1/../../../../arm-atollic-eabi/lib/armv7e-m/fpu\libc_nano.a(lib_a-tzvars.o)
                0x20008b94                _daylight
 .bss._timezone
                0x20008b98        0x4 c:/program files (x86)/atollic/truestudio for stm32 9.3.0/armtools/bin/../lib/gcc/arm-atollic-eabi/6.3.1/../../../../arm-atollic-eabi/lib/armv7e-m/fpu\libc_nano.a(lib_a-tzvars.o)
                0x20008b98                _timezone
 .bss.__malloc_free_list
                0x20008b9c        0x4 c:/program files (x86)/atollic/truestudio for stm32 9.3.0/armtools/bin/../lib/gcc/arm-atollic-eabi/6.3.1/../../../../arm-atollic-eabi/lib/armv7e-m/fpu\libc_nano.a(lib_a-nano-mallocr.o)
                0x20008b9c                __malloc_free_list
 .bss.__malloc_sbrk_start
                0x20008ba0        0x4 c:/program files (x86)/atollic/truestudio for stm32 9.3.0/armtools/bin/../lib/gcc/arm-atollic-eabi/6.3.1/../../../../arm-atollic-eabi/lib/armv7e-m/fpu\libc_nano.a(lib_a-nano-mallocr.o)
                0x20008ba0                __malloc_sbrk_start
 *(COMMON)
 COMMON         0x20008ba4     0xa7c0 Application\engine\bit_engine.o
                0x20008ba4                outputs
                0x200131e4                sensor_list
 COMMON         0x20013364     0x1404 Application\esp8266\esp8266.o
                0x20013364                UART2_rx_data
                0x20014368                request
 COMMON         0x20014768        0x4 Drivers\STM32F4xx_HAL_Driver\Src\stm32f4xx_hal.o
                0x20014768                uwTick
 COMMON         0x2001476c       0x40 Middlewares\Third_Party\FreeRTOS\Source\queue.o
                0x2001476c                xQueueRegistry
 COMMON         0x200147ac     0x1004 Platform\sensor_task\sensor.o
                0x200147ac                UART3_rx_data
 COMMON         0x200157b0        0x4 Src\freertos.o
                0x200157b0                defaultTaskHandle
 COMMON         0x200157b4       0x40 Src\stm32f4xx_hal_timebase_tim.o
                0x200157b4                htim1
 COMMON         0x200157f4        0x4 c:/program files (x86)/atollic/truestudio for stm32 9.3.0/armtools/bin/../lib/gcc/arm-atollic-eabi/6.3.1/../../../../arm-atollic-eabi/lib/armv7e-m/fpu\libc_nano.a(lib_a-reent.o)
                0x200157f4                errno
                0x200157f8                . = ALIGN (0x4)
                0x200157f8                _ebss = .
                0x200157f8                __bss_end__ = _ebss

._user_heap_stack
                0x200157f8      0x600