Archive member included to satisfy reference by file (symbol)

c:/program files (x86)/atollic/truestudio for stm32 9.3.0/armtools/bin/../lib/gcc/arm-atollic-eabi/6.3.1/../../../../arm-atollic-eabi/lib/armv7e-m/fpu\libc_nano.a(lib_a-errno.o)
                              Src\syscalls.o (__errno)
c:/program files (x86)/atollic/truestudio for stm32 9.3.0/armtools/bin/../lib/gcc/arm-atollic-eabi/6.3.1/../../../../arm-atollic-eabi/lib/armv7e-m/fpu\libc_nano.a(lib_a-impure.o)
                              c:/program files (x86)/atollic/truestudio for stm32 9.3.0/armtools/bin/../lib/gcc/arm-atollic-eabi/6.3.1/../../../../arm-atollic-eabi/lib/armv7e-m/fpu\libc_nano.a(lib_a-errno.o) (_impure_ptr)
c:/program files (x86)/atollic/truestudio for stm32 9.3.0/armtools/bin/../lib/gcc/arm-atollic-eabi/6.3.1/../../../../arm-atollic-eabi/lib/armv7e-m/fpu\libc_nano.a(lib_a-init.o)
                              startup\startup_stm32f407xx.o (__libc_init_array)
c:/program files (x86)/atollic/truestudio for stm32 9.3.0/armtools/bin/../lib/gcc/arm-atollic-eabi/6.3.1/../../../../arm-atollic-eabi/lib/armv7e-m/fpu\libc_nano.a(lib_a-lcltime_r.o)
                              Application\requests\requests.o (localtime_r)
c:/program files (x86)/atollic/truestudio for stm32 9.3.0/armtools/bin/../lib/gcc/arm-atollic-eabi/6.3.1/../../../../arm-atollic-eabi/lib/armv7e-m/fpu\libc_nano.a(lib_a-locale.o)
                              Application\engine\json_parcer.o (__locale_ctype_ptr)
c:/program files (x86)/atollic/truestudio for stm32 9.3.0/armtools/bin/../lib/gcc/arm-atollic-eabi/6.3.1/../../../../arm-atollic-eabi/lib/armv7e-m/fpu\libc_nano.a(lib_a-mbtowc_r.o)
                              c:/program files (x86)/atollic/truestudio for stm32 9.3.0/armtools/bin/../lib/gcc/arm-atollic-eabi/6.3.1/../../../../arm-atollic-eabi/lib/armv7e-m/fpu\libc_nano.a(lib_a-locale.o) (__ascii_mbtowc)
c:/program files (x86)/atollic/truestudio for stm32 9.3.0/armtools/bin/../lib/gcc/arm-atollic-eabi/6.3.1/../../../../arm-atollic-eabi/lib/armv7e-m/fpu\libc_nano.a(lib_a-memcmp.o)
                              Application\engine\json_parcer.o (memcmp)
c:/program files (x86)/atollic/truestudio for stm32 9.3.0/armtools/bin/../lib/gcc/arm-atollic-eabi/6.3.1/../../../../arm-atollic-eabi/lib/armv7e-m/fpu\libc_nano.a(lib_a-memcpy-stub.o)
                              Application\engine\json_parcer.o (memcpy)
c:/program files (x86)/atollic/truestudio for stm32 9.3.0/armtools/bin/../lib/gcc/arm-atollic-eabi/6.3.1/../../../../arm-atollic-eabi/lib/armv7e-m/fpu\libc_nano.a(lib_a-memset.o)
                              Application\engine\telegram.o (memset)
c:/program files (x86)/atollic/truestudio for stm32 9.3.0/armtools/bin/../lib/gcc/arm-atollic-eabi/6.3.1/../../../../arm-atollic-eabi/lib/armv7e-m/fpu\libc_nano.a(lib_a-mktime.o)
                              Application\engine\bit_engine.o (mktime)
c:/program files (x86)/atollic/truestudio for stm32 9.3.0/armtools/bin/../lib/gcc/arm-atollic-eabi/6.3.1/../../../../arm-atollic-eabi/lib/armv7e-m/fpu\libc_nano.a(lib_a-month_lengths.o)
                              c:/program files (x86)/atollic/truestudio for stm32 9.3.0/armtools/bin/../lib/gcc/arm-atollic-eabi/6.3.1/../../../../arm-atollic-eabi/lib/armv7e-m/fpu\libc_nano.a(lib_a-lcltime_r.o) (__month_lengths)
c:/program files (x86)/atollic/truestudio for stm32 9.3.0/armtools/bin/../lib/gcc/arm-atollic-eabi/6.3.1/../../../../arm-atollic-eabi/lib/armv7e-m/fpu\libc_nano.a(lib_a-sprintf.o)
                              Application\esp8266\esp8266.o (sprintf)
c:/program files (x86)/atollic/truestudio for stm32 9.3.0/armtools/bin/../lib/gcc/arm-atollic-eabi/6.3.1/../../../../arm-atollic-eabi/lib/armv7e-m/fpu\libc_nano.a(lib_a-strcat.o)
                              Application\requests\requests.o (strcat)
c:/program files (x86)/atollic/truestudio for stm32 9.3.0/armtools/bin/../lib/gcc/arm-atollic-eabi/6.3.1/../../../../arm-atollic-eabi/lib/armv7e-m/fpu\libc_nano.a(lib_a-strchr.o)
                              Application\requests\requests.o (strchr)
c:/program files (x86)/atollic/truestudio for stm32 9.3.0/armtools/bin/../lib/gcc/arm-atollic-eabi/6.3.1/../../../../arm-atollic-eabi/lib/armv7e-m/fpu\libc_nano.a(lib_a-strcmp.o)
                              c:/program files (x86)/atollic/truestudio for stm32 9.3.0/armtools/bin/../lib/gcc/arm-atollic-eabi/6.3.1/../../../../arm-atollic-eabi/lib/armv7e-m/fpu\libc_nano.a(lib_a-locale.o) (strcmp)
c:/program files (x86)/atollic/truestudio for stm32 9.3.0/armtools/bin/../lib/gcc/arm-atollic-eabi/6.3.1/../../../../arm-atollic-eabi/lib/armv7e-m/fpu\libc_nano.a(lib_a-strcpy.o)
                              Application\requests\requests.o (strcpy)
c:/program files (x86)/atollic/truestudio for stm32 9.3.0/armtools/bin/../lib/gcc/arm-atollic-eabi/6.3.1/../../../../arm-atollic-eabi/lib/armv7e-m/fpu\libc_nano.a(lib_a-strlen.o)
                              Application\engine\json_parcer.o (strlen)
[...]
Memory Configuration

Name             Origin             Length             Attributes
RAM              0x20000000         0x00020000         xrw
CCMRAM           0x10000000         0x00010000         xrw
FLASH            0x08000000         0x00100000         xr
*default*        0x00000000         0xffffffff

Linker script and memory map

LOAD c:/program files (x86)/atollic/truestudio for stm32 9.3.0/armtools/bin/../lib/gcc/arm-atollic-eabi/6.3.1/armv7e-m/fpu/crti.o
LOAD c:/program files (x86)/atollic/truestudio for stm32 9.3.0/armtools/bin/../lib/gcc/arm-atollic-eabi/6.3.1/armv7e-m/fpu/crtbegin.o
LOAD Application\engine\bit_engine.o
LOAD Application\engine\json_parcer.o
LOAD Application\engine\telegram.o
LOAD Application\engine\time_engine.o
LOAD Application\esp8266\esp8266.o
LOAD Application\requests\requests.o
LOAD Application\ring_buffer\ring_buffer.o
LOAD Application\w25q\w25qxx.o
LOAD Drivers\STM32F4xx_HAL_Driver\Src\stm32f4xx_hal.o
LOAD Drivers\STM32F4xx_HAL_Driver\Src\stm32f4xx_hal_cortex.o
LOAD Drivers\STM32F4xx_HAL_Driver\Src\stm32f4xx_hal_dma.o
LOAD Drivers\STM32F4xx_HAL_Driver\Src\stm32f4xx_hal_dma_ex.o
LOAD Drivers\STM32F4xx_HAL_Driver\Src\stm32f4xx_hal_exti.o
LOAD Drivers\STM32F4xx_HAL_Driver\Src\stm32f4xx_hal_flash.o
LOAD Drivers\STM32F4xx_HAL_Driver\Src\stm32f4xx_hal_flash_ex.o
LOAD Drivers\STM32F4xx_HAL_Driver\Src\stm32f4xx_hal_flash_ramfunc.o
LOAD Drivers\STM32F4xx_HAL_Driver\Src\stm32f4xx_hal_gpio.o
LOAD Drivers\STM32F4xx_HAL_Driver\Src\stm32f4xx_hal_pwr.o
LOAD Drivers\STM32F4xx_HAL_Driver\Src\stm32f4xx_hal_pwr_ex.o
LOAD Drivers\STM32F4xx_HAL_Driver\Src\stm32f4xx_hal_rcc.o
LOAD Drivers\STM32F4xx_HAL_Driver\Src\stm32f4xx_hal_rcc_ex.o
LOAD Drivers\STM32F4xx_HAL_Driver\Src\stm32f4xx_hal_sd.o
LOAD Drivers\STM32F4xx_HAL_Driver\Src\stm32f4xx_hal_tim.o
LOAD Drivers\STM32F4xx_HAL_Driver\Src\stm32f4xx_hal_tim_ex.o
LOAD Drivers\STM32F4xx_HAL_Driver\Src\stm32f4xx_ll_adc.o
LOAD Drivers\STM32F4xx_HAL_Driver\Src\stm32f4xx_ll_dma.o
LOAD Drivers\STM32F4xx_HAL_Driver\Src\stm32f4xx_ll_exti.o
LOAD Drivers\STM32F4xx_HAL_Driver\Src\stm32f4xx_ll_gpio.o
LOAD Drivers\STM32F4xx_HAL_Driver\Src\stm32f4xx_ll_i2c.o
LOAD Drivers\STM32F4xx_HAL_Driver\Src\stm32f4xx_ll_rcc.o
LOAD Drivers\STM32F4xx_HAL_Driver\Src\stm32f4xx_ll_rtc.o
LOAD Drivers\STM32F4xx_HAL_Driver\Src\stm32f4xx_ll_sdmmc.o
LOAD Drivers\STM32F4xx_HAL_Driver\Src\stm32f4xx_ll_spi.o
LOAD Drivers\STM32F4xx_HAL_Driver\Src\stm32f4xx_ll_usart.o
LOAD Drivers\STM32F4xx_HAL_Driver\Src\stm32f4xx_ll_utils.o
LOAD Middlewares\Third_Party\FatFs\src\diskio.o
LOAD Middlewares\Third_Party\FatFs\src\ff.o
LOAD Middlewares\Third_Party\FatFs\src\ff_gen_drv.o
LOAD Middlewares\Third_Party\FatFs\src\option\syscall.o
LOAD Middlewares\Third_Party\FreeRTOS\Source\CMSIS_RTOS_V2\cmsis_os2.o
LOAD Middlewares\Third_Party\FreeRTOS\Source\croutine.o
LOAD Middlewares\Third_Party\FreeRTOS\Source\event_groups.o
LOAD Middlewares\Third_Party\FreeRTOS\Source\list.o
LOAD Middlewares\Third_Party\FreeRTOS\Source\portable\GCC\ARM_CM4F\port.o
LOAD Middlewares\Third_Party\FreeRTOS\Source\portable\MemMang\heap_4.o
LOAD Middlewares\Third_Party\FreeRTOS\Source\queue.o
LOAD Middlewares\Third_Party\FreeRTOS\Source\stream_buffer.o
LOAD Middlewares\Third_Party\FreeRTOS\Source\tasks.o
LOAD Middlewares\Third_Party\FreeRTOS\Source\timers.o
LOAD Platform\bit_engine_task\bit_engine_task.o
LOAD Platform\esp8266_task\esp8266_task.o
LOAD Platform\init_task\init_task.o
LOAD Platform\ino\ino.o
LOAD Platform\led_task\led_task.o
LOAD Platform\perih\perih.o
LOAD Platform\relay_task\relay_task.o
LOAD Platform\sensor_task\sensor.o
LOAD Platform\sensor_task\sensor_task.o
LOAD Platform\spi\spi3.o
LOAD Platform\uart\uart2.o
LOAD Platform\uart\uart3.o
LOAD Platform\w25_task\w25_task.o
LOAD Src\adc.o
LOAD Src\bsp_driver_sd.o
LOAD Src\fatfs.o
LOAD Src\fatfs_platform.o
LOAD Src\freertos.o
LOAD Src\gpio.o
LOAD Src\i2c.o
LOAD Src\main.o
LOAD Src\rtc.o
LOAD Src\sd_diskio.o
LOAD Src\sdio.o
LOAD Src\spi.o
LOAD Src\stm32f4xx_hal_msp.o
LOAD Src\stm32f4xx_hal_timebase_tim.o
LOAD Src\stm32f4xx_it.o
LOAD Src\syscalls.o
LOAD Src\system_stm32f4xx.o
LOAD Src\usart.o
LOAD startup\startup_stm32f407xx.o
                0x00000080                malloc_getpagesize_P = 0x80
START GROUP
LOAD c:/program files (x86)/atollic/truestudio for stm32 9.3.0/armtools/bin/../lib/gcc/arm-atollic-eabi/6.3.1/../../../../arm-atollic-eabi/lib/armv7e-m/fpu\libc_nano.a
LOAD c:/program files (x86)/atollic/truestudio for stm32 9.3.0/armtools/bin/../lib/gcc/arm-atollic-eabi/6.3.1/../../../../arm-atollic-eabi/lib/armv7e-m/fpu\libm.a
END GROUP
START GROUP
LOAD c:/program files (x86)/atollic/truestudio for stm32 9.3.0/armtools/bin/../lib/gcc/arm-atollic-eabi/6.3.1/armv7e-m/fpu\libgcc.a
LOAD c:/program files (x86)/atollic/truestudio for stm32 9.3.0/armtools/bin/../lib/gcc/arm-atollic-eabi/6.3.1/../../../../arm-atollic-eabi/lib/armv7e-m/fpu\libc_nano.a
END GROUP
START GROUP
LOAD c:/program files (x86)/atollic/truestudio for stm32 9.3.0/armtools/bin/../lib/gcc/arm-atollic-eabi/6.3.1/armv7e-m/fpu\libgcc.a
LOAD c:/program files (x86)/atollic/truestudio for stm32 9.3.0/armtools/bin/../lib/gcc/arm-atollic-eabi/6.3.1/../../../../arm-atollic-eabi/lib/armv7e-m/fpu\libc_nano.a
LOAD c:/program files (x86)/atollic/truestudio for stm32 9.3.0/armtools/bin/../lib/gcc/arm-atollic-eabi/6.3.1/../../../../arm-atollic-eabi/lib/armv7e-m/fpu\libnosys.a
END GROUP
START GROUP
LOAD c:/program files (x86)/atollic/truestudio for stm32 9.3.0/armtools/bin/../lib/gcc/arm-atollic-eabi/6.3.1/armv7e-m/fpu\libgcc.a
LOAD c:/program files (x86)/atollic/truestudio for stm32 9.3.0/armtools/bin/../lib/gcc/arm-atollic-eabi/6.3.1/../../../../arm-atollic-eabi/lib/armv7e-m/fpu\libc_nano.a
LOAD c:/program files (x86)/atollic/truestudio for stm32 9.3.0/armtools/bin/../lib/gcc/arm-atollic-eabi/6.3.1/../../../../arm-atollic-eabi/lib/armv7e-m/fpu\libnosys.a
END GROUP
LOAD c:/program files (x86)/atollic/truestudio for stm32 9.3.0/armtools/bin/../lib/gcc/arm-atollic-eabi/6.3.1/armv7e-m/fpu/crtend.o
LOAD c:/program files (x86)/atollic/truestudio for stm32 9.3.0/armtools/bin/../lib/gcc/arm-atollic-eabi/6.3.1/armv7e-m/fpu/crtn.o
                0x20020000                _estack = 0x20020000
                0x00000200                _Min_Heap_Size = 0x200
                0x00000400                _Min_Stack_Size = 0x400

.isr_vector     0x08000000      0x188
                0x08000000                . = ALIGN (0x4)
 *(.isr_vector)
 .isr_vector    0x08000000      0x188 startup\startup_stm32f407xx.o
                0x08000000                g_pfnVectors
                0x08000188                . = ALIGN (0x4)

.text           0x08000190     0xb610
                0x08000190                . = ALIGN (0x4)
 *(.text)
 .text          0x08000190       0x40 c:/program files (x86)/atollic/truestudio for stm32 9.3.0/armtools/bin/../lib/gcc/arm-atollic-eabi/6.3.1/armv7e-m/fpu/crtbegin.o
 .text          0x080001d0       0x14 c:/program files (x86)/atollic/truestudio for stm32 9.3.0/armtools/bin/../lib/gcc/arm-atollic-eabi/6.3.1/../../../../arm-atollic-eabi/lib/armv7e-m/fpu\libc_nano.a(lib_a-strcmp.o)
                0x080001d0                strcmp
 .text          0x080001e4       0x10 c:/program files (x86)/atollic/truestudio for stm32 9.3.0/armtools/bin/../lib/gcc/arm-atollic-eabi/6.3.1/../../../../arm-atollic-eabi/lib/armv7e-m/fpu\libc_nano.a(lib_a-strlen.o)
                0x080001e4                strlen
 *fill*         0x080001f4        0xc 
 .text          0x08000200       0xa0 c:/program files (x86)/atollic/truestudio for stm32 9.3.0/armtools/bin/../lib/gcc/arm-atollic-eabi/6.3.1/../../../../arm-atollic-eabi/lib/armv7e-m/fpu\libc_nano.a(lib_a-memchr.o)
                0x08000200                memchr
 .text          0x080002a0       0x30 c:/program files (x86)/atollic/truestudio for stm32 9.3.0/armtools/bin/../lib/gcc/arm-atollic-eabi/6.3.1/armv7e-m/fpu\libgcc.a(_aeabi_uldivmod.o)
                0x080002a0                __aeabi_uldivmod
 .text          0x080002d0      0x2dc c:/program files (x86)/atollic/truestudio for stm32 9.3.0/armtools/bin/../lib/gcc/arm-atollic-eabi/6.3.1/armv7e-m/fpu\libgcc.a(_udivmoddi4.o)
                0x080002d0                __udivmoddi4
 .text          0x080005ac        0x4 c:/program files (x86)/atollic/truestudio for stm32 9.3.0/armtools/bin/../lib/gcc/arm-atollic-eabi/6.3.1/armv7e-m/fpu\libgcc.a(_dvmd_tls.o)
                0x080005ac                __aeabi_idiv0
                0x080005ac                __aeabi_ldiv0
 *(.text*)
 .text.t_trigger_update
                0x080005b0       0xba Application\engine\bit_engine.o
 .text.rs_trigger_update
                0x0800066a       0xcc Application\engine\bit_engine.o
 .text.counter_update
                0x08000736      0x106 Application\engine\bit_engine.o
 .text.delay_update
                0x0800083c      0x128 Application\engine\bit_engine.o
 .text.update_type_state
                0x08000964       0xae Application\engine\bit_engine.o
 *fill*         0x08000a12        0x2 
 .text.bit_proces
                0x08000a14      0x308 Application\engine\bit_engine.o
 .text.start_bit_engine
                0x08000d1c       0x52 Application\engine\bit_engine.o
                0x08000d1c                start_bit_engine
 .text.jsmn_alloc_token
                0x08000d6e       0x50 Application\engine\json_parcer.o
 .text.jsmn_fill_token
                0x08000dbe       0x34 Application\engine\json_parcer.o
 .text.jsmn_parse_primitive
                0x08000df2       0xf0 Application\engine\json_parcer.o
 *fill*         0x08000ee2        0x2 
 .text.jsmn_parse_string
                0x08000ee4      0x2e8 Application\engine\json_parcer.o
 .text.jsmn_parse
                0x080011cc      0x33c Application\engine\json_parcer.o
                0x080011cc                jsmn_parse
 .text.jsmn_init
                0x08001508       0x28 Application\engine\json_parcer.o
                0x08001508                jsmn_init
 .text.jsoneq   0x08001530       0x5e Application\engine\json_parcer.o
 *fill*         0x0800158e        0x2 
 .text.json_get_op
                0x08001590      0xd44 Application\engine\json_parcer.o
                0x08001590                json_get_op
 .text.Telegram_GetValue
                0x080022d4       0x48 Application\engine\telegram.o
                0x080022d4                Telegram_GetValue
 .text.get_cur_time
                0x0800231c       0x18 Application\engine\time_engine.o
                0x0800231c                get_cur_time
 .text.is_cur_time
                0x08002334       0x7c Application\engine\time_engine.o
                0x08002334                is_cur_time
 .text.is_cur_day_of_week
                0x080023b0       0x40 Application\engine\time_engine.o
                0x080023b0                is_cur_day_of_week
 .text.ESP_Init
                0x080023f0       0x38 Application\esp8266\esp8266.o
                0x080023f0                ESP_Init
 .text.requestFlush
                0x08002428       0x18 Application\esp8266\esp8266.o
 .text.charCallBack
                0x08002440       0x54 Application\esp8266\esp8266.o
 .text.waitCallBack
                0x08002494       0x54 Application\esp8266\esp8266.o
 .text.ESP_GetRxData
                0x080024e8       0x14 Application\esp8266\esp8266.o
                0x080024e8                ESP_GetRxData
 .text.ESP_SoftReset
                0x080024fc       0x18 Application\esp8266\esp8266.o
                0x080024fc                ESP_SoftReset
 .text.ESP_SetMode
                0x08002514       0x80 Application\esp8266\esp8266.o
                0x08002514                ESP_SetMode
 .text.ESP_SetParamsSoftAP
                0x08002594       0x6c Application\esp8266\esp8266.o
                0x08002594                ESP_SetParamsSoftAP
 .text.ESP_SendData
                0x08002600      0x110 Application\esp8266\esp8266.o
                0x08002600                ESP_SendData
 .text.update_info_from_json
                0x08002710       0x58 Application\requests\requests.o
 .text.clear_info
                0x08002768       0x60 Application\requests\requests.o
 .text.ESP_GetJson
                0x080027c8       0xb0 Application\requests\requests.o
                0x080027c8                ESP_GetJson
 .text.ESP_UpdateTime
                0x08002878       0xc4 Application\requests\requests.o
                0x08002878                ESP_UpdateTime
 .text.RingBuffInit
                0x0800293c       0x22 Application\ring_buffer\ring_buffer.o
                0x0800293c                RingBuffInit
 .text.RingBuffPush
                0x0800295e       0x3c Application\ring_buffer\ring_buffer.o
                0x0800295e                RingBuffPush
 .text.RingBuffClear
                0x0800299a       0x34 Application\ring_buffer\ring_buffer.o
                0x0800299a                RingBuffClear
 .text.RingBuffGetArray
                0x080029ce       0x18 Application\ring_buffer\ring_buffer.o
                0x080029ce                RingBuffGetArray
 .text.W25qxx_Spi
                0x080029e6       0x1c Application\w25q\w25qxx.o
                0x080029e6                W25qxx_Spi
 .text.W25qxx_ReadID
                0x08002a02       0x60 Application\w25q\w25qxx.o
                0x08002a02                W25qxx_ReadID
 *fill*         0x08002a62        0x2 
 .text.W25qxx_ReadUniqID
                0x08002a64       0x60 Application\w25q\w25qxx.o
                0x08002a64                W25qxx_ReadUniqID
 .text.W25qxx_WriteEnable
                0x08002ac4       0x20 Application\w25q\w25qxx.o
                0x08002ac4                W25qxx_WriteEnable
 .text.W25qxx_ReadStatusRegister
                0x08002ae4       0x80 Application\w25q\w25qxx.o
                0x08002ae4                W25qxx_ReadStatusRegister
 .text.W25qxx_WaitForWriteEnd
                0x08002b64       0x48 Application\w25q\w25qxx.o
                0x08002b64                W25qxx_WaitForWriteEnd
 .text.W25qxx_Init
                0x08002bac      0x178 Application\w25q\w25qxx.o
                0x08002bac                W25qxx_Init
 .text.W25qxx_BlockToPage
                0x08002d24       0x2c Application\w25q\w25qxx.o
                0x08002d24                W25qxx_BlockToPage
 .text.W25qxx_WritePage
                0x08002d50       0xec Application\w25q\w25qxx.o
                0x08002d50                W25qxx_WritePage
 .text.W25qxx_WriteBlock
                0x08002e3c       0xc4 Application\w25q\w25qxx.o
                0x08002e3c                W25qxx_WriteBlock
 .text.HAL_Init
                0x08002f00       0x44 Drivers\STM32F4xx_HAL_Driver\Src\stm32f4xx_hal.o
                0x08002f00                HAL_Init
 .text.HAL_IncTick
                0x08002f44       0x28 Drivers\STM32F4xx_HAL_Driver\Src\stm32f4xx_hal.o
                0x08002f44                HAL_IncTick
 .text.__NVIC_SetPriorityGrouping
                0x08002f6c       0x48 Drivers\STM32F4xx_HAL_Driver\Src\stm32f4xx_hal_cortex.o
 .text.__NVIC_GetPriorityGrouping
                0x08002fb4       0x1c Drivers\STM32F4xx_HAL_Driver\Src\stm32f4xx_hal_cortex.o
 .text.__NVIC_EnableIRQ
                0x08002fd0       0x3c Drivers\STM32F4xx_HAL_Driver\Src\stm32f4xx_hal_cortex.o
 .text.__NVIC_SetPriority
                0x0800300c       0x54 Drivers\STM32F4xx_HAL_Driver\Src\stm32f4xx_hal_cortex.o
 .text.NVIC_EncodePriority
                0x08003060       0x62 Drivers\STM32F4xx_HAL_Driver\Src\stm32f4xx_hal_cortex.o
 .text.HAL_NVIC_SetPriorityGrouping
                0x080030c2       0x16 Drivers\STM32F4xx_HAL_Driver\Src\stm32f4xx_hal_cortex.o
                0x080030c2                HAL_NVIC_SetPriorityGrouping
 .text.HAL_NVIC_SetPriority
                0x080030d8       0x38 Drivers\STM32F4xx_HAL_Driver\Src\stm32f4xx_hal_cortex.o
                0x080030d8                HAL_NVIC_SetPriority
 .text.HAL_NVIC_EnableIRQ
                0x08003110       0x1c Drivers\STM32F4xx_HAL_Driver\Src\stm32f4xx_hal_cortex.o
                0x08003110                HAL_NVIC_EnableIRQ
 .text.HAL_RCC_GetHCLKFreq
                0x0800312c       0x18 Drivers\STM32F4xx_HAL_Driver\Src\stm32f4xx_hal_rcc.o
                0x0800312c                HAL_RCC_GetHCLKFreq
 .text.HAL_RCC_GetPCLK2Freq
                0x08003144       0x28 Drivers\STM32F4xx_HAL_Driver\Src\stm32f4xx_hal_rcc.o
                0x08003144                HAL_RCC_GetPCLK2Freq
 .text.HAL_RCC_GetClockConfig
                0x0800316c       0x64 Drivers\STM32F4xx_HAL_Driver\Src\stm32f4xx_hal_rcc.o
                0x0800316c                HAL_RCC_GetClockConfig
 .text.HAL_TIM_Base_Init
                0x080031d0       0x56 Drivers\STM32F4xx_HAL_Driver\Src\stm32f4xx_hal_tim.o
                0x080031d0                HAL_TIM_Base_Init
 .text.HAL_TIM_Base_MspInit
                0x08003226       0x14 Drivers\STM32F4xx_HAL_Driver\Src\stm32f4xx_hal_tim.o
                0x08003226                HAL_TIM_Base_MspInit
 .text.HAL_TIM_Base_Start_IT
                0x0800323a       0x48 Drivers\STM32F4xx_HAL_Driver\Src\stm32f4xx_hal_tim.o
                0x0800323a                HAL_TIM_Base_Start_IT
 .text.HAL_TIM_IRQHandler
                0x08003282      0x210 Drivers\STM32F4xx_HAL_Driver\Src\stm32f4xx_hal_tim.o
                0x08003282                HAL_TIM_IRQHandler
 .text.HAL_TIM_OC_DelayElapsedCallback
                0x08003492       0x14 Drivers\STM32F4xx_HAL_Driver\Src\stm32f4xx_hal_tim.o
                0x08003492                HAL_TIM_OC_DelayElapsedCallback
 .text.HAL_TIM_IC_CaptureCallback
                0x080034a6       0x14 Drivers\STM32F4xx_HAL_Driver\Src\stm32f4xx_hal_tim.o
                0x080034a6                HAL_TIM_IC_CaptureCallback
 .text.HAL_TIM_PWM_PulseFinishedCallback
                0x080034ba       0x14 Drivers\STM32F4xx_HAL_Driver\Src\stm32f4xx_hal_tim.o
                0x080034ba                HAL_TIM_PWM_PulseFinishedCallback
 .text.HAL_TIM_TriggerCallback
                0x080034ce       0x14 Drivers\STM32F4xx_HAL_Driver\Src\stm32f4xx_hal_tim.o
                0x080034ce                HAL_TIM_TriggerCallback
 *fill*         0x080034e2        0x2 
 .text.TIM_Base_SetConfig
                0x080034e4      0x140 Drivers\STM32F4xx_HAL_Driver\Src\stm32f4xx_hal_tim.o
                0x080034e4                TIM_Base_SetConfig
 .text.HAL_TIMEx_CommutCallback
                0x08003624       0x14 Drivers\STM32F4xx_HAL_Driver\Src\stm32f4xx_hal_tim_ex.o
                0x08003624                HAL_TIMEx_CommutCallback
 .text.HAL_TIMEx_BreakCallback
                0x08003638       0x14 Drivers\STM32F4xx_HAL_Driver\Src\stm32f4xx_hal_tim_ex.o
                0x08003638                HAL_TIMEx_BreakCallback
 .text.LL_GPIO_SetPinMode
                0x0800364c       0x5e Drivers\STM32F4xx_HAL_Driver\Src\stm32f4xx_ll_gpio.o
 .text.LL_GPIO_SetPinOutputType
                0x080036aa       0x30 Drivers\STM32F4xx_HAL_Driver\Src\stm32f4xx_ll_gpio.o
 .text.LL_GPIO_SetPinSpeed
                0x080036da       0x5e Drivers\STM32F4xx_HAL_Driver\Src\stm32f4xx_ll_gpio.o
 .text.LL_GPIO_SetPinPull
                0x08003738       0x5e Drivers\STM32F4xx_HAL_Driver\Src\stm32f4xx_ll_gpio.o
 .text.LL_GPIO_SetAFPin_0_7
                0x08003796       0x5e Drivers\STM32F4xx_HAL_Driver\Src\stm32f4xx_ll_gpio.o
 .text.LL_GPIO_SetAFPin_8_15
                0x080037f4       0x62 Drivers\STM32F4xx_HAL_Driver\Src\stm32f4xx_ll_gpio.o
 .text.LL_GPIO_Init
                0x08003856       0xe6 Drivers\STM32F4xx_HAL_Driver\Src\stm32f4xx_ll_gpio.o
                0x08003856                LL_GPIO_Init
 .text.LL_RCC_GetSysClkSource
                0x0800393c       0x1c Drivers\STM32F4xx_HAL_Driver\Src\stm32f4xx_ll_rcc.o
 .text.LL_RCC_GetAHBPrescaler
                0x08003958       0x1c Drivers\STM32F4xx_HAL_Driver\Src\stm32f4xx_ll_rcc.o
 .text.LL_RCC_GetAPB1Prescaler
                0x08003974       0x1c Drivers\STM32F4xx_HAL_Driver\Src\stm32f4xx_ll_rcc.o
 .text.LL_RCC_GetAPB2Prescaler
                0x08003990       0x1c Drivers\STM32F4xx_HAL_Driver\Src\stm32f4xx_ll_rcc.o
 .text.LL_RCC_PLL_GetMainSource
                0x080039ac       0x1c Drivers\STM32F4xx_HAL_Driver\Src\stm32f4xx_ll_rcc.o
 .text.LL_RCC_PLL_GetN
                0x080039c8       0x1c Drivers\STM32F4xx_HAL_Driver\Src\stm32f4xx_ll_rcc.o
 .text.LL_RCC_PLL_GetP
                0x080039e4       0x1c Drivers\STM32F4xx_HAL_Driver\Src\stm32f4xx_ll_rcc.o
 .text.LL_RCC_PLL_GetDivider
                0x08003a00       0x1c Drivers\STM32F4xx_HAL_Driver\Src\stm32f4xx_ll_rcc.o
 .text.LL_RCC_GetSystemClocksFreq
                0x08003a1c       0x4a Drivers\STM32F4xx_HAL_Driver\Src\stm32f4xx_ll_rcc.o
                0x08003a1c                LL_RCC_GetSystemClocksFreq
 *fill*         0x08003a66        0x2 
 .text.RCC_GetSystemClockFreq
                0x08003a68       0x4c Drivers\STM32F4xx_HAL_Driver\Src\stm32f4xx_ll_rcc.o
                0x08003a68                RCC_GetSystemClockFreq
 .text.RCC_GetHCLKClockFreq
                0x08003ab4       0x2c Drivers\STM32F4xx_HAL_Driver\Src\stm32f4xx_ll_rcc.o
                0x08003ab4                RCC_GetHCLKClockFreq
 .text.RCC_GetPCLK1ClockFreq
                0x08003ae0       0x28 Drivers\STM32F4xx_HAL_Driver\Src\stm32f4xx_ll_rcc.o
                0x08003ae0                RCC_GetPCLK1ClockFreq
 .text.RCC_GetPCLK2ClockFreq
                0x08003b08       0x28 Drivers\STM32F4xx_HAL_Driver\Src\stm32f4xx_ll_rcc.o
                0x08003b08                RCC_GetPCLK2ClockFreq
 .text.RCC_PLL_GetFreqDomain_SYS
                0x08003b30       0x7c Drivers\STM32F4xx_HAL_Driver\Src\stm32f4xx_ll_rcc.o
                0x08003b30                RCC_PLL_GetFreqDomain_SYS
 .text.LL_RTC_SetHourFormat
                0x08003bac       0x26 Drivers\STM32F4xx_HAL_Driver\Src\stm32f4xx_ll_rtc.o
 .text.LL_RTC_GetHourFormat
                0x08003bd2       0x1c Drivers\STM32F4xx_HAL_Driver\Src\stm32f4xx_ll_rtc.o
 .text.LL_RTC_EnableInitMode
                0x08003bee       0x1c Drivers\STM32F4xx_HAL_Driver\Src\stm32f4xx_ll_rtc.o
 .text.LL_RTC_DisableInitMode
                0x08003c0a       0x1c Drivers\STM32F4xx_HAL_Driver\Src\stm32f4xx_ll_rtc.o
 .text.LL_RTC_IsShadowRegBypassEnabled
                0x08003c26       0x26 Drivers\STM32F4xx_HAL_Driver\Src\stm32f4xx_ll_rtc.o
 .text.LL_RTC_SetAsynchPrescaler
                0x08003c4c       0x28 Drivers\STM32F4xx_HAL_Driver\Src\stm32f4xx_ll_rtc.o
 .text.LL_RTC_SetSynchPrescaler
                0x08003c74       0x2a Drivers\STM32F4xx_HAL_Driver\Src\stm32f4xx_ll_rtc.o
 .text.LL_RTC_EnableWriteProtection
                0x08003c9e       0x1a Drivers\STM32F4xx_HAL_Driver\Src\stm32f4xx_ll_rtc.o
 .text.LL_RTC_DisableWriteProtection
                0x08003cb8       0x20 Drivers\STM32F4xx_HAL_Driver\Src\stm32f4xx_ll_rtc.o
 .text.LL_RTC_TIME_Config
                0x08003cd8       0x48 Drivers\STM32F4xx_HAL_Driver\Src\stm32f4xx_ll_rtc.o
 .text.LL_RTC_DATE_Config
                0x08003d20       0x4c Drivers\STM32F4xx_HAL_Driver\Src\stm32f4xx_ll_rtc.o
 .text.LL_RTC_IsActiveFlag_INIT
                0x08003d6c       0x26 Drivers\STM32F4xx_HAL_Driver\Src\stm32f4xx_ll_rtc.o
 .text.LL_RTC_IsActiveFlag_RS
                0x08003d92       0x26 Drivers\STM32F4xx_HAL_Driver\Src\stm32f4xx_ll_rtc.o
 .text.LL_RTC_ClearFlag_RS
                0x08003db8       0x24 Drivers\STM32F4xx_HAL_Driver\Src\stm32f4xx_ll_rtc.o
 .text.LL_SYSTICK_IsActiveCounterFlag
                0x08003ddc       0x28 Drivers\STM32F4xx_HAL_Driver\Src\stm32f4xx_ll_rtc.o
 .text.LL_RTC_Init
                0x08003e04       0x5e Drivers\STM32F4xx_HAL_Driver\Src\stm32f4xx_ll_rtc.o
                0x08003e04                LL_RTC_Init
 *fill*         0x08003e62        0x2 
 .text.LL_RTC_TIME_Init
                0x08003e64      0x150 Drivers\STM32F4xx_HAL_Driver\Src\stm32f4xx_ll_rtc.o
                0x08003e64                LL_RTC_TIME_Init
 .text.LL_RTC_DATE_Init
                0x08003fb4      0x14c Drivers\STM32F4xx_HAL_Driver\Src\stm32f4xx_ll_rtc.o
                0x08003fb4                LL_RTC_DATE_Init
 .text.LL_RTC_EnterInitMode
                0x08004100       0x6a Drivers\STM32F4xx_HAL_Driver\Src\stm32f4xx_ll_rtc.o
                0x08004100                LL_RTC_EnterInitMode
 .text.LL_RTC_WaitForSynchro
                0x0800416a       0xa2 Drivers\STM32F4xx_HAL_Driver\Src\stm32f4xx_ll_rtc.o
                0x0800416a                LL_RTC_WaitForSynchro
 .text.LL_SPI_IsEnabled
                0x0800420c       0x26 Drivers\STM32F4xx_HAL_Driver\Src\stm32f4xx_ll_spi.o
 .text.LL_SPI_SetCRCPolynomial
                0x08004232       0x20 Drivers\STM32F4xx_HAL_Driver\Src\stm32f4xx_ll_spi.o
 .text.LL_SPI_Init
                0x08004252       0xa4 Drivers\STM32F4xx_HAL_Driver\Src\stm32f4xx_ll_spi.o
                0x08004252                LL_SPI_Init
 .text.LL_USART_IsEnabled
                0x080042f6       0x28 Drivers\STM32F4xx_HAL_Driver\Src\stm32f4xx_ll_usart.o
 .text.LL_USART_SetStopBitsLength
                0x0800431e       0x26 Drivers\STM32F4xx_HAL_Driver\Src\stm32f4xx_ll_usart.o
 .text.LL_USART_SetHWFlowCtrl
                0x08004344       0x26 Drivers\STM32F4xx_HAL_Driver\Src\stm32f4xx_ll_usart.o
 *fill*         0x0800436a        0x2 
 .text.LL_USART_SetBaudRate
                0x0800436c      0x2ec Drivers\STM32F4xx_HAL_Driver\Src\stm32f4xx_ll_usart.o
 .text.LL_USART_Init
                0x08004658      0x100 Drivers\STM32F4xx_HAL_Driver\Src\stm32f4xx_ll_usart.o
                0x08004658                LL_USART_Init
 .text.LL_SetSystemCoreClock
                0x08004758       0x20 Drivers\STM32F4xx_HAL_Driver\Src\stm32f4xx_ll_utils.o
                0x08004758                LL_SetSystemCoreClock
 .text.SVC_Setup
                0x08004778        0xe Middlewares\Third_Party\FreeRTOS\Source\CMSIS_RTOS_V2\cmsis_os2.o
 *fill*         0x08004786        0x2 
 .text.osKernelInitialize
                0x08004788       0x68 Middlewares\Third_Party\FreeRTOS\Source\CMSIS_RTOS_V2\cmsis_os2.o
                0x08004788                osKernelInitialize
 .text.osKernelStart
                0x080047f0       0x6c Middlewares\Third_Party\FreeRTOS\Source\CMSIS_RTOS_V2\cmsis_os2.o
                0x080047f0                osKernelStart
 .text.osThreadNew
                0x0800485c      0x14c Middlewares\Third_Party\FreeRTOS\Source\CMSIS_RTOS_V2\cmsis_os2.o
                0x0800485c                osThreadNew
 .text.osDelay  0x080049a8       0x5c Middlewares\Third_Party\FreeRTOS\Source\CMSIS_RTOS_V2\cmsis_os2.o
                0x080049a8                osDelay
 .text.vApplicationGetIdleTaskMemory
                0x08004a04       0x34 Middlewares\Third_Party\FreeRTOS\Source\CMSIS_RTOS_V2\cmsis_os2.o
                0x08004a04                vApplicationGetIdleTaskMemory
 .text.vApplicationGetTimerTaskMemory
                0x08004a38       0x34 Middlewares\Third_Party\FreeRTOS\Source\CMSIS_RTOS_V2\cmsis_os2.o
                0x08004a38                vApplicationGetTimerTaskMemory
 .text.vListInitialise
                0x08004a6c       0x40 Middlewares\Third_Party\FreeRTOS\Source\list.o
                0x08004a6c                vListInitialise
 .text.vListInitialiseItem
                0x08004aac       0x1a Middlewares\Third_Party\FreeRTOS\Source\list.o
                0x08004aac                vListInitialiseItem
 .text.vListInsertEnd
                0x08004ac6       0x48 Middlewares\Third_Party\FreeRTOS\Source\list.o
                0x08004ac6                vListInsertEnd
 .text.vListInsert
                0x08004b0e       0x72 Middlewares\Third_Party\FreeRTOS\Source\list.o
                0x08004b0e                vListInsert
 .text.uxListRemove
                0x08004b80       0x54 Middlewares\Third_Party\FreeRTOS\Source\list.o
                0x08004b80                uxListRemove
 .text.pxPortInitialiseStack
                0x08004bd4       0x68 Middlewares\Third_Party\FreeRTOS\Source\portable\GCC\ARM_CM4F\port.o
                0x08004bd4                pxPortInitialiseStack
 .text.prvTaskExitError
                0x08004c3c       0x54 Middlewares\Third_Party\FreeRTOS\Source\portable\GCC\ARM_CM4F\port.o
 .text.SVC_Handler
                0x08004c90       0x28 Middlewares\Third_Party\FreeRTOS\Source\portable\GCC\ARM_CM4F\port.o
                0x08004c90                SVC_Handler
 .text.prvPortStartFirstTask
                0x08004cb8       0x28 Middlewares\Third_Party\FreeRTOS\Source\portable\GCC\ARM_CM4F\port.o
 .text.xPortStartScheduler
                0x08004ce0      0x13c Middlewares\Third_Party\FreeRTOS\Source\portable\GCC\ARM_CM4F\port.o
                0x08004ce0                xPortStartScheduler
 .text.vPortEnterCritical
                0x08004e1c       0x5c Middlewares\Third_Party\FreeRTOS\Source\portable\GCC\ARM_CM4F\port.o
                0x08004e1c                vPortEnterCritical
 .text.vPortExitCritical
                0x08004e78       0x50 Middlewares\Third_Party\FreeRTOS\Source\portable\GCC\ARM_CM4F\port.o
                0x08004e78                vPortExitCritical
 *fill*         0x08004ec8        0x8 
 .text.PendSV_Handler
                0x08004ed0       0x68 Middlewares\Third_Party\FreeRTOS\Source\portable\GCC\ARM_CM4F\port.o
                0x08004ed0                PendSV_Handler
 .text.SysTick_Handler
                0x08004f38       0x40 Middlewares\Third_Party\FreeRTOS\Source\portable\GCC\ARM_CM4F\port.o
                0x08004f38                SysTick_Handler
 .text.vPortSetupTimerInterrupt
                0x08004f78       0x48 Middlewares\Third_Party\FreeRTOS\Source\portable\GCC\ARM_CM4F\port.o
                0x08004f78                vPortSetupTimerInterrupt
 .text.vPortEnableVFP
                0x08004fc0       0x14 Middlewares\Third_Party\FreeRTOS\Source\portable\GCC\ARM_CM4F\port.o
 .text.vPortValidateInterruptPriority
                0x08004fd4       0x7c Middlewares\Third_Party\FreeRTOS\Source\portable\GCC\ARM_CM4F\port.o
                0x08004fd4                vPortValidateInterruptPriority
 .text.pvPortMalloc
                0x08005050      0x184 Middlewares\Third_Party\FreeRTOS\Source\portable\MemMang\heap_4.o
                0x08005050                pvPortMalloc
 .text.vPortFree
                0x080051d4       0xb0 Middlewares\Third_Party\FreeRTOS\Source\portable\MemMang\heap_4.o
                0x080051d4                vPortFree
 .text.prvHeapInit
                0x08005284       0xc4 Middlewares\Third_Party\FreeRTOS\Source\portable\MemMang\heap_4.o
 .text.prvInsertBlockIntoFreeList
                0x08005348       0xb4 Middlewares\Third_Party\FreeRTOS\Source\portable\MemMang\heap_4.o
 .text.xQueueGenericReset
                0x080053fc       0xd0 Middlewares\Third_Party\FreeRTOS\Source\queue.o
                0x080053fc                xQueueGenericReset
 .text.xQueueGenericCreateStatic
                0x080054cc       0xe6 Middlewares\Third_Party\FreeRTOS\Source\queue.o
                0x080054cc                xQueueGenericCreateStatic
 .text.prvInitialiseNewQueue
                0x080055b2       0x46 Middlewares\Third_Party\FreeRTOS\Source\queue.o
 .text.xQueueGenericSend
                0x080055f8      0x1f4 Middlewares\Third_Party\FreeRTOS\Source\queue.o
                0x080055f8                xQueueGenericSend
 .text.xQueueGenericSendFromISR
                0x080057ec      0x128 Middlewares\Third_Party\FreeRTOS\Source\queue.o
                0x080057ec                xQueueGenericSendFromISR
 .text.xQueueReceive
                0x08005914      0x1b8 Middlewares\Third_Party\FreeRTOS\Source\queue.o
                0x08005914                xQueueReceive
 .text.prvCopyDataToQueue
                0x08005acc       0xd4 Middlewares\Third_Party\FreeRTOS\Source\queue.o
 .text.prvCopyDataFromQueue
                0x08005ba0       0x4c Middlewares\Third_Party\FreeRTOS\Source\queue.o
 .text.prvUnlockQueue
                0x08005bec       0xa4 Middlewares\Third_Party\FreeRTOS\Source\queue.o
 .text.prvIsQueueEmpty
                0x08005c90       0x2c Middlewares\Third_Party\FreeRTOS\Source\queue.o
 .text.prvIsQueueFull
                0x08005cbc       0x30 Middlewares\Third_Party\FreeRTOS\Source\queue.o
 .text.vQueueAddToRegistry
                0x08005cec       0x50 Middlewares\Third_Party\FreeRTOS\Source\queue.o
                0x08005cec                vQueueAddToRegistry
 .text.vQueueWaitForMessageRestricted
                0x08005d3c       0x68 Middlewares\Third_Party\FreeRTOS\Source\queue.o
                0x08005d3c                vQueueWaitForMessageRestricted
 .text.xTaskCreateStatic
                0x08005da4       0xb4 Middlewares\Third_Party\FreeRTOS\Source\tasks.o
                0x08005da4                xTaskCreateStatic
 .text.xTaskCreate
                0x08005e58       0x8a Middlewares\Third_Party\FreeRTOS\Source\tasks.o
                0x08005e58                xTaskCreate
 .text.prvInitialiseNewTask
                0x08005ee2      0x11c Middlewares\Third_Party\FreeRTOS\Source\tasks.o
 *fill*         0x08005ffe        0x2 
 .text.prvAddNewTaskToReadyList
                0x08006000       0xe0 Middlewares\Third_Party\FreeRTOS\Source\tasks.o
 .text.vTaskDelete
                0x080060e0       0xe4 Middlewares\Third_Party\FreeRTOS\Source\tasks.o
                0x080060e0                vTaskDelete
 .text.vTaskDelay
                0x080061c4       0x68 Middlewares\Third_Party\FreeRTOS\Source\tasks.o
                0x080061c4                vTaskDelay
 .text.vTaskStartScheduler
                0x0800622c       0xc8 Middlewares\Third_Party\FreeRTOS\Source\tasks.o
                0x0800622c                vTaskStartScheduler
 .text.vTaskSuspendAll
                0x080062f4       0x1c Middlewares\Third_Party\FreeRTOS\Source\tasks.o
                0x080062f4                vTaskSuspendAll
 .text.xTaskResumeAll
                0x08006310      0x138 Middlewares\Third_Party\FreeRTOS\Source\tasks.o
                0x08006310                xTaskResumeAll
 .text.xTaskGetTickCount
                0x08006448       0x20 Middlewares\Third_Party\FreeRTOS\Source\tasks.o
                0x08006448                xTaskGetTickCount
 .text.xTaskIncrementTick
                0x08006468      0x170 Middlewares\Third_Party\FreeRTOS\Source\tasks.o
                0x08006468                xTaskIncrementTick
 .text.vTaskSwitchContext
                0x080065d8       0xb8 Middlewares\Third_Party\FreeRTOS\Source\tasks.o
                0x080065d8                vTaskSwitchContext
 .text.vTaskPlaceOnEventList
                0x08006690       0x48 Middlewares\Third_Party\FreeRTOS\Source\tasks.o
                0x08006690                vTaskPlaceOnEventList
 .text.vTaskPlaceOnEventListRestricted
                0x080066d8       0x54 Middlewares\Third_Party\FreeRTOS\Source\tasks.o
                0x080066d8                vTaskPlaceOnEventListRestricted
 .text.xTaskRemoveFromEventList
                0x0800672c       0xc4 Middlewares\Third_Party\FreeRTOS\Source\tasks.o
                0x0800672c                xTaskRemoveFromEventList
 .text.vTaskInternalSetTimeOutState
                0x080067f0       0x2c Middlewares\Third_Party\FreeRTOS\Source\tasks.o
                0x080067f0                vTaskInternalSetTimeOutState
 .text.xTaskCheckForTimeOut
                0x0800681c       0xc0 Middlewares\Third_Party\FreeRTOS\Source\tasks.o
                0x0800681c                xTaskCheckForTimeOut
 .text.vTaskMissedYield
                0x080068dc       0x18 Middlewares\Third_Party\FreeRTOS\Source\tasks.o
                0x080068dc                vTaskMissedYield
 .text.prvIdleTask
                0x080068f4       0x30 Middlewares\Third_Party\FreeRTOS\Source\tasks.o
 .text.prvInitialiseTaskLists
                0x08006924       0x80 Middlewares\Third_Party\FreeRTOS\Source\tasks.o
 .text.prvCheckTasksWaitingTermination
                0x080069a4       0x58 Middlewares\Third_Party\FreeRTOS\Source\tasks.o
 .text.prvDeleteTCB
                0x080069fc       0x5c Middlewares\Third_Party\FreeRTOS\Source\tasks.o
 .text.prvResetNextTaskUnblockTime
                0x08006a58       0x40 Middlewares\Third_Party\FreeRTOS\Source\tasks.o
 .text.xTaskGetSchedulerState
                0x08006a98       0x3c Middlewares\Third_Party\FreeRTOS\Source\tasks.o
                0x08006a98                xTaskGetSchedulerState
 .text.xTaskPriorityDisinherit
                0x08006ad4       0xd8 Middlewares\Third_Party\FreeRTOS\Source\tasks.o
                0x08006ad4                xTaskPriorityDisinherit
 .text.prvAddCurrentTaskToDelayedList
                0x08006bac       0xa8 Middlewares\Third_Party\FreeRTOS\Source\tasks.o
 .text.xTimerCreateTimerTask
                0x08006c54       0x90 Middlewares\Third_Party\FreeRTOS\Source\timers.o
                0x08006c54                xTimerCreateTimerTask
 .text.xTimerGenericCommand
                0x08006ce4       0x98 Middlewares\Third_Party\FreeRTOS\Source\timers.o
                0x08006ce4                xTimerGenericCommand
 .text.prvProcessExpiredTimer
                0x08006d7c       0x98 Middlewares\Third_Party\FreeRTOS\Source\timers.o
 .text.prvTimerTask
                0x08006e14       0x24 Middlewares\Third_Party\FreeRTOS\Source\timers.o
 .text.prvProcessTimerOrBlockTask
                0x08006e38       0x9c Middlewares\Third_Party\FreeRTOS\Source\timers.o
 .text.prvGetNextExpireTime
                0x08006ed4       0x48 Middlewares\Third_Party\FreeRTOS\Source\timers.o
 .text.prvSampleTimeNow
                0x08006f1c       0x40 Middlewares\Third_Party\FreeRTOS\Source\timers.o
 .text.prvInsertTimerInActiveList
                0x08006f5c       0x84 Middlewares\Third_Party\FreeRTOS\Source\timers.o
 .text.prvProcessReceivedCommands
                0x08006fe0      0x1b8 Middlewares\Third_Party\FreeRTOS\Source\timers.o
 .text.prvSwitchTimerLists
                0x08007198       0xc8 Middlewares\Third_Party\FreeRTOS\Source\timers.o
 .text.prvCheckForValidListAndQueue
                0x08007260       0x80 Middlewares\Third_Party\FreeRTOS\Source\timers.o
 .text.Get_OutValue
                0x080072e0       0x18 Platform\bit_engine_task\bit_engine_task.o
                0x080072e0                Get_OutValue
 .text.BitEngine_task
                0x080072f8      0x118 Platform\bit_engine_task\bit_engine_task.o
                0x080072f8                BitEngine_task
 .text.BitEngine_TaskInit
                0x08007410       0x30 Platform\bit_engine_task\bit_engine_task.o
                0x08007410                BitEngine_TaskInit
 .text.ESP_Task
                0x08007440       0xa0 Platform\esp8266_task\esp8266_task.o
                0x08007440                ESP_Task
 .text.ESP_TaskInit
                0x080074e0       0x30 Platform\esp8266_task\esp8266_task.o
                0x080074e0                ESP_TaskInit
 .text.Init_Task
                0x08007510       0x6c Platform\init_task\init_task.o
                0x08007510                Init_Task
 .text.Init_TaskInit
                0x0800757c       0x30 Platform\init_task\init_task.o
                0x0800757c                Init_TaskInit
 .text.LL_GPIO_ReadInputPort
                0x080075ac       0x18 Platform\ino\ino.o
 .text.INO_Init
                0x080075c4       0x38 Platform\ino\ino.o
                0x080075c4                INO_Init
 .text.INO_GetValue
                0x080075fc       0x30 Platform\ino\ino.o
                0x080075fc                INO_GetValue
 .text.LL_GPIO_SetOutputPin
                0x0800762c       0x1c Platform\perih\perih.o
 .text.LL_GPIO_ResetOutputPin
                0x08007648       0x1e Platform\perih\perih.o
 *fill*         0x08007666        0x2 
 .text.PowerControlInit
                0x08007668       0x44 Platform\perih\perih.o
                0x08007668                PowerControlInit
 .text.PowerControlPerih
                0x080076ac       0x30 Platform\perih\perih.o
                0x080076ac                PowerControlPerih
 .text.LED_Init
                0x080076dc       0x84 Platform\perih\perih.o
                0x080076dc                LED_Init
 .text.BoardLED_Set
                0x08007760       0x30 Platform\perih\perih.o
                0x08007760                BoardLED_Set
 .text.FSTRLED_Set
                0x08007790       0x30 Platform\perih\perih.o
 .text.FLed_Set
                0x080077c0       0x1c Platform\perih\perih.o
                0x080077c0                FLed_Set
 .text.SLed_Set
                0x080077dc       0x1c Platform\perih\perih.o
                0x080077dc                SLed_Set
 .text.TLed_Set
                0x080077f8       0x1c Platform\perih\perih.o
                0x080077f8                TLed_Set
 .text.RLed_Set
                0x08007814       0x1c Platform\perih\perih.o
                0x08007814                RLed_Set
 .text.LL_SPI_Enable
                0x08007830       0x20 Platform\relay_task\relay_task.o
 .text.LL_SPI_SetStandard
                0x08007850       0x26 Platform\relay_task\relay_task.o
 .text.LL_SPI_TransmitData8
                0x08007876       0x24 Platform\relay_task\relay_task.o
 .text.LL_GPIO_SetOutputPin
                0x0800789a       0x1c Platform\relay_task\relay_task.o
 .text.LL_GPIO_ResetOutputPin
                0x080078b6       0x1e Platform\relay_task\relay_task.o
 .text.SPI2_Init
                0x080078d4       0xc4 Platform\relay_task\relay_task.o
                0x080078d4                SPI2_Init
 .text.SPI2_SendByte
                0x08007998       0x3c Platform\relay_task\relay_task.o
 .text.GPIO_Init
                0x080079d4       0x3c Platform\relay_task\relay_task.o
 .text.LATCH_Set
                0x08007a10       0x30 Platform\relay_task\relay_task.o
 .text.Relay_SetValue
                0x08007a40       0x3e Platform\relay_task\relay_task.o
 .text.Relay_Task
                0x08007a7e       0xca Platform\relay_task\relay_task.o
                0x08007a7e                Relay_Task
 .text.Relay_TaskInit
                0x08007b48       0x30 Platform\relay_task\relay_task.o
                0x08007b48                Relay_TaskInit
 .text.Sensor_ClearList
                0x08007b78       0x24 Platform\sensor_task\sensor.o
                0x08007b78                Sensor_ClearList
 .text.Sensor_Init
                0x08007b9c       0x34 Platform\sensor_task\sensor.o
                0x08007b9c                Sensor_Init
 .text.Sensor_GPIOUpdateList
                0x08007bd0        0xe Platform\sensor_task\sensor.o
                0x08007bd0                Sensor_GPIOUpdateList
 *fill*         0x08007bde        0x2 
 .text.Sensor_UpdateList
                0x08007be0       0xdc Platform\sensor_task\sensor.o
                0x08007be0                Sensor_UpdateList
 .text.Sensor_UpdateValue
                0x08007cbc      0x14c Platform\sensor_task\sensor.o
                0x08007cbc                Sensor_UpdateValue
 .text.Sensor_CheckValue
                0x08007e08       0x84 Platform\sensor_task\sensor.o
                0x08007e08                Sensor_CheckValue
 .text.Sensor_task
                0x08007e8c       0x4c Platform\sensor_task\sensor_task.o
                0x08007e8c                Sensor_task
 .text.Sensor_TaskInit
                0x08007ed8       0x30 Platform\sensor_task\sensor_task.o
                0x08007ed8                Sensor_TaskInit
 .text.LL_GPIO_SetOutputPin
                0x08007f08       0x1c Platform\spi\spi3.o
 .text.LL_GPIO_ResetOutputPin
                0x08007f24       0x1e Platform\spi\spi3.o
 .text.LL_SPI_Enable
                0x08007f42       0x20 Platform\spi\spi3.o
 .text.LL_SPI_SetStandard
                0x08007f62       0x26 Platform\spi\spi3.o
 .text.LL_SPI_IsActiveFlag_RXNE
                0x08007f88       0x26 Platform\spi\spi3.o
 .text.LL_SPI_IsActiveFlag_TXE
                0x08007fae       0x26 Platform\spi\spi3.o
 .text.LL_SPI_IsActiveFlag_BSY
                0x08007fd4       0x26 Platform\spi\spi3.o
 .text.LL_SPI_ReceiveData8
                0x08007ffa       0x1a Platform\spi\spi3.o
 .text.LL_SPI_TransmitData8
                0x08008014       0x24 Platform\spi\spi3.o
 .text.SPI3_Init
                0x08008038       0xbc Platform\spi\spi3.o
                0x08008038                SPI3_Init
 .text.CS_Pin_Set
                0x080080f4       0x34 Platform\spi\spi3.o
                0x080080f4                CS_Pin_Set
 .text.SPI3_TransferReceive
                0x08008128       0x74 Platform\spi\spi3.o
                0x08008128                SPI3_TransferReceive
 .text.SPI3_Transfer
                0x0800819c       0x58 Platform\spi\spi3.o
                0x0800819c                SPI3_Transfer
 .text.__NVIC_GetPriorityGrouping
                0x080081f4       0x1c Platform\uart\uart2.o
 .text.__NVIC_EnableIRQ
                0x08008210       0x3c Platform\uart\uart2.o
 .text.__NVIC_SetPriority
                0x0800824c       0x54 Platform\uart\uart2.o
 .text.NVIC_EncodePriority
                0x080082a0       0x62 Platform\uart\uart2.o
 .text.LL_USART_Enable
                0x08008302       0x20 Platform\uart\uart2.o
 .text.LL_USART_ConfigAsyncMode
                0x08008322       0x2c Platform\uart\uart2.o
 .text.LL_USART_IsActiveFlag_RXNE
                0x0800834e       0x26 Platform\uart\uart2.o
 .text.LL_USART_IsActiveFlag_TC
                0x08008374       0x26 Platform\uart\uart2.o
 .text.LL_USART_ClearFlag_RXNE
                0x0800839a       0x1c Platform\uart\uart2.o
 .text.LL_USART_EnableIT_RXNE
                0x080083b6       0x20 Platform\uart\uart2.o
 .text.LL_USART_ReceiveData8
                0x080083d6       0x1a Platform\uart\uart2.o
 .text.LL_USART_TransmitData8
                0x080083f0       0x1e Platform\uart\uart2.o
 *fill*         0x0800840e        0x2 
 .text.UART2_Init
                0x08008410       0xf0 Platform\uart\uart2.o
                0x08008410                UART2_Init
 .text.UART2_SendData_byte
                0x08008500       0x30 Platform\uart\uart2.o
                0x08008500                UART2_SendData_byte
 .text.UART2_SendData
                0x08008530       0x34 Platform\uart\uart2.o
                0x08008530                UART2_SendData
 .text.UART2_CharReception_Callback
                0x08008564       0x30 Platform\uart\uart2.o
                0x08008564                UART2_CharReception_Callback
 .text.Error_Callback
                0x08008594        0xe Platform\uart\uart2.o
 *fill*         0x080085a2        0x2 
 .text.USART2_IRQHandler
                0x080085a4       0x28 Platform\uart\uart2.o
                0x080085a4                USART2_IRQHandler
 .text.__NVIC_GetPriorityGrouping
                0x080085cc       0x1c Platform\uart\uart3.o
 .text.__NVIC_EnableIRQ
                0x080085e8       0x3c Platform\uart\uart3.o
 .text.__NVIC_SetPriority
                0x08008624       0x54 Platform\uart\uart3.o
 .text.NVIC_EncodePriority
                0x08008678       0x62 Platform\uart\uart3.o
 .text.LL_GPIO_ReadInputPort
                0x080086da       0x18 Platform\uart\uart3.o
 .text.LL_USART_Enable
                0x080086f2       0x20 Platform\uart\uart3.o
 .text.LL_USART_ConfigAsyncMode
                0x08008712       0x2c Platform\uart\uart3.o
 .text.LL_USART_IsActiveFlag_RXNE
                0x0800873e       0x26 Platform\uart\uart3.o
 .text.LL_USART_IsActiveFlag_TC
                0x08008764       0x26 Platform\uart\uart3.o
 .text.LL_USART_ClearFlag_RXNE
                0x0800878a       0x1c Platform\uart\uart3.o
 .text.LL_USART_EnableIT_RXNE
                0x080087a6       0x20 Platform\uart\uart3.o
 .text.LL_USART_ReceiveData8
                0x080087c6       0x1a Platform\uart\uart3.o
 .text.LL_USART_TransmitData8
                0x080087e0       0x1e Platform\uart\uart3.o
 *fill*         0x080087fe        0x2 
 .text.UART3_Init
                0x08008800       0xcc Platform\uart\uart3.o
                0x08008800                UART3_Init
 .text.Sensor_UpdateGpioInit
                0x080088cc       0x38 Platform\uart\uart3.o
                0x080088cc                Sensor_UpdateGpioInit
 .text.Sensor_GpioValue
                0x08008904       0x1c Platform\uart\uart3.o
                0x08008904                Sensor_GpioValue
 .text.UART3_SendData_byte
                0x08008920       0x30 Platform\uart\uart3.o
                0x08008920                UART3_SendData_byte
 .text.UART3_SendData
                0x08008950       0x34 Platform\uart\uart3.o
                0x08008950                UART3_SendData
 .text.UART3_CharReception_Callback
                0x08008984       0x30 Platform\uart\uart3.o
                0x08008984                UART3_CharReception_Callback
 .text.Error_Callback
                0x080089b4        0xe Platform\uart\uart3.o
 *fill*         0x080089c2        0x2 
 .text.USART3_IRQHandler
                0x080089c4       0x28 Platform\uart\uart3.o
                0x080089c4                USART3_IRQHandler
 .text.write_outputs
                0x080089ec       0x18 Platform\w25_task\w25_task.o
                0x080089ec                write_outputs
 .text.W25_Task
                0x08008a04       0x64 Platform\w25_task\w25_task.o
                0x08008a04                W25_Task
 .text.W25_TaskInit
                0x08008a68       0x30 Platform\w25_task\w25_task.o
                0x08008a68                W25_TaskInit
 .text.MX_FREERTOS_Init
                0x08008a98       0x3c Src\freertos.o
                0x08008a98                MX_FREERTOS_Init
 .text.StartDefaultTask
                0x08008ad4       0x10 Src\freertos.o
                0x08008ad4                StartDefaultTask
 .text.LL_RCC_HSI_Enable
                0x08008ae4       0x20 Src\main.o
 .text.LL_RCC_HSI_IsReady
                0x08008b04       0x24 Src\main.o
 .text.LL_RCC_HSI_SetCalibTrimming
                0x08008b28       0x2c Src\main.o
 .text.LL_RCC_LSI_Enable
                0x08008b54       0x20 Src\main.o
 .text.LL_RCC_LSI_IsReady
                0x08008b74       0x24 Src\main.o
 .text.LL_RCC_SetSysClkSource
                0x08008b98       0x28 Src\main.o
 .text.LL_RCC_GetSysClkSource
                0x08008bc0       0x1c Src\main.o
 .text.LL_RCC_SetAHBPrescaler
                0x08008bdc       0x28 Src\main.o
 .text.LL_RCC_SetAPB1Prescaler
                0x08008c04       0x28 Src\main.o
 .text.LL_RCC_SetAPB2Prescaler
                0x08008c2c       0x28 Src\main.o
 .text.LL_RCC_SetRTCClockSource
                0x08008c54       0x28 Src\main.o
 .text.LL_RCC_EnableRTC
                0x08008c7c       0x20 Src\main.o
 .text.LL_RCC_ForceBackupDomainReset
                0x08008c9c       0x20 Src\main.o
 .text.LL_RCC_ReleaseBackupDomainReset
                0x08008cbc       0x20 Src\main.o
 .text.LL_RCC_PLL_Enable
                0x08008cdc       0x20 Src\main.o
 .text.LL_RCC_PLL_IsReady
                0x08008cfc       0x28 Src\main.o
 .text.LL_RCC_PLL_ConfigDomain_SYS
                0x08008d24       0x4c Src\main.o
 .text.LL_AHB1_GRP1_EnableClock
                0x08008d70       0x30 Src\main.o
 .text.LL_APB1_GRP1_EnableClock
                0x08008da0       0x30 Src\main.o
 .text.LL_FLASH_SetLatency
                0x08008dd0       0x28 Src\main.o
 .text.LL_FLASH_GetLatency
                0x08008df8       0x1c Src\main.o
 .text.LL_PWR_SetRegulVoltageScaling
                0x08008e14       0x28 Src\main.o
 .text.LL_PWR_EnableBkUpAccess
                0x08008e3c       0x20 Src\main.o
 .text.main     0x08008e5c       0x62 Src\main.o
                0x08008e5c                main
 *fill*         0x08008ebe        0x2 
 .text.SystemClock_Config
                0x08008ec0       0xc0 Src\main.o
                0x08008ec0                SystemClock_Config
 .text.HAL_TIM_PeriodElapsedCallback
                0x08008f80       0x24 Src\main.o
                0x08008f80                HAL_TIM_PeriodElapsedCallback
 .text.Error_Handler
                0x08008fa4        0xe Src\main.o
                0x08008fa4                Error_Handler
 *fill*         0x08008fb2        0x2 
 .text.LL_RCC_EnableRTC
                0x08008fb4       0x20 Src\rtc.o
 .text.LL_RTC_DisableInitMode
                0x08008fd4       0x1c Src\rtc.o
 .text.LL_RTC_SetAsynchPrescaler
                0x08008ff0       0x28 Src\rtc.o
 .text.LL_RTC_SetSynchPrescaler
                0x08009018       0x2a Src\rtc.o
 .text.LL_RTC_EnableWriteProtection
                0x08009042       0x1a Src\rtc.o
 .text.LL_RTC_DisableWriteProtection
                0x0800905c       0x20 Src\rtc.o
 .text.LL_RTC_TIME_GetHour
                0x0800907c       0x1e Src\rtc.o
 .text.LL_RTC_TIME_GetMinute
                0x0800909a       0x1e Src\rtc.o
 .text.LL_RTC_TIME_GetSecond
                0x080090b8       0x1c Src\rtc.o
 .text.LL_RTC_DATE_GetYear
                0x080090d4       0x1c Src\rtc.o
 .text.LL_RTC_DATE_GetWeekDay
                0x080090f0       0x1e Src\rtc.o
 .text.LL_RTC_DATE_GetMonth
                0x0800910e       0x1e Src\rtc.o
 .text.LL_RTC_DATE_GetDay
                0x0800912c       0x1c Src\rtc.o
 .text.LL_RTC_BAK_SetRegister
                0x08009148       0x28 Src\rtc.o
 .text.LL_RTC_BAK_GetRegister
                0x08009170       0x24 Src\rtc.o
 .text.RTC_Init
                0x08009194       0xa4 Src\rtc.o
                0x08009194                RTC_Init
 .text.RTC_GetTime
                0x08009238      0x1d4 Src\rtc.o
                0x08009238                RTC_GetTime
 .text.RTC_SetTime
                0x0800940c       0xe8 Src\rtc.o
                0x0800940c                RTC_SetTime
 .text.HAL_MspInit
                0x080094f4       0x58 Src\stm32f4xx_hal_msp.o
                0x080094f4                HAL_MspInit
 .text.HAL_InitTick
                0x0800954c       0xb4 Src\stm32f4xx_hal_timebase_tim.o
                0x0800954c                HAL_InitTick
 .text.NMI_Handler
                0x08009600        0xe Src\stm32f4xx_it.o
                0x08009600                NMI_Handler
 .text.HardFault_Handler
                0x0800960e        0x6 Src\stm32f4xx_it.o
                0x0800960e                HardFault_Handler
 .text.MemManage_Handler
                0x08009614        0x6 Src\stm32f4xx_it.o
                0x08009614                MemManage_Handler
 .text.BusFault_Handler
                0x0800961a        0x6 Src\stm32f4xx_it.o
                0x0800961a                BusFault_Handler
 .text.UsageFault_Handler
                0x08009620        0x6 Src\stm32f4xx_it.o
                0x08009620                UsageFault_Handler
 .text.DebugMon_Handler
                0x08009626        0xe Src\stm32f4xx_it.o
                0x08009626                DebugMon_Handler
 .text.TIM1_UP_TIM10_IRQHandler
                0x08009634       0x14 Src\stm32f4xx_it.o
                0x08009634                TIM1_UP_TIM10_IRQHandler
 .text._sbrk    0x08009648       0x58 Src\syscalls.o
                0x08009648                _sbrk
 .text.SystemInit
                0x080096a0       0x2c Src\system_stm32f4xx.o
                0x080096a0                SystemInit
 .text.Reset_Handler
                0x080096cc       0x50 startup\startup_stm32f407xx.o
                0x080096cc                Reset_Handler
 .text.Default_Handler
                0x0800971c        0x2 startup\startup_stm32f407xx.o
                0x0800971c                RTC_Alarm_IRQHandler
                0x0800971c                HASH_RNG_IRQHandler
                0x0800971c                EXTI2_IRQHandler
                0x0800971c                TIM8_CC_IRQHandler
                0x0800971c                TIM1_CC_IRQHandler
                0x0800971c                DMA2_Stream5_IRQHandler
                0x0800971c                DMA1_Stream5_IRQHandler
                0x0800971c                PVD_IRQHandler
                0x0800971c                SDIO_IRQHandler
                0x0800971c                TAMP_STAMP_IRQHandler
                0x0800971c                CAN2_RX1_IRQHandler
                0x0800971c                EXTI3_IRQHandler
                0x0800971c                TIM8_TRG_COM_TIM14_IRQHandler
                0x0800971c                TIM8_UP_TIM13_IRQHandler
                0x0800971c                I2C3_ER_IRQHandler
                0x0800971c                EXTI0_IRQHandler
                0x0800971c                I2C2_EV_IRQHandler
                0x0800971c                DMA1_Stream2_IRQHandler
                0x0800971c                CAN1_RX0_IRQHandler
                0x0800971c                FPU_IRQHandler
                0x0800971c                OTG_HS_WKUP_IRQHandler
                0x0800971c                CAN2_SCE_IRQHandler
                0x0800971c                DMA2_Stream2_IRQHandler
                0x0800971c                SPI1_IRQHandler
                0x0800971c                TIM6_DAC_IRQHandler
                0x0800971c                TIM1_BRK_TIM9_IRQHandler
                0x0800971c                DCMI_IRQHandler
                0x0800971c                CAN2_RX0_IRQHandler
                0x0800971c                DMA2_Stream3_IRQHandler
                0x0800971c                USART6_IRQHandler
                0x0800971c                CAN1_RX1_IRQHandler
                0x0800971c                UART5_IRQHandler
                0x0800971c                DMA2_Stream0_IRQHandler
                0x0800971c                TIM4_IRQHandler
                0x0800971c                I2C1_EV_IRQHandler
                0x0800971c                DMA1_Stream6_IRQHandler
                0x0800971c                DMA1_Stream1_IRQHandler
                0x0800971c                UART4_IRQHandler
                0x0800971c                TIM3_IRQHandler
                0x0800971c                RCC_IRQHandler
                0x0800971c                TIM8_BRK_TIM12_IRQHandler
                0x0800971c                Default_Handler
                0x0800971c                EXTI15_10_IRQHandler
                0x0800971c                ADC_IRQHandler
                0x0800971c                DMA1_Stream7_IRQHandler
                0x0800971c                TIM7_IRQHandler
                0x0800971c                CAN2_TX_IRQHandler
                0x0800971c                TIM5_IRQHandler
                0x0800971c                DMA2_Stream7_IRQHandler
                0x0800971c                I2C3_EV_IRQHandler
                0x0800971c                EXTI9_5_IRQHandler
                0x0800971c                RTC_WKUP_IRQHandler
                0x0800971c                ETH_WKUP_IRQHandler
                0x0800971c                SPI2_IRQHandler
                0x0800971c                OTG_HS_EP1_IN_IRQHandler
                0x0800971c                DMA1_Stream0_IRQHandler
                0x0800971c                CAN1_TX_IRQHandler
                0x0800971c                EXTI4_IRQHandler
                0x0800971c                FSMC_IRQHandler
                0x0800971c                ETH_IRQHandler
                0x0800971c                OTG_HS_EP1_OUT_IRQHandler
                0x0800971c                WWDG_IRQHandler
                0x0800971c                TIM2_IRQHandler
                0x0800971c                OTG_FS_WKUP_IRQHandler
                0x0800971c                TIM1_TRG_COM_TIM11_IRQHandler
                0x0800971c                OTG_HS_IRQHandler
                0x0800971c                EXTI1_IRQHandler
                0x0800971c                I2C2_ER_IRQHandler
                0x0800971c                DMA2_Stream1_IRQHandler
                0x0800971c                CAN1_SCE_IRQHandler
                0x0800971c                FLASH_IRQHandler
                0x0800971c                DMA2_Stream4_IRQHandler
                0x0800971c                USART1_IRQHandler
                0x0800971c                OTG_FS_IRQHandler
                0x0800971c                SPI3_IRQHandler
                0x0800971c                DMA1_Stream4_IRQHandler
                0x0800971c                I2C1_ER_IRQHandler
                0x0800971c                DMA2_Stream6_IRQHandler
                0x0800971c                DMA1_Stream3_IRQHandler
 *fill*         0x0800971e        0x2 
 .text.__errno  0x08009720        0xc c:/program files (x86)/atollic/truestudio for stm32 9.3.0/armtools/bin/../lib/gcc/arm-atollic-eabi/6.3.1/../../../../arm-atollic-eabi/lib/armv7e-m/fpu\libc_nano.a(lib_a-errno.o)
                0x08009720                __errno
 .text.__libc_init_array
                0x0800972c       0x48 c:/program files (x86)/atollic/truestudio for stm32 9.3.0/armtools/bin/../lib/gcc/arm-atollic-eabi/6.3.1/../../../../arm-atollic-eabi/lib/armv7e-m/fpu\libc_nano.a(lib_a-init.o)
                0x0800972c                __libc_init_array
 .text.localtime_r
                0x08009774      0x1c8 c:/program files (x86)/atollic/truestudio for stm32 9.3.0/armtools/bin/../lib/gcc/arm-atollic-eabi/6.3.1/../../../../arm-atollic-eabi/lib/armv7e-m/fpu\libc_nano.a(lib_a-lcltime_r.o)
                0x08009774                localtime_r
 .text.__locale_ctype_ptr_l
                0x0800993c        0x6 c:/program files (x86)/atollic/truestudio for stm32 9.3.0/armtools/bin/../lib/gcc/arm-atollic-eabi/6.3.1/../../../../arm-atollic-eabi/lib/armv7e-m/fpu\libc_nano.a(lib_a-locale.o)
                0x0800993c                __locale_ctype_ptr_l
 *fill*         0x08009942        0x2 
 .text.__locale_ctype_ptr
                0x08009944       0x1c c:/program files (x86)/atollic/truestudio for stm32 9.3.0/armtools/bin/../lib/gcc/arm-atollic-eabi/6.3.1/../../../../arm-atollic-eabi/lib/armv7e-m/fpu\libc_nano.a(lib_a-locale.o)
                0x08009944                __locale_ctype_ptr
 .text.__ascii_mbtowc
                0x08009960       0x24 c:/program files (x86)/atollic/truestudio for stm32 9.3.0/armtools/bin/../lib/gcc/arm-atollic-eabi/6.3.1/../../../../arm-atollic-eabi/lib/armv7e-m/fpu\libc_nano.a(lib_a-mbtowc_r.o)
                0x08009960                __ascii_mbtowc
 .text.memcmp   0x08009984       0x1e c:/program files (x86)/atollic/truestudio for stm32 9.3.0/armtools/bin/../lib/gcc/arm-atollic-eabi/6.3.1/../../../../arm-atollic-eabi/lib/armv7e-m/fpu\libc_nano.a(lib_a-memcmp.o)
                0x08009984                memcmp
 .text.memcpy   0x080099a2       0x16 c:/program files (x86)/atollic/truestudio for stm32 9.3.0/armtools/bin/../lib/gcc/arm-atollic-eabi/6.3.1/../../../../arm-atollic-eabi/lib/armv7e-m/fpu\libc_nano.a(lib_a-memcpy-stub.o)
                0x080099a2                memcpy
 .text.memset   0x080099b8       0x10 c:/program files (x86)/atollic/truestudio for stm32 9.3.0/armtools/bin/../lib/gcc/arm-atollic-eabi/6.3.1/../../../../arm-atollic-eabi/lib/armv7e-m/fpu\libc_nano.a(lib_a-memset.o)
                0x080099b8                memset
 .text.validate_structure
                0x080099c8      0x1c0 c:/program files (x86)/atollic/truestudio for stm32 9.3.0/armtools/bin/../lib/gcc/arm-atollic-eabi/6.3.1/../../../../arm-atollic-eabi/lib/armv7e-m/fpu\libc_nano.a(lib_a-mktime.o)
 .text.mktime   0x08009b88      0x2f8 c:/program files (x86)/atollic/truestudio for stm32 9.3.0/armtools/bin/../lib/gcc/arm-atollic-eabi/6.3.1/../../../../arm-atollic-eabi/lib/armv7e-m/fpu\libc_nano.a(lib_a-mktime.o)
                0x08009b88                mktime
 .text.sprintf  0x08009e80       0x48 c:/program files (x86)/atollic/truestudio for stm32 9.3.0/armtools/bin/../lib/gcc/arm-atollic-eabi/6.3.1/../../../../arm-atollic-eabi/lib/armv7e-m/fpu\libc_nano.a(lib_a-sprintf.o)
                0x08009e80                siprintf
                0x08009e80                sprintf
 .text.strchr   0x08009ec8       0x1c c:/program files (x86)/atollic/truestudio for stm32 9.3.0/armtools/bin/../lib/gcc/arm-atollic-eabi/6.3.1/../../../../arm-atollic-eabi/lib/armv7e-m/fpu\libc_nano.a(lib_a-strchr.o)
                0x08009ec8                strchr
 .text.strcpy   0x08009ee4       0x10 c:/program files (x86)/atollic/truestudio for stm32 9.3.0/armtools/bin/../lib/gcc/arm-atollic-eabi/6.3.1/../../../../arm-atollic-eabi/lib/armv7e-m/fpu\libc_nano.a(lib_a-strcpy.o)
                0x08009ee4                strcpy
 .text.strncmp  0x08009ef4       0x24 c:/program files (x86)/atollic/truestudio for stm32 9.3.0/armtools/bin/../lib/gcc/arm-atollic-eabi/6.3.1/../../../../arm-atollic-eabi/lib/armv7e-m/fpu\libc_nano.a(lib_a-strncmp.o)
                0x08009ef4                strncmp
 .text.strstr   0x08009f18       0x36 c:/program files (x86)/atollic/truestudio for stm32 9.3.0/armtools/bin/../lib/gcc/arm-atollic-eabi/6.3.1/../../../../arm-atollic-eabi/lib/armv7e-m/fpu\libc_nano.a(lib_a-strstr.o)
                0x08009f18                strstr
 .text._strtol_l.isra.0
                0x08009f4e      0x100 c:/program files (x86)/atollic/truestudio for stm32 9.3.0/armtools/bin/../lib/gcc/arm-atollic-eabi/6.3.1/../../../../arm-atollic-eabi/lib/armv7e-m/fpu\libc_nano.a(lib_a-strtol.o)
 *fill*         0x0800a04e        0x2 
 .text._strtol_r
                0x0800a050       0x24 c:/program files (x86)/atollic/truestudio for stm32 9.3.0/armtools/bin/../lib/gcc/arm-atollic-eabi/6.3.1/../../../../arm-atollic-eabi/lib/armv7e-m/fpu\libc_nano.a(lib_a-strtol.o)
                0x0800a050                _strtol_r
 .text.strtol   0x0800a074       0x2c c:/program files (x86)/atollic/truestudio for stm32 9.3.0/armtools/bin/../lib/gcc/arm-atollic-eabi/6.3.1/../../../../arm-atollic-eabi/lib/armv7e-m/fpu\libc_nano.a(lib_a-strtol.o)
                0x0800a074                strtol
 .text.__tzcalc_limits
                0x0800a0a0      0x150 c:/program files (x86)/atollic/truestudio for stm32 9.3.0/armtools/bin/../lib/gcc/arm-atollic-eabi/6.3.1/../../../../arm-atollic-eabi/lib/armv7e-m/fpu\libc_nano.a(lib_a-tzcalc_limits.o)
                0x0800a0a0                __tzcalc_limits
 .text.__tz_lock
                0x0800a1f0        0x2 c:/program files (x86)/atollic/truestudio for stm32 9.3.0/armtools/bin/../lib/gcc/arm-atollic-eabi/6.3.1/../../../../arm-atollic-eabi/lib/armv7e-m/fpu\libc_nano.a(lib_a-tzlock.o)
                0x0800a1f0                __tz_lock
 .text.__tz_unlock
                0x0800a1f2        0x2 c:/program files (x86)/atollic/truestudio for stm32 9.3.0/armtools/bin/../lib/gcc/arm-atollic-eabi/6.3.1/../../../../arm-atollic-eabi/lib/armv7e-m/fpu\libc_nano.a(lib_a-tzlock.o)
                0x0800a1f2                __tz_unlock
 .text._tzset_unlocked
                0x0800a1f4        0xc c:/program files (x86)/atollic/truestudio for stm32 9.3.0/armtools/bin/../lib/gcc/arm-atollic-eabi/6.3.1/../../../../arm-atollic-eabi/lib/armv7e-m/fpu\libc_nano.a(lib_a-tzset.o)
                0x0800a1f4                _tzset_unlocked
 .text._tzset_unlocked_r
                0x0800a200      0x304 c:/program files (x86)/atollic/truestudio for stm32 9.3.0/armtools/bin/../lib/gcc/arm-atollic-eabi/6.3.1/../../../../arm-atollic-eabi/lib/armv7e-m/fpu\libc_nano.a(lib_a-tzset_r.o)
                0x0800a200                _tzset_unlocked_r
 .text.__ascii_wctomb
                0x0800a504       0x1a c:/program files (x86)/atollic/truestudio for stm32 9.3.0/armtools/bin/../lib/gcc/arm-atollic-eabi/6.3.1/../../../../arm-atollic-eabi/lib/armv7e-m/fpu\libc_nano.a(lib_a-wctomb_r.o)
                0x0800a504                __ascii_wctomb
 .text.div      0x0800a51e       0x28 c:/program files (x86)/atollic/truestudio for stm32 9.3.0/armtools/bin/../lib/gcc/arm-atollic-eabi/6.3.1/../../../../arm-atollic-eabi/lib/armv7e-m/fpu\libc_nano.a(lib_a-div.o)
                0x0800a51e                div
 *fill*         0x0800a546        0x2 
 .text._findenv_r
                0x0800a548       0x80 c:/program files (x86)/atollic/truestudio for stm32 9.3.0/armtools/bin/../lib/gcc/arm-atollic-eabi/6.3.1/../../../../arm-atollic-eabi/lib/armv7e-m/fpu\libc_nano.a(lib_a-getenv_r.o)
                0x0800a548                _findenv_r
 .text._getenv_r
                0x0800a5c8        0xe c:/program files (x86)/atollic/truestudio for stm32 9.3.0/armtools/bin/../lib/gcc/arm-atollic-eabi/6.3.1/../../../../arm-atollic-eabi/lib/armv7e-m/fpu\libc_nano.a(lib_a-getenv_r.o)
                0x0800a5c8                _getenv_r
 *fill*         0x0800a5d6        0x2 
 .text.__gettzinfo
                0x0800a5d8        0x8 c:/program files (x86)/atollic/truestudio for stm32 9.3.0/armtools/bin/../lib/gcc/arm-atollic-eabi/6.3.1/../../../../arm-atollic-eabi/lib/armv7e-m/fpu\libc_nano.a(lib_a-gettzinfo.o)
                0x0800a5d8                __gettzinfo
 .text.gmtime_r
                0x0800a5e0      0x134 c:/program files (x86)/atollic/truestudio for stm32 9.3.0/armtools/bin/../lib/gcc/arm-atollic-eabi/6.3.1/../../../../arm-atollic-eabi/lib/armv7e-m/fpu\libc_nano.a(lib_a-gmtime_r.o)
                0x0800a5e0                gmtime_r
 .text.free     0x0800a714       0x10 c:/program files (x86)/atollic/truestudio for stm32 9.3.0/armtools/bin/../lib/gcc/arm-atollic-eabi/6.3.1/../../../../arm-atollic-eabi/lib/armv7e-m/fpu\libc_nano.a(lib_a-malloc.o)
                0x0800a714                free
 .text._free_r  0x0800a724       0x9c c:/program files (x86)/atollic/truestudio for stm32 9.3.0/armtools/bin/../lib/gcc/arm-atollic-eabi/6.3.1/../../../../arm-atollic-eabi/lib/armv7e-m/fpu\libc_nano.a(lib_a-nano-freer.o)
                0x0800a724                _free_r
 .text._malloc_r
                0x0800a7c0       0xbc c:/program files (x86)/atollic/truestudio for stm32 9.3.0/armtools/bin/../lib/gcc/arm-atollic-eabi/6.3.1/../../../../arm-atollic-eabi/lib/armv7e-m/fpu\libc_nano.a(lib_a-nano-mallocr.o)
                0x0800a7c0                _malloc_r
 .text.__ssputs_r
                0x0800a87c       0xb6 c:/program files (x86)/atollic/truestudio for stm32 9.3.0/armtools/bin/../lib/gcc/arm-atollic-eabi/6.3.1/../../../../arm-atollic-eabi/lib/armv7e-m/fpu\libc_nano.a(lib_a-nano-svfprintf.o)
                0x0800a87c                __ssputs_r
 *fill*         0x0800a932        0x2 
 .text._svfprintf_r
                0x0800a934      0x1e8 c:/program files (x86)/atollic/truestudio for stm32 9.3.0/armtools/bin/../lib/gcc/arm-atollic-eabi/6.3.1/../../../../arm-atollic-eabi/lib/armv7e-m/fpu\libc_nano.a(lib_a-nano-svfprintf.o)
                0x0800a934                _svfiprintf_r
                0x0800a934                _svfprintf_r
 .text._printf_common
                0x0800ab1c       0xec c:/program files (x86)/atollic/truestudio for stm32 9.3.0/armtools/bin/../lib/gcc/arm-atollic-eabi/6.3.1/../../../../arm-atollic-eabi/lib/armv7e-m/fpu\libc_nano.a(lib_a-nano-vfprintf_i.o)
                0x0800ab1c                _printf_common
 .text._printf_i
                0x0800ac08      0x240 c:/program files (x86)/atollic/truestudio for stm32 9.3.0/armtools/bin/../lib/gcc/arm-atollic-eabi/6.3.1/../../../../arm-atollic-eabi/lib/armv7e-m/fpu\libc_nano.a(lib_a-nano-vfprintf_i.o)
                0x0800ac08                _printf_i
 .text._sbrk_r  0x0800ae48       0x20 c:/program files (x86)/atollic/truestudio for stm32 9.3.0/armtools/bin/../lib/gcc/arm-atollic-eabi/6.3.1/../../../../arm-atollic-eabi/lib/armv7e-m/fpu\libc_nano.a(lib_a-sbrkr.o)
                0x0800ae48                _sbrk_r
 .text.sscanf   0x0800ae68       0x54 c:/program files (x86)/atollic/truestudio for stm32 9.3.0/armtools/bin/../lib/gcc/arm-atollic-eabi/6.3.1/../../../../arm-atollic-eabi/lib/armv7e-m/fpu\libc_nano.a(lib_a-sscanf.o)
                0x0800ae68                siscanf
                0x0800ae68                sscanf
 .text.__seofread
                0x0800aebc        0x4 c:/program files (x86)/atollic/truestudio for stm32 9.3.0/armtools/bin/../lib/gcc/arm-atollic-eabi/6.3.1/../../../../arm-atollic-eabi/lib/armv7e-m/fpu\libc_nano.a(lib_a-stdio.o)
                0x0800aebc                __seofread
 .text._strtoul_l.isra.0
                0x0800aec0       0xfa c:/program files (x86)/atollic/truestudio for stm32 9.3.0/armtools/bin/../lib/gcc/arm-atollic-eabi/6.3.1/../../../../arm-atollic-eabi/lib/armv7e-m/fpu\libc_nano.a(lib_a-strtoul.o)
 *fill*         0x0800afba        0x2 
 .text._strtoul_r
                0x0800afbc       0x24 c:/program files (x86)/atollic/truestudio for stm32 9.3.0/armtools/bin/../lib/gcc/arm-atollic-eabi/6.3.1/../../../../arm-atollic-eabi/lib/armv7e-m/fpu\libc_nano.a(lib_a-strtoul.o)
                0x0800afbc                _strtoul_r
 .text.strtoul  0x0800afe0       0x2c c:/program files (x86)/atollic/truestudio for stm32 9.3.0/armtools/bin/../lib/gcc/arm-atollic-eabi/6.3.1/../../../../arm-atollic-eabi/lib/armv7e-m/fpu\libc_nano.a(lib_a-strtoul.o)
                0x0800afe0                strtoul
 .text.__env_lock
                0x0800b00c        0x2 c:/program files (x86)/atollic/truestudio for stm32 9.3.0/armtools/bin/../lib/gcc/arm-atollic-eabi/6.3.1/../../../../arm-atollic-eabi/lib/armv7e-m/fpu\libc_nano.a(lib_a-envlock.o)
                0x0800b00c                __env_lock
 .text.__env_unlock
                0x0800b00e        0x2 c:/program files (x86)/atollic/truestudio for stm32 9.3.0/armtools/bin/../lib/gcc/arm-atollic-eabi/6.3.1/../../../../arm-atollic-eabi/lib/armv7e-m/fpu\libc_nano.a(lib_a-envlock.o)
                0x0800b00e                __env_unlock
 .text.memmove  0x0800b010       0x34 c:/program files (x86)/atollic/truestudio for stm32 9.3.0/armtools/bin/../lib/gcc/arm-atollic-eabi/6.3.1/../../../../arm-atollic-eabi/lib/armv7e-m/fpu\libc_nano.a(lib_a-memmove.o)
                0x0800b010                memmove
 .text.__malloc_lock
                0x0800b044        0x2 c:/program files (x86)/atollic/truestudio for stm32 9.3.0/armtools/bin/../lib/gcc/arm-atollic-eabi/6.3.1/../../../../arm-atollic-eabi/lib/armv7e-m/fpu\libc_nano.a(lib_a-mlock.o)
                0x0800b044                __malloc_lock
 .text.__malloc_unlock
                0x0800b046        0x2 c:/program files (x86)/atollic/truestudio for stm32 9.3.0/armtools/bin/../lib/gcc/arm-atollic-eabi/6.3.1/../../../../arm-atollic-eabi/lib/armv7e-m/fpu\libc_nano.a(lib_a-mlock.o)
                0x0800b046                __malloc_unlock
 .text._realloc_r
                0x0800b048       0x4c c:/program files (x86)/atollic/truestudio for stm32 9.3.0/armtools/bin/../lib/gcc/arm-atollic-eabi/6.3.1/../../../../arm-atollic-eabi/lib/armv7e-m/fpu\libc_nano.a(lib_a-nano-reallocr.o)
                0x0800b048                _realloc_r
 .text._sungetc_r
                0x0800b094       0x7a c:/program files (x86)/atollic/truestudio for stm32 9.3.0/armtools/bin/../lib/gcc/arm-atollic-eabi/6.3.1/../../../../arm-atollic-eabi/lib/armv7e-m/fpu\libc_nano.a(lib_a-nano-svfscanf.o)
                0x0800b094                _sungetc_r
 .text.__ssrefill_r
                0x0800b10e       0x3a c:/program files (x86)/atollic/truestudio for stm32 9.3.0/armtools/bin/../lib/gcc/arm-atollic-eabi/6.3.1/../../../../arm-atollic-eabi/lib/armv7e-m/fpu\libc_nano.a(lib_a-nano-svfscanf.o)
                0x0800b10e                __ssrefill_r
 .text.__ssvfscanf_r
                0x0800b148      0x2a8 c:/program files (x86)/atollic/truestudio for stm32 9.3.0/armtools/bin/../lib/gcc/arm-atollic-eabi/6.3.1/../../../../arm-atollic-eabi/lib/armv7e-m/fpu\libc_nano.a(lib_a-nano-svfscanf.o)
                0x0800b148                __ssvfiscanf_r
                0x0800b148                __ssvfscanf_r
 .text._scanf_chars
                0x0800b3f0       0xc8 c:/program files (x86)/atollic/truestudio for stm32 9.3.0/armtools/bin/../lib/gcc/arm-atollic-eabi/6.3.1/../../../../arm-atollic-eabi/lib/armv7e-m/fpu\libc_nano.a(lib_a-nano-vfscanf_i.o)
                0x0800b3f0                _scanf_chars
 .text._scanf_i
                0x0800b4b8      0x1e8 c:/program files (x86)/atollic/truestudio for stm32 9.3.0/armtools/bin/../lib/gcc/arm-atollic-eabi/6.3.1/../../../../arm-atollic-eabi/lib/armv7e-m/fpu\libc_nano.a(lib_a-nano-vfscanf_i.o)
                0x0800b4b8                _scanf_i
 .text.__sccl   0x0800b6a0       0x60 c:/program files (x86)/atollic/truestudio for stm32 9.3.0/armtools/bin/../lib/gcc/arm-atollic-eabi/6.3.1/../../../../arm-atollic-eabi/lib/armv7e-m/fpu\libc_nano.a(lib_a-sccl.o)
                0x0800b6a0                __sccl
 .text.__submore
                0x0800b700       0x76 c:/program files (x86)/atollic/truestudio for stm32 9.3.0/armtools/bin/../lib/gcc/arm-atollic-eabi/6.3.1/../../../../arm-atollic-eabi/lib/armv7e-m/fpu\libc_nano.a(lib_a-ungetc.o)
                0x0800b700                __submore
 .text._malloc_usable_size_r
                0x0800b776       0x12 c:/program files (x86)/atollic/truestudio for stm32 9.3.0/armtools/bin/../lib/gcc/arm-atollic-eabi/6.3.1/../../../../arm-atollic-eabi/lib/armv7e-m/fpu\libc_nano.a(lib_a-nano-msizer.o)
                0x0800b776                _malloc_usable_size_r
 *(.glue_7)
 .glue_7        0x0800b788        0x0 linker stubs
 *(.glue_7t)
 .glue_7t       0x0800b788        0x0 linker stubs
 *(.eh_frame)
 .eh_frame      0x0800b788        0x0 c:/program files (x86)/atollic/truestudio for stm32 9.3.0/armtools/bin/../lib/gcc/arm-atollic-eabi/6.3.1/armv7e-m/fpu/crtbegin.o
 *(.init)
 .init          0x0800b788        0x4 c:/program files (x86)/atollic/truestudio for stm32 9.3.0/armtools/bin/../lib/gcc/arm-atollic-eabi/6.3.1/armv7e-m/fpu/crti.o
                0x0800b788                _init
 .init          0x0800b78c        0x8 c:/program files (x86)/atollic/truestudio for stm32 9.3.0/armtools/bin/../lib/gcc/arm-atollic-eabi/6.3.1/armv7e-m/fpu/crtn.o
 *(.fini)
 .fini          0x0800b794        0x4 c:/program files (x86)/atollic/truestudio for stm32 9.3.0/armtools/bin/../lib/gcc/arm-atollic-eabi/6.3.1/armv7e-m/fpu/crti.o
                0x0800b794                _fini
 .fini          0x0800b798        0x8 c:/program files (x86)/atollic/truestudio for stm32 9.3.0/armtools/bin/../lib/gcc/arm-atollic-eabi/6.3.1/armv7e-m/fpu/crtn.o
                0x0800b7a0                . = ALIGN (0x4)
                0x0800b7a0                _etext = .

.vfp11_veneer   0x0800b7a0        0x0
 .vfp11_veneer  0x0800b7a0        0x0 linker stubs

.v4_bx          0x0800b7a0        0x0
 .v4_bx         0x0800b7a0        0x0 linker stubs

.iplt           0x0800b7a0        0x0
 .iplt          0x0800b7a0        0x0 c:/program files (x86)/atollic/truestudio for stm32 9.3.0/armtools/bin/../lib/gcc/arm-atollic-eabi/6.3.1/armv7e-m/fpu/crtbegin.o

.rodata         0x0800b7a0      0x5e8
                0x0800b7a0                . = ALIGN (0x4)
 *(.rodata)
 .rodata        0x0800b7a0        0x8 Application\engine\json_parcer.o
 .rodata        0x0800b7a8       0xc6 Application\esp8266\esp8266.o
 *fill*         0x0800b86e        0x2 
 .rodata        0x0800b870      0x167 Application\requests\requests.o
 *fill*         0x0800b9d7        0x1 
 .rodata        0x0800b9d8        0x5 Middlewares\Third_Party\FreeRTOS\Source\tasks.o
 *fill*         0x0800b9dd        0x3 
 .rodata        0x0800b9e0        0xd Middlewares\Third_Party\FreeRTOS\Source\timers.o
 *fill*         0x0800b9ed        0x3 
 .rodata        0x0800b9f0        0xf Platform\bit_engine_task\bit_engine_task.o
 *fill*         0x0800b9ff        0x1 
 .rodata        0x0800ba00       0x29 Platform\esp8266_task\esp8266_task.o
 *fill*         0x0800ba29        0x3 
 .rodata        0x0800ba2c        0xa Platform\init_task\init_task.o
 *fill*         0x0800ba36        0x2 
 .rodata        0x0800ba38        0xb Platform\relay_task\relay_task.o
 *fill*         0x0800ba43        0x1 
 .rodata        0x0800ba44        0xf Platform\sensor_task\sensor.o
 *fill*         0x0800ba53        0x1 
 .rodata        0x0800ba54        0xc Platform\sensor_task\sensor_task.o
 .rodata        0x0800ba60        0x9 Platform\w25_task\w25_task.o
 *fill*         0x0800ba69        0x3 
 .rodata        0x0800ba6c        0xc Src\freertos.o
 .rodata        0x0800ba78        0xc c:/program files (x86)/atollic/truestudio for stm32 9.3.0/armtools/bin/../lib/gcc/arm-atollic-eabi/6.3.1/../../../../arm-atollic-eabi/lib/armv7e-m/fpu\libc_nano.a(lib_a-nano-vfscanf_i.o)
 *(.rodata*)
 .rodata.URL    0x0800ba84        0xe Application\requests\requests.o
                0x0800ba84                URL
 *fill*         0x0800ba92        0x2 
 .rodata.defaultTask_attributes
                0x0800ba94       0x24 Src\freertos.o
                0x0800ba94                defaultTask_attributes
 .rodata.AHBPrescTable
                0x0800bab8       0x10 Src\system_stm32f4xx.o
                0x0800bab8                AHBPrescTable
 .rodata.APBPrescTable
                0x0800bac8        0x8 Src\system_stm32f4xx.o
                0x0800bac8                APBPrescTable
 .rodata._setlocale_r.str1.1
                0x0800bad0        0x8 c:/program files (x86)/atollic/truestudio for stm32 9.3.0/armtools/bin/../lib/gcc/arm-atollic-eabi/6.3.1/../../../../arm-atollic-eabi/lib/armv7e-m/fpu\libc_nano.a(lib_a-locale.o)
                                  0x9 (size before relaxing)
 .rodata.str1.1
                0x0800bad8        0x2 c:/program files (x86)/atollic/truestudio for stm32 9.3.0/armtools/bin/../lib/gcc/arm-atollic-eabi/6.3.1/../../../../arm-atollic-eabi/lib/armv7e-m/fpu\libc_nano.a(lib_a-locale.o)
 *fill*         0x0800bada        0x2 
 .rodata.DAYS_IN_MONTH
                0x0800badc       0x30 c:/program files (x86)/atollic/truestudio for stm32 9.3.0/armtools/bin/../lib/gcc/arm-atollic-eabi/6.3.1/../../../../arm-atollic-eabi/lib/armv7e-m/fpu\libc_nano.a(lib_a-mktime.o)
 .rodata._DAYS_BEFORE_MONTH
                0x0800bb0c       0x30 c:/program files (x86)/atollic/truestudio for stm32 9.3.0/armtools/bin/../lib/gcc/arm-atollic-eabi/6.3.1/../../../../arm-atollic-eabi/lib/armv7e-m/fpu\libc_nano.a(lib_a-mktime.o)
 .rodata.__month_lengths
                0x0800bb3c       0x60 c:/program files (x86)/atollic/truestudio for stm32 9.3.0/armtools/bin/../lib/gcc/arm-atollic-eabi/6.3.1/../../../../arm-atollic-eabi/lib/armv7e-m/fpu\libc_nano.a(lib_a-month_lengths.o)
                0x0800bb3c                __month_lengths
 .rodata._tzset_unlocked_r.str1.1
                0x0800bb9c       0x3c c:/program files (x86)/atollic/truestudio for stm32 9.3.0/armtools/bin/../lib/gcc/arm-atollic-eabi/6.3.1/../../../../arm-atollic-eabi/lib/armv7e-m/fpu\libc_nano.a(lib_a-tzset_r.o)
                                 0x4e (size before relaxing)
 .rodata.str1.1
                0x0800bbd8        0x4 c:/program files (x86)/atollic/truestudio for stm32 9.3.0/armtools/bin/../lib/gcc/arm-atollic-eabi/6.3.1/../../../../arm-atollic-eabi/lib/armv7e-m/fpu\libc_nano.a(lib_a-tzvars.o)
 .rodata._ctype_
                0x0800bbd8      0x101 c:/program files (x86)/atollic/truestudio for stm32 9.3.0/armtools/bin/../lib/gcc/arm-atollic-eabi/6.3.1/../../../../arm-atollic-eabi/lib/armv7e-m/fpu\libc_nano.a(lib_a-ctype_.o)
                0x0800bbd8                _ctype_
 .rodata._svfprintf_r.str1.1
                0x0800bcd9       0x11 c:/program files (x86)/atollic/truestudio for stm32 9.3.0/armtools/bin/../lib/gcc/arm-atollic-eabi/6.3.1/../../../../arm-atollic-eabi/lib/armv7e-m/fpu\libc_nano.a(lib_a-nano-svfprintf.o)
 .rodata._printf_i.str1.1
                0x0800bcea       0x22 c:/program files (x86)/atollic/truestudio for stm32 9.3.0/armtools/bin/../lib/gcc/arm-atollic-eabi/6.3.1/../../../../arm-atollic-eabi/lib/armv7e-m/fpu\libc_nano.a(lib_a-nano-vfprintf_i.o)
 .rodata.__ssvfscanf_r.str1.1
                0x0800bd0c        0x4 c:/program files (x86)/atollic/truestudio for stm32 9.3.0/armtools/bin/../lib/gcc/arm-atollic-eabi/6.3.1/../../../../arm-atollic-eabi/lib/armv7e-m/fpu\libc_nano.a(lib_a-nano-svfscanf.o)
 .rodata._scanf_i.str1.1
                0x0800bd0c       0x12 c:/program files (x86)/atollic/truestudio for stm32 9.3.0/armtools/bin/../lib/gcc/arm-atollic-eabi/6.3.1/../../../../arm-atollic-eabi/lib/armv7e-m/fpu\libc_nano.a(lib_a-nano-vfscanf_i.o)
 .rodata.str1.1
                0x0800bd1e        0x9 c:/program files (x86)/atollic/truestudio for stm32 9.3.0/armtools/bin/../lib/gcc/arm-atollic-eabi/6.3.1/../../../../arm-atollic-eabi/lib/armv7e-m/fpu\libc_nano.a(lib_a-nano-vfscanf_i.o)
 *fill*         0x0800bd27        0x1 
 .rodata.__sf_fake_stderr
                0x0800bd28       0x20 c:/program files (x86)/atollic/truestudio for stm32 9.3.0/armtools/bin/../lib/gcc/arm-atollic-eabi/6.3.1/../../../../arm-atollic-eabi/lib/armv7e-m/fpu\libc_nano.a(lib_a-findfp.o)
                0x0800bd28                __sf_fake_stderr
 .rodata.__sf_fake_stdin
                0x0800bd48       0x20 c:/program files (x86)/atollic/truestudio for stm32 9.3.0/armtools/bin/../lib/gcc/arm-atollic-eabi/6.3.1/../../../../arm-atollic-eabi/lib/armv7e-m/fpu\libc_nano.a(lib_a-findfp.o)
                0x0800bd48                __sf_fake_stdin
 .rodata.__sf_fake_stdout
                0x0800bd68       0x20 c:/program files (x86)/atollic/truestudio for stm32 9.3.0/armtools/bin/../lib/gcc/arm-atollic-eabi/6.3.1/../../../../arm-atollic-eabi/lib/armv7e-m/fpu\libc_nano.a(lib_a-findfp.o)
                0x0800bd68                __sf_fake_stdout
                0x0800bd88                . = ALIGN (0x4)

.ARM.extab
 *(.ARM.extab* .gnu.linkonce.armextab.*)

.ARM            0x0800bd88        0x8
                0x0800bd88                __exidx_start = .
 *(.ARM.exidx*)
 .ARM.exidx     0x0800bd88        0x8 c:/program files (x86)/atollic/truestudio for stm32 9.3.0/armtools/bin/../lib/gcc/arm-atollic-eabi/6.3.1/armv7e-m/fpu\libgcc.a(_udivmoddi4.o)
                0x0800bd90                __exidx_end = .

.rel.dyn        0x0800bd90        0x0
 .rel.iplt      0x0800bd90        0x0 c:/program files (x86)/atollic/truestudio for stm32 9.3.0/armtools/bin/../lib/gcc/arm-atollic-eabi/6.3.1/armv7e-m/fpu/crtbegin.o

.preinit_array  0x0800bd90        0x0
                0x0800bd90                PROVIDE (__preinit_array_start, .)
 *(.preinit_array*)
                0x0800bd90                PROVIDE (__preinit_array_end, .)

.init_array     0x0800bd90        0x4
                0x0800bd90                PROVIDE (__init_array_start, .)
 *(SORT(.init_array.*))
 *(.init_array*)
 .init_array    0x0800bd90        0x4 c:/program files (x86)/atollic/truestudio for stm32 9.3.0/armtools/bin/../lib/gcc/arm-atollic-eabi/6.3.1/armv7e-m/fpu/crtbegin.o
                0x0800bd94                PROVIDE (__init_array_end, .)

.fini_array     0x0800bd94        0x4
                [!provide]                PROVIDE (__fini_array_start, .)
 *(SORT(.fini_array.*))
 *(.fini_array*)
 .fini_array    0x0800bd94        0x4 c:/program files (x86)/atollic/truestudio for stm32 9.3.0/armtools/bin/../lib/gcc/arm-atollic-eabi/6.3.1/armv7e-m/fpu/crtbegin.o
                [!provide]                PROVIDE (__fini_array_end, .)
                0x0800bd98                _sidata = LOADADDR (.data)

.data           0x20000000      0x228 load address 0x0800bd98
                0x20000000                . = ALIGN (0x4)
                0x20000000                _sdata = .
 *(.data)
 *(.data*)
 .data.uwTickFreq
                0x20000000        0x1 Drivers\STM32F4xx_HAL_Driver\Src\stm32f4xx_hal.o
                0x20000000                uwTickFreq
 *fill*         0x20000001        0x3 
 .data.uxCriticalNesting
                0x20000004        0x4 Middlewares\Third_Party\FreeRTOS\Source\portable\GCC\ARM_CM4F\port.o
 .data.environ  0x20000008        0x4 Src\syscalls.o
                0x20000008                environ
 .data.SystemCoreClock
                0x2000000c        0x4 Src\system_stm32f4xx.o
                0x2000000c                SystemCoreClock
 .data._impure_ptr
                0x20000010        0x4 c:/program files (x86)/atollic/truestudio for stm32 9.3.0/armtools/bin/../lib/gcc/arm-atollic-eabi/6.3.1/../../../../arm-atollic-eabi/lib/armv7e-m/fpu\libc_nano.a(lib_a-impure.o)
                0x20000010                _impure_ptr
 .data.impure_data
                0x20000014       0x60 c:/program files (x86)/atollic/truestudio for stm32 9.3.0/armtools/bin/../lib/gcc/arm-atollic-eabi/6.3.1/../../../../arm-atollic-eabi/lib/armv7e-m/fpu\libc_nano.a(lib_a-impure.o)
 .data.__global_locale
                0x20000074      0x16c c:/program files (x86)/atollic/truestudio for stm32 9.3.0/armtools/bin/../lib/gcc/arm-atollic-eabi/6.3.1/../../../../arm-atollic-eabi/lib/armv7e-m/fpu\libc_nano.a(lib_a-locale.o)
                0x20000074                __global_locale
 .data._tzname  0x200001e0        0x8 c:/program files (x86)/atollic/truestudio for stm32 9.3.0/armtools/bin/../lib/gcc/arm-atollic-eabi/6.3.1/../../../../arm-atollic-eabi/lib/armv7e-m/fpu\libc_nano.a(lib_a-tzvars.o)
                0x200001e0                _tzname
 .data.tzinfo   0x200001e8       0x40 c:/program files (x86)/atollic/truestudio for stm32 9.3.0/armtools/bin/../lib/gcc/arm-atollic-eabi/6.3.1/../../../../arm-atollic-eabi/lib/armv7e-m/fpu\libc_nano.a(lib_a-gettzinfo.o)
                0x20000228                . = ALIGN (0x4)
                0x20000228                _edata = .
                0x0800bfc0                _siccmram = LOADADDR (.ccmram)

.igot.plt       0x20000228        0x0 load address 0x0800bfc0
 .igot.plt      0x20000228        0x0 c:/program files (x86)/atollic/truestudio for stm32 9.3.0/armtools/bin/../lib/gcc/arm-atollic-eabi/6.3.1/armv7e-m/fpu/crtbegin.o

.ccmram         0x10000000        0x0 load address 0x0800bfc0
                0x10000000                . = ALIGN (0x4)
                0x10000000                _sccmram = .
 *(.ccmram)
 *(.ccmram*)
                0x10000000                . = ALIGN (0x4)
                0x10000000                _eccmram = .
                0x10000000                . = ALIGN (0x4)

.bss            0x20000228    0x190fc
                0x20000228                _sbss = .
                0x20000228                __bss_start__ = _sbss
 *(.bss)
 .bss           0x20000228       0x1c c:/program files (x86)/atollic/truestudio for stm32 9.3.0/armtools/bin/../lib/gcc/arm-atollic-eabi/6.3.1/armv7e-m/fpu/crtbegin.o
 *(.bss*)
 .bss.tg        0x20000244      0x400 Application\engine\telegram.o
 .bss.delay     0x20000644        0x4 Application\esp8266\esp8266.o
 .bss.KernelState
                0x20000648        0x4 Middlewares\Third_Party\FreeRTOS\Source\CMSIS_RTOS_V2\cmsis_os2.o
 .bss.Idle_TCB  0x2000064c       0x5c Middlewares\Third_Party\FreeRTOS\Source\CMSIS_RTOS_V2\cmsis_os2.o
 .bss.Idle_Stack
                0x200006a8      0x200 Middlewares\Third_Party\FreeRTOS\Source\CMSIS_RTOS_V2\cmsis_os2.o
 .bss.Timer_TCB
                0x200008a8       0x5c Middlewares\Third_Party\FreeRTOS\Source\CMSIS_RTOS_V2\cmsis_os2.o
 .bss.Timer_Stack
                0x20000904      0x400 Middlewares\Third_Party\FreeRTOS\Source\CMSIS_RTOS_V2\cmsis_os2.o
 .bss.ucMaxSysCallPriority
                0x20000d04        0x1 Middlewares\Third_Party\FreeRTOS\Source\portable\GCC\ARM_CM4F\port.o
 *fill*         0x20000d05        0x3 
 .bss.ulMaxPRIGROUPValue
                0x20000d08        0x4 Middlewares\Third_Party\FreeRTOS\Source\portable\GCC\ARM_CM4F\port.o
 .bss.ucHeap    0x20000d0c     0x7800 Middlewares\Third_Party\FreeRTOS\Source\portable\MemMang\heap_4.o
 .bss.xStart    0x2000850c        0x8 Middlewares\Third_Party\FreeRTOS\Source\portable\MemMang\heap_4.o
 .bss.pxEnd     0x20008514        0x4 Middlewares\Third_Party\FreeRTOS\Source\portable\MemMang\heap_4.o
 .bss.xFreeBytesRemaining
                0x20008518        0x4 Middlewares\Third_Party\FreeRTOS\Source\portable\MemMang\heap_4.o
 .bss.xMinimumEverFreeBytesRemaining
                0x2000851c        0x4 Middlewares\Third_Party\FreeRTOS\Source\portable\MemMang\heap_4.o
 .bss.xBlockAllocatedBit
                0x20008520        0x4 Middlewares\Third_Party\FreeRTOS\Source\portable\MemMang\heap_4.o
 .bss.pxCurrentTCB
                0x20008524        0x4 Middlewares\Third_Party\FreeRTOS\Source\tasks.o
                0x20008524                pxCurrentTCB
 .bss.pxReadyTasksLists
                0x20008528      0x460 Middlewares\Third_Party\FreeRTOS\Source\tasks.o
 .bss.xDelayedTaskList1
                0x20008988       0x14 Middlewares\Third_Party\FreeRTOS\Source\tasks.o
 .bss.xDelayedTaskList2
                0x2000899c       0x14 Middlewares\Third_Party\FreeRTOS\Source\tasks.o
 .bss.pxDelayedTaskList
                0x200089b0        0x4 Middlewares\Third_Party\FreeRTOS\Source\tasks.o
 .bss.pxOverflowDelayedTaskList
                0x200089b4        0x4 Middlewares\Third_Party\FreeRTOS\Source\tasks.o
 .bss.xPendingReadyList
                0x200089b8       0x14 Middlewares\Third_Party\FreeRTOS\Source\tasks.o
 .bss.xTasksWaitingTermination
                0x200089cc       0x14 Middlewares\Third_Party\FreeRTOS\Source\tasks.o
 .bss.uxDeletedTasksWaitingCleanUp
                0x200089e0        0x4 Middlewares\Third_Party\FreeRTOS\Source\tasks.o
 .bss.xSuspendedTaskList
                0x200089e4       0x14 Middlewares\Third_Party\FreeRTOS\Source\tasks.o
 .bss.uxCurrentNumberOfTasks
                0x200089f8        0x4 Middlewares\Third_Party\FreeRTOS\Source\tasks.o
 .bss.xTickCount
                0x200089fc        0x4 Middlewares\Third_Party\FreeRTOS\Source\tasks.o
 .bss.uxTopReadyPriority
                0x20008a00        0x4 Middlewares\Third_Party\FreeRTOS\Source\tasks.o
 .bss.xSchedulerRunning
                0x20008a04        0x4 Middlewares\Third_Party\FreeRTOS\Source\tasks.o
 .bss.uxPendedTicks
                0x20008a08        0x4 Middlewares\Third_Party\FreeRTOS\Source\tasks.o
 .bss.xYieldPending
                0x20008a0c        0x4 Middlewares\Third_Party\FreeRTOS\Source\tasks.o
 .bss.xNumOfOverflows
                0x20008a10        0x4 Middlewares\Third_Party\FreeRTOS\Source\tasks.o
 .bss.uxTaskNumber
                0x20008a14        0x4 Middlewares\Third_Party\FreeRTOS\Source\tasks.o
 .bss.xNextTaskUnblockTime
                0x20008a18        0x4 Middlewares\Third_Party\FreeRTOS\Source\tasks.o
 .bss.xIdleTaskHandle
                0x20008a1c        0x4 Middlewares\Third_Party\FreeRTOS\Source\tasks.o
 .bss.uxSchedulerSuspended
                0x20008a20        0x4 Middlewares\Third_Party\FreeRTOS\Source\tasks.o
 .bss.xActiveTimerList1
                0x20008a24       0x14 Middlewares\Third_Party\FreeRTOS\Source\timers.o
 .bss.xActiveTimerList2
                0x20008a38       0x14 Middlewares\Third_Party\FreeRTOS\Source\timers.o
 .bss.pxCurrentTimerList
                0x20008a4c        0x4 Middlewares\Third_Party\FreeRTOS\Source\timers.o
 .bss.pxOverflowTimerList
                0x20008a50        0x4 Middlewares\Third_Party\FreeRTOS\Source\timers.o
 .bss.xTimerQueue
                0x20008a54        0x4 Middlewares\Third_Party\FreeRTOS\Source\timers.o
 .bss.xTimerTaskHandle
                0x20008a58        0x4 Middlewares\Third_Party\FreeRTOS\Source\timers.o
 .bss.xLastTime.6599
                0x20008a5c        0x4 Middlewares\Third_Party\FreeRTOS\Source\timers.o
 .bss.ucStaticTimerQueueStorage.6650