core_cm4.h:1676:26:__NVIC_GetPriorityGrouping	4	static
core_cm4.h:1688:22:__NVIC_EnableIRQ	16	static
core_cm4.h:1816:22:__NVIC_SetPriority	16	static
core_cm4.h:1863:26:NVIC_EncodePriority	40	static
stm32f4xx_ll_gpio.h:772:26:LL_GPIO_ReadInputPort	16	static
stm32f4xx_ll_usart.h:409:22:LL_USART_Enable	16	static
stm32f4xx_ll_usart.h:1478:22:LL_USART_ConfigAsyncMode	16	static
stm32f4xx_ll_usart.h:1791:26:LL_USART_IsActiveFlag_RXNE	16	static
stm32f4xx_ll_usart.h:1802:26:LL_USART_IsActiveFlag_TC	16	static
stm32f4xx_ll_usart.h:1978:22:LL_USART_ClearFlag_RXNE	16	static
stm32f4xx_ll_usart.h:2034:22:LL_USART_EnableIT_RXNE	16	static
stm32f4xx_ll_usart.h:2402:25:LL_USART_ReceiveData8	16	static
stm32f4xx_ll_usart.h:2425:22:LL_USART_TransmitData8	16	static
uart3.c:16:6:UART3_Init	72	static
uart3.c:54:6:Sensor_UpdateGpioInit	32	static
uart3.c:64:9:Sensor_GpioValue	8	static
uart3.c:69:6:UART3_SendData_byte	16	static
uart3.c:75:6:UART3_SendData	24	static
uart3.c:83:6:UART3_CharReception_Callback	16	static
uart3.c:91:13:Error_Callback	4	static
uart3.c:96:6:USART3_IRQHandler	8	static
