stm32f4xx_ll_rcc.h:2989:22:LL_RCC_HSI_Enable	4	static
stm32f4xx_ll_rcc.h:3009:26:LL_RCC_HSI_IsReady	4	static
stm32f4xx_ll_rcc.h:3035:22:LL_RCC_HSI_SetCalibTrimming	16	static
stm32f4xx_ll_rcc.h:3145:22:LL_RCC_LSI_Enable	4	static
stm32f4xx_ll_rcc.h:3165:26:LL_RCC_LSI_IsReady	4	static
stm32f4xx_ll_rcc.h:3190:22:LL_RCC_SetSysClkSource	16	static
stm32f4xx_ll_rcc.h:3206:26:LL_RCC_GetSysClkSource	4	static
stm32f4xx_ll_rcc.h:3226:22:LL_RCC_SetAHBPrescaler	16	static
stm32f4xx_ll_rcc.h:3242:22:LL_RCC_SetAPB1Prescaler	16	static
stm32f4xx_ll_rcc.h:3258:22:LL_RCC_SetAPB2Prescaler	16	static
stm32f4xx_ll_rcc.h:3986:22:LL_RCC_SetRTCClockSource	16	static
stm32f4xx_ll_rcc.h:4010:22:LL_RCC_EnableRTC	4	static
stm32f4xx_ll_rcc.h:4040:22:LL_RCC_ForceBackupDomainReset	4	static
stm32f4xx_ll_rcc.h:4050:22:LL_RCC_ReleaseBackupDomainReset	4	static
stm32f4xx_ll_rcc.h:4186:22:LL_RCC_PLL_Enable	4	static
stm32f4xx_ll_rcc.h:4207:26:LL_RCC_PLL_IsReady	4	static
stm32f4xx_ll_rcc.h:4306:22:LL_RCC_PLL_ConfigDomain_SYS	24	static
stm32f4xx_ll_bus.h:411:22:LL_AHB1_GRP1_EnableClock	24	static
stm32f4xx_ll_bus.h:1187:22:LL_APB1_GRP1_EnableClock	24	static
stm32f4xx_ll_system.h:1542:22:LL_FLASH_SetLatency	16	static
stm32f4xx_ll_system.h:1568:26:LL_FLASH_GetLatency	4	static
stm32f4xx_ll_pwr.h:507:22:LL_PWR_SetRegulVoltageScaling	16	static
stm32f4xx_ll_pwr.h:560:22:LL_PWR_EnableBkUpAccess	4	static
main.c:16:5:main	8	static
main.c:55:6:SystemClock_Config	8	static
main.c:100:6:HAL_TIM_PeriodElapsedCallback	16	static
main.c:107:6:Error_Handler	4	static
